[07-08 15:34:46] ==== ACT IN-DIST @max_steps=500 (10K & 30K, all suites) START 16 procs  [RAM 220G] ====
[07-08 15:34:46] START Long 30000 shard-A (tasks 0..4 max_steps=500)
[07-08 15:34:46] START Spatial 30000 shard-B (tasks 5..9 max_steps=500)
[07-08 15:34:46] START Object 10000 shard-A (tasks 0..4 max_steps=500)
[07-08 15:34:46] START Object 30000 shard-A (tasks 0..4 max_steps=500)
[07-08 15:34:46] START Long 10000 shard-A (tasks 0..4 max_steps=500)
[07-08 15:34:46] START Object 10000 shard-B (tasks 5..9 max_steps=500)
[07-08 15:34:46] START Long 10000 shard-B (tasks 5..9 max_steps=500)
[07-08 15:34:46] START Spatial 10000 shard-B (tasks 5..9 max_steps=500)
[07-08 15:34:46] START Object 30000 shard-B (tasks 5..9 max_steps=500)
[07-08 15:34:46] START Long 30000 shard-B (tasks 5..9 max_steps=500)
[07-08 15:34:46] START Spatial 30000 shard-A (tasks 0..4 max_steps=500)
[07-08 15:34:46] START Spatial 10000 shard-A (tasks 0..4 max_steps=500)
[07-08 15:34:46] START Goal 30000 shard-A (tasks 0..4 max_steps=500)
[07-08 15:34:46] START Goal 10000 shard-B (tasks 5..9 max_steps=500)
[07-08 15:34:46] START Goal 30000 shard-B (tasks 5..9 max_steps=500)
[07-08 15:34:46] START Goal 10000 shard-A (tasks 0..4 max_steps=500)
[07-08 17:04:28] DONE  Object 30000 shard-B  (89min)
[07-08 17:10:02] DONE  Goal 30000 shard-B  (95min)
[07-08 17:10:51] DONE  Object 10000 shard-B  (96min)
[07-08 17:17:05] DONE  Goal 10000 shard-B  (102min)
[07-08 17:17:11] DONE  Goal 30000 shard-A  (102min)
[07-08 17:17:41] DONE  Goal 10000 shard-A  (102min)
[07-08 17:19:00] DONE  Spatial 30000 shard-A  (104min)
[07-08 17:21:22] DONE  Object 30000 shard-A  (106min)
[07-08 17:27:55] DONE  Spatial 10000 shard-A  (113min)
[07-08 17:45:14] DONE  Object 10000 shard-A  (130min)
[07-08 17:47:22] DONE  Spatial 30000 shard-B  (132min)
[07-08 18:00:20] DONE  Spatial 10000 shard-B  (145min)
[07-08 18:00:56] DONE  Long 30000 shard-A  (146min)
[07-08 18:03:06] DONE  Long 30000 shard-B  (148min)
[07-08 18:06:38] DONE  Long 10000 shard-A  (151min)
[07-08 18:07:06] DONE  Long 10000 shard-B  (152min)
[07-08 18:07:06] ==== ALL ACT IN-DIST @500 DONE ====
