[train] head=flow variant=baseline seed=0 out=../Spatial/runs/flow_s0
`torch_dtype` is deprecated! Use `dtype` instead!
Loading  HuggingFaceTB/SmolVLM2-500M-Video-Instruct weights ...
Loading weights:   0%|          | 0/489 [00:00<?, ?it/s]Loading weights: 100%|██████████| 489/489 [00:00<00:00, 6633.62it/s]
Reducing the number of VLM layers to 16 ...
Fetching 4 files:   0%|          | 0/4 [00:00<?, ?it/s]Fetching 4 files: 100%|██████████| 4/4 [00:00<00:00, 9631.01it/s]
Fetching 4 files:   0%|          | 0/4 [00:00<?, ?it/s]Fetching 4 files: 100%|██████████| 4/4 [00:00<00:00, 5050.34it/s]
[train] dataset frames=52970 episodes=432 -> 1 epoch = 1104 steps @ batch 48
[train] planned frames seen = 720000 = 13.59 epochs

=== stage1 | steps=1650 batch=48 trainable: head=99.88M backbone=0.0M ===
[stage1] step    199 | mse=0.6735 L1=0.4092 PH=0.0000 total=0.6735 | VRAM=12.8GB | 0.313s/it
[stage1] step    399 | mse=0.4845 L1=0.3338 PH=0.0000 total=0.4845 | VRAM=12.8GB | 0.313s/it
[stage1] step    599 | mse=0.4544 L1=0.3180 PH=0.0000 total=0.4544 | VRAM=12.8GB | 1.289s/it
[stage1] step    799 | mse=0.4395 L1=0.3096 PH=0.0000 total=0.4395 | VRAM=12.8GB | 2.086s/it
[stage1] step    999 | mse=0.4244 L1=0.3043 PH=0.0000 total=0.4244 | VRAM=12.8GB | 5.895s/it
[stage1] step   1199 | mse=0.4136 L1=0.2998 PH=0.0000 total=0.4136 | VRAM=12.8GB | 4.238s/it
[stage1] step   1399 | mse=0.4063 L1=0.2938 PH=0.0000 total=0.4063 | VRAM=12.8GB | 2.404s/it
[stage1] step   1599 | mse=0.3952 L1=0.2912 PH=0.0000 total=0.3952 | VRAM=12.8GB | 0.318s/it
[ckpt] saved -> ../Spatial/runs/flow_s0/checkpoints/1650  (EMA weights)
LlamaModel does not expose input embeddings. Gradients cannot flow back to the token embeddings when using adapters or gradient checkpointing. Override `get_input_embeddings` to fully support those features, or set `_input_embed_layer` to the attribute name that holds the embeddings.

=== stage2 | steps=13350 batch=48 trainable: head=99.88M backbone=350.2M ===
[stage2] step   1849 | mse=0.3895 L1=0.2902 PH=0.0000 total=0.3895 | VRAM=53.6GB | 0.671s/it
[stage2] step   2049 | mse=0.3746 L1=0.2866 PH=0.0000 total=0.3746 | VRAM=53.6GB | 0.717s/it
[stage2] step   2249 | mse=0.3596 L1=0.2814 PH=0.0000 total=0.3596 | VRAM=53.6GB | 0.677s/it
[stage2] step   2449 | mse=0.3464 L1=0.2749 PH=0.0000 total=0.3464 | VRAM=53.6GB | 0.698s/it
[stage2] step   2649 | mse=0.3283 L1=0.2692 PH=0.0000 total=0.3283 | VRAM=53.6GB | 0.712s/it
[stage2] step   2849 | mse=0.3070 L1=0.2587 PH=0.0000 total=0.3070 | VRAM=53.6GB | 4.364s/it
[stage2] step   3049 | mse=0.2898 L1=0.2532 PH=0.0000 total=0.2898 | VRAM=53.6GB | 3.267s/it
[stage2] step   3249 | mse=0.2747 L1=0.2467 PH=0.0000 total=0.2747 | VRAM=53.6GB | 3.648s/it
[stage2] step   3449 | mse=0.2598 L1=0.2394 PH=0.0000 total=0.2598 | VRAM=53.6GB | 2.915s/it
[stage2] step   3649 | mse=0.2454 L1=0.2320 PH=0.0000 total=0.2454 | VRAM=53.6GB | 2.005s/it
[stage2] step   3849 | mse=0.2307 L1=0.2255 PH=0.0000 total=0.2307 | VRAM=53.6GB | 1.692s/it
[stage2] step   4049 | mse=0.2155 L1=0.2199 PH=0.0000 total=0.2155 | VRAM=53.6GB | 0.670s/it
[stage2] step   4249 | mse=0.2062 L1=0.2145 PH=0.0000 total=0.2062 | VRAM=53.6GB | 0.795s/it
[stage2] step   4449 | mse=0.1975 L1=0.2081 PH=0.0000 total=0.1975 | VRAM=53.6GB | 1.407s/it
[stage2] step   4649 | mse=0.1905 L1=0.2064 PH=0.0000 total=0.1905 | VRAM=53.6GB | 1.523s/it
[stage2] step   4849 | mse=0.1844 L1=0.2005 PH=0.0000 total=0.1844 | VRAM=53.6GB | 1.833s/it
[stage2] step   5049 | mse=0.1770 L1=0.1975 PH=0.0000 total=0.1770 | VRAM=53.6GB | 0.675s/it
[stage2] step   5249 | mse=0.1685 L1=0.1946 PH=0.0000 total=0.1685 | VRAM=53.6GB | 0.675s/it
[stage2] step   5449 | mse=0.1637 L1=0.1900 PH=0.0000 total=0.1637 | VRAM=53.6GB | 0.676s/it
[stage2] step   5649 | mse=0.1583 L1=0.1900 PH=0.0000 total=0.1583 | VRAM=53.6GB | 0.675s/it
[stage2] step   5849 | mse=0.1587 L1=0.1868 PH=0.0000 total=0.1587 | VRAM=53.6GB | 0.677s/it
[stage2] step   6049 | mse=0.1514 L1=0.1842 PH=0.0000 total=0.1514 | VRAM=53.6GB | 0.680s/it
[stage2] step   6249 | mse=0.1453 L1=0.1793 PH=0.0000 total=0.1453 | VRAM=53.6GB | 0.676s/it
[stage2] step   6449 | mse=0.1434 L1=0.1816 PH=0.0000 total=0.1434 | VRAM=53.6GB | 0.676s/it
[stage2] step   6649 | mse=0.1398 L1=0.1779 PH=0.0000 total=0.1398 | VRAM=53.6GB | 0.672s/it
[stage2] step   6849 | mse=0.1363 L1=0.1754 PH=0.0000 total=0.1363 | VRAM=53.6GB | 0.670s/it
[stage2] step   7049 | mse=0.1349 L1=0.1748 PH=0.0000 total=0.1349 | VRAM=53.6GB | 0.670s/it
[stage2] step   7249 | mse=0.1323 L1=0.1730 PH=0.0000 total=0.1323 | VRAM=53.6GB | 0.671s/it
[stage2] step   7449 | mse=0.1303 L1=0.1700 PH=0.0000 total=0.1303 | VRAM=53.6GB | 0.672s/it
[stage2] step   7649 | mse=0.1271 L1=0.1708 PH=0.0000 total=0.1271 | VRAM=53.6GB | 0.672s/it
[stage2] step   7849 | mse=0.1254 L1=0.1679 PH=0.0000 total=0.1254 | VRAM=53.6GB | 0.670s/it
[stage2] step   8049 | mse=0.1220 L1=0.1664 PH=0.0000 total=0.1220 | VRAM=53.6GB | 0.670s/it
[stage2] step   8249 | mse=0.1222 L1=0.1677 PH=0.0000 total=0.1222 | VRAM=53.6GB | 0.672s/it
[stage2] step   8449 | mse=0.1168 L1=0.1642 PH=0.0000 total=0.1168 | VRAM=53.6GB | 0.671s/it
[stage2] step   8649 | mse=0.1175 L1=0.1648 PH=0.0000 total=0.1175 | VRAM=53.6GB | 0.671s/it
[stage2] step   8849 | mse=0.1168 L1=0.1622 PH=0.0000 total=0.1168 | VRAM=53.6GB | 0.669s/it
[stage2] step   9049 | mse=0.1151 L1=0.1617 PH=0.0000 total=0.1151 | VRAM=53.6GB | 0.670s/it
[stage2] step   9249 | mse=0.1123 L1=0.1604 PH=0.0000 total=0.1123 | VRAM=53.6GB | 0.672s/it
[stage2] step   9449 | mse=0.1096 L1=0.1604 PH=0.0000 total=0.1096 | VRAM=53.6GB | 0.806s/it
[stage2] step   9649 | mse=0.1080 L1=0.1585 PH=0.0000 total=0.1080 | VRAM=53.6GB | 0.808s/it
[stage2] step   9849 | mse=0.1081 L1=0.1591 PH=0.0000 total=0.1081 | VRAM=53.6GB | 0.713s/it
[stage2] step  10049 | mse=0.1079 L1=0.1562 PH=0.0000 total=0.1079 | VRAM=53.6GB | 0.686s/it
[stage2] step  10249 | mse=0.1062 L1=0.1564 PH=0.0000 total=0.1062 | VRAM=53.6GB | 0.680s/it
[stage2] step  10449 | mse=0.1042 L1=0.1551 PH=0.0000 total=0.1042 | VRAM=53.6GB | 0.809s/it
[stage2] step  10649 | mse=0.1044 L1=0.1541 PH=0.0000 total=0.1044 | VRAM=53.6GB | 0.791s/it
[stage2] step  10849 | mse=0.0991 L1=0.1554 PH=0.0000 total=0.0991 | VRAM=53.6GB | 0.750s/it
[stage2] step  11049 | mse=0.1003 L1=0.1524 PH=0.0000 total=0.1003 | VRAM=53.6GB | 0.803s/it
[stage2] step  11249 | mse=0.0999 L1=0.1538 PH=0.0000 total=0.0999 | VRAM=53.6GB | 0.813s/it
[stage2] step  11449 | mse=0.1018 L1=0.1505 PH=0.0000 total=0.1018 | VRAM=53.6GB | 0.691s/it
[stage2] step  11649 | mse=0.0983 L1=0.1515 PH=0.0000 total=0.0983 | VRAM=53.6GB | 3.393s/it
[stage2] step  11849 | mse=0.0941 L1=0.1514 PH=0.0000 total=0.0941 | VRAM=53.6GB | 3.588s/it
[stage2] step  12049 | mse=0.0971 L1=0.1486 PH=0.0000 total=0.0971 | VRAM=53.6GB | 3.623s/it
[stage2] step  12249 | mse=0.0938 L1=0.1526 PH=0.0000 total=0.0938 | VRAM=53.6GB | 3.814s/it
[stage2] step  12449 | mse=0.0944 L1=0.1494 PH=0.0000 total=0.0944 | VRAM=53.6GB | 3.816s/it
[stage2] step  12649 | mse=0.0939 L1=0.1487 PH=0.0000 total=0.0939 | VRAM=53.6GB | 3.960s/it
[stage2] step  12849 | mse=0.0915 L1=0.1469 PH=0.0000 total=0.0915 | VRAM=53.6GB | 0.670s/it
[stage2] step  13049 | mse=0.0883 L1=0.1483 PH=0.0000 total=0.0883 | VRAM=53.6GB | 0.669s/it
[stage2] step  13249 | mse=0.0922 L1=0.1461 PH=0.0000 total=0.0922 | VRAM=53.6GB | 0.670s/it
[stage2] step  13449 | mse=0.0886 L1=0.1492 PH=0.0000 total=0.0886 | VRAM=53.6GB | 0.668s/it
[stage2] step  13649 | mse=0.0898 L1=0.1468 PH=0.0000 total=0.0898 | VRAM=53.6GB | 0.670s/it
[stage2] step  13849 | mse=0.0924 L1=0.1453 PH=0.0000 total=0.0924 | VRAM=53.6GB | 0.670s/it
[stage2] step  14049 | mse=0.0877 L1=0.1458 PH=0.0000 total=0.0877 | VRAM=53.6GB | 0.671s/it
[stage2] step  14249 | mse=0.0865 L1=0.1457 PH=0.0000 total=0.0865 | VRAM=53.6GB | 0.675s/it
[stage2] step  14449 | mse=0.0850 L1=0.1434 PH=0.0000 total=0.0850 | VRAM=53.6GB | 0.730s/it
[stage2] step  14649 | mse=0.0855 L1=0.1466 PH=0.0000 total=0.0855 | VRAM=53.6GB | 0.710s/it
[stage2] step  14849 | mse=0.0850 L1=0.1444 PH=0.0000 total=0.0850 | VRAM=53.6GB | 1.241s/it
[ckpt] saved -> ../Spatial/runs/flow_s0/checkpoints/15000  (EMA weights)

[train] DONE head=flow variant=baseline steps=15000 wall=275.0 min -> ../Spatial/runs/flow_s0
