[train] head=deeponet variant=baseline seed=0 out=../Spatial/runs/m3_s0
`torch_dtype` is deprecated! Use `dtype` instead!
Loading  HuggingFaceTB/SmolVLM2-500M-Video-Instruct weights ...
Loading weights:   0%|          | 0/489 [00:00<?, ?it/s]Loading weights: 100%|██████████| 489/489 [00:00<00:00, 6553.83it/s]
Reducing the number of VLM layers to 16 ...
Loading  HuggingFaceTB/SmolVLM2-500M-Video-Instruct weights ...
Loading weights:   0%|          | 0/489 [00:00<?, ?it/s]Loading weights: 100%|██████████| 489/489 [00:00<00:00, 6180.81it/s]
WARNING:root:Missing key(s) when loading model: {'model.deeponet.trunk.2.bias', 'model.deeponet.pool.blocks.1.ln_kv.bias', 'model.deeponet.trunk.4.weight', 'model.deeponet.pool.blocks.0.ln_q.bias', 'model.deeponet.pool.blocks.0.attn.in_proj_weight', 'model.deeponet.out_mlp.0.bias', 'model.deeponet.trunk.4.bias', 'model.deeponet.pool.blocks.1.attn.in_proj_weight', 'model.deeponet.pool.blocks.0.attn.in_proj_bias', 'model.deeponet.pool.blocks.0.ln2.bias', 'model.deeponet.pool.blocks.0.attn.out_proj.bias', 'model.deeponet.pool.blocks.1.attn.out_proj.weight', 'model.deeponet.pool.blocks.1.ff.0.weight', 'model.deeponet.pool.in_proj.bias', 'model.deeponet.pool.blocks.1.ln2.weight', 'model.deeponet.pool.blocks.2.ln2.weight', 'model.deeponet.pool.blocks.1.attn.out_proj.bias', 'model.deeponet.pool.blocks.2.ff.0.weight', 'model.deeponet.pool.blocks.1.ln_kv.weight', 'model.deeponet.pool.blocks.1.ff.2.bias', 'model.deeponet.pool.blocks.2.ln_q.weight', 'model.deeponet.pool.blocks.0.ff.0.bias', 'model.deeponet.pool.queries', 'model.deeponet.pool.blocks.1.ln_q.weight', 'model.deeponet.pool.blocks.0.ln_kv.weight', 'model.deeponet.pool.blocks.0.ln2.weight', 'model.deeponet.pool.blocks.1.ln2.bias', 'model.deeponet.pool.blocks.2.ln_kv.bias', 'model.deeponet.pool.blocks.2.attn.out_proj.weight', 'model.deeponet.pool.blocks.2.ff.2.bias', 'model.deeponet.pool.blocks.2.ff.0.bias', 'model.deeponet.pool.blocks.0.ff.2.weight', 'model.deeponet.pool.blocks.1.ln_q.bias', 'model.deeponet.pool.blocks.0.ff.2.bias', 'model.deeponet.branch.1.weight', 'model.deeponet.pool.blocks.2.ln2.bias', 'model.deeponet.trunk.2.weight', 'model.deeponet.pool.blocks.0.ff.0.weight', 'model.deeponet.out_bias', 'model.deeponet.pool.blocks.1.ff.0.bias', 'model.deeponet.pool.blocks.2.ff.2.weight', 'model.deeponet.pool.blocks.0.ln_kv.bias', 'model.deeponet.pool.blocks.1.attn.in_proj_bias', 'model.deeponet.branch.3.bias', 'model.deeponet.out_mlp.2.weight', 'model.deeponet.pool.in_proj.weight', 'model.deeponet.pool.blocks.2.attn.out_proj.bias', 'model.deeponet.branch.1.bias', 'model.deeponet.out_mlp.0.weight', 'model.deeponet.out_mlp.2.bias', 'model.deeponet.branch.0.weight', 'model.deeponet.pool.blocks.2.attn.in_proj_weight', 'model.deeponet.pool.blocks.0.ln_q.weight', 'model.deeponet.branch.3.weight', 'model.deeponet.trunk.0.bias', 'model.deeponet.pool.blocks.1.ff.2.weight', 'model.deeponet.pool.blocks.2.ln_kv.weight', 'model.deeponet.pool.blocks.2.ln_q.bias', 'model.deeponet.pool.blocks.2.attn.in_proj_bias', 'model.deeponet.branch.0.bias', 'model.deeponet.trunk.0.weight', 'model.deeponet.pool.blocks.0.attn.out_proj.weight'}
Reducing the number of VLM layers to 16 ...
Fetching 4 files:   0%|          | 0/4 [00:00<?, ?it/s]Fetching 4 files: 100%|██████████| 4/4 [00:00<00:00, 6319.10it/s]
Fetching 4 files:   0%|          | 0/4 [00:00<?, ?it/s]Fetching 4 files: 100%|██████████| 4/4 [00:00<00:00, 11949.58it/s]
[train] dataset frames=52970 episodes=432 -> 1 epoch = 1104 steps @ batch 48
[train] planned frames seen = 720000 = 13.59 epochs

=== stage1 | steps=1650 batch=48 trainable: head=10.40M backbone=0.0M ===
[stage1] step    199 | mse=0.7264 L1=0.7116 PH=0.0000 total=0.7264 | VRAM=9.5GB | 0.282s/it
[stage1] step    399 | mse=0.4779 L1=0.5517 PH=0.0000 total=0.4779 | VRAM=9.5GB | 0.294s/it
[stage1] step    599 | mse=0.4014 L1=0.5009 PH=0.0000 total=0.4014 | VRAM=9.5GB | 0.299s/it
[stage1] step    799 | mse=0.3671 L1=0.4795 PH=0.0000 total=0.3671 | VRAM=9.5GB | 0.278s/it
[stage1] step    999 | mse=0.3488 L1=0.4657 PH=0.0000 total=0.3488 | VRAM=9.5GB | 0.278s/it
[stage1] step   1199 | mse=0.3260 L1=0.4560 PH=0.0000 total=0.3260 | VRAM=9.5GB | 4.832s/it
[stage1] step   1399 | mse=0.3128 L1=0.4444 PH=0.0000 total=0.3128 | VRAM=9.5GB | 4.529s/it
[stage1] step   1599 | mse=0.3027 L1=0.4405 PH=0.0000 total=0.3027 | VRAM=9.5GB | 3.403s/it
[ckpt] saved -> ../Spatial/runs/m3_s0/checkpoints/1650  (EMA weights)

=== stage2 | steps=13350 batch=48 trainable: head=10.40M backbone=350.2M ===
[stage2] step   1849 | mse=0.2813 L1=0.4272 PH=0.0000 total=0.2813 | VRAM=50.3GB | 0.636s/it
[stage2] step   2049 | mse=0.2673 L1=0.4186 PH=0.0000 total=0.2673 | VRAM=50.3GB | 0.636s/it
[stage2] step   2249 | mse=0.2528 L1=0.4111 PH=0.0000 total=0.2528 | VRAM=50.3GB | 0.637s/it
[stage2] step   2449 | mse=0.2298 L1=0.3973 PH=0.0000 total=0.2298 | VRAM=50.3GB | 0.637s/it
[stage2] step   2649 | mse=0.2122 L1=0.3847 PH=0.0000 total=0.2122 | VRAM=50.3GB | 0.636s/it
[stage2] step   2849 | mse=0.1955 L1=0.3750 PH=0.0000 total=0.1955 | VRAM=50.3GB | 3.870s/it
[stage2] step   3049 | mse=0.1765 L1=0.3612 PH=0.0000 total=0.1765 | VRAM=50.3GB | 3.970s/it
[stage2] step   3249 | mse=0.1663 L1=0.3554 PH=0.0000 total=0.1663 | VRAM=50.3GB | 3.239s/it
[stage2] step   3449 | mse=0.1577 L1=0.3473 PH=0.0000 total=0.1577 | VRAM=50.3GB | 2.485s/it
[stage2] step   3649 | mse=0.1488 L1=0.3407 PH=0.0000 total=0.1488 | VRAM=50.3GB | 2.214s/it
[stage2] step   3849 | mse=0.1412 L1=0.3363 PH=0.0000 total=0.1412 | VRAM=50.3GB | 2.114s/it
[stage2] step   4049 | mse=0.1286 L1=0.3251 PH=0.0000 total=0.1286 | VRAM=50.3GB | 0.634s/it
[stage2] step   4249 | mse=0.1247 L1=0.3203 PH=0.0000 total=0.1247 | VRAM=50.3GB | 0.635s/it
[stage2] step   4449 | mse=0.1194 L1=0.3164 PH=0.0000 total=0.1194 | VRAM=50.3GB | 0.635s/it
[stage2] step   4649 | mse=0.1161 L1=0.3114 PH=0.0000 total=0.1161 | VRAM=50.3GB | 0.635s/it
[stage2] step   4849 | mse=0.1120 L1=0.3083 PH=0.0000 total=0.1120 | VRAM=50.3GB | 0.635s/it
[stage2] step   5049 | mse=0.1050 L1=0.3020 PH=0.0000 total=0.1050 | VRAM=50.3GB | 0.633s/it
[stage2] step   5249 | mse=0.1008 L1=0.2963 PH=0.0000 total=0.1008 | VRAM=50.3GB | 0.634s/it
[stage2] step   5449 | mse=0.0990 L1=0.2953 PH=0.0000 total=0.0990 | VRAM=50.3GB | 0.635s/it
[stage2] step   5649 | mse=0.0951 L1=0.2927 PH=0.0000 total=0.0951 | VRAM=50.3GB | 0.635s/it
[stage2] step   5849 | mse=0.0932 L1=0.2908 PH=0.0000 total=0.0932 | VRAM=50.3GB | 0.633s/it
[stage2] step   6049 | mse=0.0907 L1=0.2879 PH=0.0000 total=0.0907 | VRAM=50.3GB | 0.634s/it
[stage2] step   6249 | mse=0.0860 L1=0.2803 PH=0.0000 total=0.0860 | VRAM=50.3GB | 0.635s/it
[stage2] step   6449 | mse=0.0848 L1=0.2811 PH=0.0000 total=0.0848 | VRAM=50.3GB | 0.636s/it
[stage2] step   6649 | mse=0.0820 L1=0.2776 PH=0.0000 total=0.0820 | VRAM=50.3GB | 0.635s/it
[stage2] step   6849 | mse=0.0807 L1=0.2733 PH=0.0000 total=0.0807 | VRAM=50.3GB | 0.633s/it
[stage2] step   7049 | mse=0.0793 L1=0.2761 PH=0.0000 total=0.0793 | VRAM=50.3GB | 0.634s/it
[stage2] step   7249 | mse=0.0773 L1=0.2713 PH=0.0000 total=0.0773 | VRAM=50.3GB | 0.636s/it
[stage2] step   7449 | mse=0.0743 L1=0.2696 PH=0.0000 total=0.0743 | VRAM=50.3GB | 0.635s/it
[stage2] step   7649 | mse=0.0727 L1=0.2683 PH=0.0000 total=0.0727 | VRAM=50.3GB | 0.634s/it
[stage2] step   7849 | mse=0.0711 L1=0.2653 PH=0.0000 total=0.0711 | VRAM=50.3GB | 0.636s/it
[stage2] step   8049 | mse=0.0704 L1=0.2631 PH=0.0000 total=0.0704 | VRAM=50.3GB | 0.636s/it
[stage2] step   8249 | mse=0.0701 L1=0.2654 PH=0.0000 total=0.0701 | VRAM=50.3GB | 0.636s/it
[stage2] step   8449 | mse=0.0671 L1=0.2583 PH=0.0000 total=0.0671 | VRAM=50.3GB | 0.637s/it
[stage2] step   8649 | mse=0.0661 L1=0.2578 PH=0.0000 total=0.0661 | VRAM=50.3GB | 0.637s/it
[stage2] step   8849 | mse=0.0643 L1=0.2590 PH=0.0000 total=0.0643 | VRAM=50.3GB | 0.636s/it
[stage2] step   9049 | mse=0.0636 L1=0.2587 PH=0.0000 total=0.0636 | VRAM=50.3GB | 0.637s/it
[stage2] step   9249 | mse=0.0628 L1=0.2578 PH=0.0000 total=0.0628 | VRAM=50.3GB | 0.638s/it
[stage2] step   9449 | mse=0.0614 L1=0.2548 PH=0.0000 total=0.0614 | VRAM=50.3GB | 0.635s/it
[stage2] step   9649 | mse=0.0590 L1=0.2513 PH=0.0000 total=0.0590 | VRAM=50.3GB | 0.636s/it
[stage2] step   9849 | mse=0.0591 L1=0.2507 PH=0.0000 total=0.0591 | VRAM=50.3GB | 0.638s/it
[stage2] step  10049 | mse=0.0586 L1=0.2521 PH=0.0000 total=0.0586 | VRAM=50.3GB | 0.638s/it
[stage2] step  10249 | mse=0.0584 L1=0.2502 PH=0.0000 total=0.0584 | VRAM=50.3GB | 0.636s/it
[stage2] step  10449 | mse=0.0572 L1=0.2485 PH=0.0000 total=0.0572 | VRAM=50.3GB | 0.638s/it
[stage2] step  10649 | mse=0.0555 L1=0.2469 PH=0.0000 total=0.0555 | VRAM=50.3GB | 0.638s/it
[stage2] step  10849 | mse=0.0547 L1=0.2466 PH=0.0000 total=0.0547 | VRAM=50.3GB | 0.636s/it
[stage2] step  11049 | mse=0.0528 L1=0.2467 PH=0.0000 total=0.0528 | VRAM=50.3GB | 0.636s/it
[stage2] step  11249 | mse=0.0535 L1=0.2445 PH=0.0000 total=0.0535 | VRAM=50.3GB | 0.636s/it
[stage2] step  11449 | mse=0.0525 L1=0.2425 PH=0.0000 total=0.0525 | VRAM=50.3GB | 0.631s/it
[stage2] step  11649 | mse=0.0523 L1=0.2423 PH=0.0000 total=0.0523 | VRAM=50.3GB | 3.988s/it
[stage2] step  11849 | mse=0.0503 L1=0.2403 PH=0.0000 total=0.0503 | VRAM=50.3GB | 3.794s/it
[stage2] step  12049 | mse=0.0499 L1=0.2400 PH=0.0000 total=0.0499 | VRAM=50.3GB | 3.462s/it
[stage2] step  12249 | mse=0.0498 L1=0.2404 PH=0.0000 total=0.0498 | VRAM=50.3GB | 2.624s/it
[stage2] step  12449 | mse=0.0499 L1=0.2385 PH=0.0000 total=0.0499 | VRAM=50.3GB | 1.865s/it
[stage2] step  12649 | mse=0.0485 L1=0.2364 PH=0.0000 total=0.0485 | VRAM=50.3GB | 0.635s/it
[stage2] step  12849 | mse=0.0476 L1=0.2341 PH=0.0000 total=0.0476 | VRAM=50.3GB | 0.633s/it
[stage2] step  13049 | mse=0.0463 L1=0.2337 PH=0.0000 total=0.0463 | VRAM=50.3GB | 0.635s/it
[stage2] step  13249 | mse=0.0462 L1=0.2359 PH=0.0000 total=0.0462 | VRAM=50.3GB | 0.634s/it
[stage2] step  13449 | mse=0.0462 L1=0.2367 PH=0.0000 total=0.0462 | VRAM=50.3GB | 0.635s/it
[stage2] step  13649 | mse=0.0458 L1=0.2323 PH=0.0000 total=0.0458 | VRAM=50.3GB | 0.636s/it
[stage2] step  13849 | mse=0.0450 L1=0.2343 PH=0.0000 total=0.0450 | VRAM=50.3GB | 0.634s/it
[stage2] step  14049 | mse=0.0442 L1=0.2310 PH=0.0000 total=0.0442 | VRAM=50.3GB | 0.640s/it
[stage2] step  14249 | mse=0.0436 L1=0.2310 PH=0.0000 total=0.0436 | VRAM=50.3GB | 0.636s/it
[stage2] step  14449 | mse=0.0434 L1=0.2300 PH=0.0000 total=0.0434 | VRAM=50.3GB | 0.633s/it
[stage2] step  14649 | mse=0.0438 L1=0.2300 PH=0.0000 total=0.0438 | VRAM=50.3GB | 0.633s/it
[stage2] step  14849 | mse=0.0424 L1=0.2294 PH=0.0000 total=0.0424 | VRAM=50.3GB | 0.636s/it
[ckpt] saved -> ../Spatial/runs/m3_s0/checkpoints/15000  (EMA weights)

[train] DONE head=deeponet variant=baseline steps=15000 wall=265.9 min -> ../Spatial/runs/m3_s0
