[train] head=deeponet variant=ph seed=2 out=runs/m4v2_s2
`torch_dtype` is deprecated! Use `dtype` instead!
Loading  HuggingFaceTB/SmolVLM2-500M-Video-Instruct weights ...
Loading weights:   0%|          | 0/489 [00:00<?, ?it/s]Loading weights: 100%|██████████| 489/489 [00:00<00:00, 7002.32it/s]
Reducing the number of VLM layers to 16 ...
Loading  HuggingFaceTB/SmolVLM2-500M-Video-Instruct weights ...
Loading weights:   0%|          | 0/489 [00:00<?, ?it/s]Loading weights: 100%|██████████| 489/489 [00:00<00:00, 6225.25it/s]
WARNING:root:Missing key(s) when loading model: {'model.deeponet.pool.blocks.0.ln_q.bias', 'model.deeponet.pool.blocks.0.ff.2.bias', 'model.deeponet.out_mlp.0.weight', 'model.deeponet.pool.blocks.0.ln2.bias', 'model.deeponet.pool.in_proj.bias', 'model.deeponet.pool.blocks.2.ln2.weight', 'model.deeponet.out_bias', 'model.deeponet.pool.blocks.2.ff.0.weight', 'model.deeponet.pool.blocks.0.attn.in_proj_bias', 'model.deeponet.pool.blocks.0.ln_kv.weight', 'model.deeponet.trunk.4.weight', 'model.deeponet.pool.blocks.0.ff.0.weight', 'model.deeponet.branch.1.weight', 'model.deeponet.pool.blocks.1.ln_q.bias', 'model.deeponet.trunk.4.bias', 'model.deeponet.trunk.2.bias', 'model.deeponet.pool.blocks.0.ff.0.bias', 'model.deeponet.branch.3.bias', 'model.deeponet.pool.in_proj.weight', 'model.deeponet.pool.blocks.1.ln_q.weight', 'model.deeponet.pool.blocks.1.ff.2.weight', 'model.deeponet.trunk.0.bias', 'model.deeponet.pool.blocks.0.ln_kv.bias', 'model.deeponet.pool.blocks.2.ln2.bias', 'model.deeponet.pool.blocks.2.ff.2.weight', 'model.deeponet.branch.3.weight', 'model.deeponet.pool.blocks.1.ln2.weight', 'model.deeponet.pool.blocks.1.attn.in_proj_bias', 'model.deeponet.trunk.0.weight', 'model.deeponet.pool.blocks.0.ln2.weight', 'model.deeponet.pool.blocks.0.attn.out_proj.weight', 'model.deeponet.pool.blocks.2.ln_kv.bias', 'model.deeponet.pool.blocks.1.attn.out_proj.weight', 'model.deeponet.branch.0.weight', 'model.deeponet.branch.0.bias', 'model.deeponet.pool.blocks.2.attn.in_proj_bias', 'model.deeponet.pool.blocks.2.attn.out_proj.weight', 'model.deeponet.pool.blocks.1.ff.0.bias', 'model.deeponet.pool.blocks.2.ff.2.bias', 'model.deeponet.branch.1.bias', 'model.deeponet.pool.blocks.1.ff.2.bias', 'model.deeponet.out_mlp.0.bias', 'model.deeponet.out_mlp.2.bias', 'model.deeponet.pool.blocks.0.ff.2.weight', 'model.deeponet.pool.blocks.1.ln_kv.bias', 'model.deeponet.pool.blocks.1.attn.out_proj.bias', 'model.deeponet.pool.blocks.1.ln_kv.weight', 'model.deeponet.pool.blocks.1.attn.in_proj_weight', 'model.deeponet.pool.blocks.2.ln_q.bias', 'model.deeponet.pool.blocks.1.ln2.bias', 'model.deeponet.trunk.2.weight', 'model.deeponet.pool.blocks.2.ff.0.bias', 'model.deeponet.pool.blocks.2.attn.in_proj_weight', 'model.deeponet.pool.blocks.2.ln_kv.weight', 'model.deeponet.pool.queries', 'model.deeponet.pool.blocks.0.ln_q.weight', 'model.deeponet.pool.blocks.0.attn.in_proj_weight', 'model.deeponet.out_mlp.2.weight', 'model.deeponet.pool.blocks.2.ln_q.weight', 'model.deeponet.pool.blocks.0.attn.out_proj.bias', 'model.deeponet.pool.blocks.1.ff.0.weight', 'model.deeponet.pool.blocks.2.attn.out_proj.bias'}
Reducing the number of VLM layers to 16 ...
Fetching 4 files:   0%|          | 0/4 [00:00<?, ?it/s]Fetching 4 files: 100%|██████████| 4/4 [00:00<00:00, 6074.30it/s]
Fetching 4 files:   0%|          | 0/4 [00:00<?, ?it/s]Fetching 4 files: 100%|██████████| 4/4 [00:00<00:00, 4373.62it/s]
[train] dataset frames=52970 episodes=432 -> 1 epoch = 1104 steps @ batch 48
[train] planned frames seen = 398400 = 7.52 epochs

=== stage1 | steps=1650 batch=48 trainable: head=10.40M backbone=0.0M ===
[stage1] step    199 | mse=0.7563 L1=0.7328 PH=2.5924 total=0.8082 | VRAM=9.5GB | 0.278s/it
[stage1] step    399 | mse=0.5030 L1=0.5804 PH=1.2253 total=0.5275 | VRAM=9.5GB | 0.279s/it
[stage1] step    599 | mse=0.4177 L1=0.5140 PH=1.0706 total=0.4391 | VRAM=9.5GB | 0.279s/it
[stage1] step    799 | mse=0.3780 L1=0.4850 PH=1.0139 total=0.3983 | VRAM=9.5GB | 0.278s/it
[stage1] step    999 | mse=0.3568 L1=0.4714 PH=0.9962 total=0.3767 | VRAM=9.5GB | 0.278s/it
[stage1] step   1199 | mse=0.3358 L1=0.4609 PH=0.9472 total=0.3548 | VRAM=9.5GB | 6.876s/it
[stage1] step   1399 | mse=0.3172 L1=0.4509 PH=0.9279 total=0.3358 | VRAM=9.5GB | 6.378s/it
[stage1] step   1599 | mse=0.3064 L1=0.4418 PH=0.8871 total=0.3241 | VRAM=9.5GB | 6.663s/it
[ckpt] saved -> runs/m4v2_s2/checkpoints/1650  (EMA weights)

=== stage2 | steps=6650 batch=48 trainable: head=10.40M backbone=350.2M ===
[stage2] step   1849 | mse=0.2857 L1=0.4306 PH=0.8442 total=0.3026 | VRAM=50.3GB | 0.636s/it
[stage2] step   2049 | mse=0.2722 L1=0.4235 PH=0.8326 total=0.2889 | VRAM=50.3GB | 0.638s/it
[stage2] step   2249 | mse=0.2519 L1=0.4134 PH=0.7835 total=0.2675 | VRAM=50.3GB | 0.637s/it
[stage2] step   2449 | mse=0.2372 L1=0.4026 PH=0.7535 total=0.2523 | VRAM=50.3GB | 0.638s/it
[stage2] step   2649 | mse=0.2196 L1=0.3939 PH=0.7304 total=0.2342 | VRAM=50.3GB | 0.637s/it
[stage2] step   2849 | mse=0.1983 L1=0.3782 PH=0.6610 total=0.2116 | VRAM=50.3GB | 3.769s/it
[stage2] step   3049 | mse=0.1816 L1=0.3679 PH=0.6214 total=0.1940 | VRAM=50.3GB | 2.997s/it
[stage2] step   3249 | mse=0.1730 L1=0.3604 PH=0.5883 total=0.1848 | VRAM=50.3GB | 2.909s/it
[stage2] step   3449 | mse=0.1629 L1=0.3495 PH=0.5703 total=0.1743 | VRAM=50.3GB | 2.502s/it
[stage2] step   3649 | mse=0.1556 L1=0.3465 PH=0.5496 total=0.1666 | VRAM=50.3GB | 1.778s/it
[stage2] step   3849 | mse=0.1468 L1=0.3365 PH=0.5222 total=0.1572 | VRAM=50.3GB | 0.635s/it
[stage2] step   4049 | mse=0.1344 L1=0.3253 PH=0.4777 total=0.1440 | VRAM=50.3GB | 0.633s/it
[stage2] step   4249 | mse=0.1314 L1=0.3223 PH=0.4666 total=0.1408 | VRAM=50.3GB | 0.634s/it
[stage2] step   4449 | mse=0.1238 L1=0.3148 PH=0.4533 total=0.1329 | VRAM=50.3GB | 0.635s/it
[stage2] step   4649 | mse=0.1194 L1=0.3095 PH=0.4439 total=0.1282 | VRAM=50.3GB | 0.635s/it
[ckpt] saved -> runs/m4v2_s2/checkpoints/4650  (EMA weights)
[stage2] step   4849 | mse=0.1151 L1=0.3054 PH=0.4316 total=0.1238 | VRAM=50.3GB | 0.636s/it
[stage2] step   5049 | mse=0.1090 L1=0.2986 PH=0.4068 total=0.1172 | VRAM=50.3GB | 0.633s/it
[stage2] step   5249 | mse=0.1059 L1=0.2935 PH=0.3983 total=0.1138 | VRAM=50.3GB | 0.634s/it
[stage2] step   5449 | mse=0.1021 L1=0.2901 PH=0.3897 total=0.1099 | VRAM=50.3GB | 0.633s/it
[stage2] step   5649 | mse=0.0995 L1=0.2855 PH=0.3781 total=0.1070 | VRAM=50.3GB | 0.635s/it
[stage2] step   5849 | mse=0.0962 L1=0.2828 PH=0.3764 total=0.1038 | VRAM=50.3GB | 0.635s/it
[stage2] step   6049 | mse=0.0939 L1=0.2790 PH=0.3702 total=0.1013 | VRAM=50.3GB | 0.635s/it
[stage2] step   6249 | mse=0.0900 L1=0.2751 PH=0.3485 total=0.0970 | VRAM=50.3GB | 0.638s/it
[stage2] step   6449 | mse=0.0873 L1=0.2704 PH=0.3455 total=0.0943 | VRAM=50.3GB | 0.927s/it
[stage2] step   6649 | mse=0.0863 L1=0.2687 PH=0.3466 total=0.0932 | VRAM=50.3GB | 1.329s/it
[stage2] step   6849 | mse=0.0836 L1=0.2660 PH=0.3323 total=0.0902 | VRAM=50.3GB | 1.322s/it
[stage2] step   7049 | mse=0.0833 L1=0.2645 PH=0.3263 total=0.0898 | VRAM=50.3GB | 2.110s/it
[stage2] step   7249 | mse=0.0809 L1=0.2595 PH=0.3232 total=0.0873 | VRAM=50.3GB | 0.637s/it
[stage2] step   7449 | mse=0.0772 L1=0.2578 PH=0.3196 total=0.0836 | VRAM=50.3GB | 0.637s/it
[stage2] step   7649 | mse=0.0767 L1=0.2565 PH=0.3102 total=0.0829 | VRAM=50.3GB | 0.638s/it
[ckpt] saved -> runs/m4v2_s2/checkpoints/7650  (EMA weights)
[stage2] step   7849 | mse=0.0745 L1=0.2535 PH=0.3094 total=0.0807 | VRAM=50.3GB | 0.636s/it
[stage2] step   8049 | mse=0.0736 L1=0.2504 PH=0.2988 total=0.0796 | VRAM=50.3GB | 0.634s/it
[stage2] step   8249 | mse=0.0728 L1=0.2501 PH=0.3017 total=0.0788 | VRAM=50.3GB | 0.636s/it
[ckpt] saved -> runs/m4v2_s2/checkpoints/8300  (EMA weights)

[train] DONE head=deeponet variant=ph steps=8300 wall=144.2 min -> runs/m4v2_s2
