[train] head=deeponet variant=baseline seed=3 out=runs/m3v2_s3
`torch_dtype` is deprecated! Use `dtype` instead!
Loading  HuggingFaceTB/SmolVLM2-500M-Video-Instruct weights ...
Loading weights:   0%|          | 0/489 [00:00<?, ?it/s]Loading weights: 100%|██████████| 489/489 [00:00<00:00, 6682.83it/s]
Reducing the number of VLM layers to 16 ...
Loading  HuggingFaceTB/SmolVLM2-500M-Video-Instruct weights ...
Loading weights:   0%|          | 0/489 [00:00<?, ?it/s]Loading weights: 100%|██████████| 489/489 [00:00<00:00, 6522.17it/s]
WARNING:root:Missing key(s) when loading model: {'model.deeponet.pool.blocks.0.ln2.bias', 'model.deeponet.pool.blocks.1.ln_kv.bias', 'model.deeponet.branch.1.bias', 'model.deeponet.pool.blocks.2.ff.2.bias', 'model.deeponet.pool.blocks.0.attn.out_proj.weight', 'model.deeponet.pool.blocks.2.ff.0.weight', 'model.deeponet.pool.blocks.2.ln_kv.bias', 'model.deeponet.pool.blocks.2.attn.in_proj_bias', 'model.deeponet.pool.blocks.0.ln_kv.bias', 'model.deeponet.pool.blocks.0.attn.out_proj.bias', 'model.deeponet.pool.blocks.1.attn.out_proj.weight', 'model.deeponet.pool.blocks.2.attn.out_proj.bias', 'model.deeponet.branch.0.weight', 'model.deeponet.pool.blocks.1.ln_kv.weight', 'model.deeponet.pool.blocks.0.ff.0.bias', 'model.deeponet.pool.blocks.2.ln2.bias', 'model.deeponet.out_bias', 'model.deeponet.trunk.0.weight', 'model.deeponet.branch.0.bias', 'model.deeponet.pool.blocks.1.ln_q.weight', 'model.deeponet.out_mlp.0.bias', 'model.deeponet.pool.blocks.1.attn.out_proj.bias', 'model.deeponet.pool.in_proj.weight', 'model.deeponet.pool.blocks.1.attn.in_proj_weight', 'model.deeponet.pool.blocks.1.ff.2.bias', 'model.deeponet.pool.blocks.1.ff.2.weight', 'model.deeponet.pool.blocks.1.ln2.weight', 'model.deeponet.trunk.2.bias', 'model.deeponet.branch.3.weight', 'model.deeponet.branch.1.weight', 'model.deeponet.pool.blocks.0.ln_q.weight', 'model.deeponet.trunk.4.weight', 'model.deeponet.pool.blocks.1.attn.in_proj_bias', 'model.deeponet.pool.blocks.0.attn.in_proj_weight', 'model.deeponet.pool.blocks.1.ln2.bias', 'model.deeponet.pool.blocks.2.attn.out_proj.weight', 'model.deeponet.pool.blocks.2.ln_q.bias', 'model.deeponet.trunk.4.bias', 'model.deeponet.pool.blocks.2.ln_q.weight', 'model.deeponet.pool.blocks.0.ln_q.bias', 'model.deeponet.pool.blocks.2.attn.in_proj_weight', 'model.deeponet.pool.blocks.2.ln2.weight', 'model.deeponet.pool.blocks.0.ff.2.bias', 'model.deeponet.pool.blocks.0.ff.2.weight', 'model.deeponet.out_mlp.2.bias', 'model.deeponet.pool.blocks.2.ln_kv.weight', 'model.deeponet.pool.blocks.1.ff.0.bias', 'model.deeponet.pool.blocks.0.attn.in_proj_bias', 'model.deeponet.pool.blocks.1.ff.0.weight', 'model.deeponet.trunk.0.bias', 'model.deeponet.branch.3.bias', 'model.deeponet.pool.blocks.0.ln2.weight', 'model.deeponet.pool.blocks.0.ff.0.weight', 'model.deeponet.pool.blocks.1.ln_q.bias', 'model.deeponet.out_mlp.0.weight', 'model.deeponet.pool.blocks.2.ff.2.weight', 'model.deeponet.pool.in_proj.bias', 'model.deeponet.pool.blocks.2.ff.0.bias', 'model.deeponet.trunk.2.weight', 'model.deeponet.pool.blocks.0.ln_kv.weight', 'model.deeponet.pool.queries', 'model.deeponet.out_mlp.2.weight'}
Reducing the number of VLM layers to 16 ...
Fetching 4 files:   0%|          | 0/4 [00:00<?, ?it/s]Fetching 4 files: 100%|██████████| 4/4 [00:00<00:00, 29852.70it/s]
Fetching 4 files:   0%|          | 0/4 [00:00<?, ?it/s]Fetching 4 files: 100%|██████████| 4/4 [00:00<00:00, 7615.62it/s]
[train] dataset frames=52970 episodes=432 -> 1 epoch = 1104 steps @ batch 48
[train] planned frames seen = 398400 = 7.52 epochs

=== stage1 | steps=1650 batch=48 trainable: head=10.40M backbone=0.0M ===
[stage1] step    199 | mse=0.7351 L1=0.7220 PH=0.0000 total=0.7351 | VRAM=9.5GB | 0.277s/it
[stage1] step    399 | mse=0.5076 L1=0.5679 PH=0.0000 total=0.5076 | VRAM=9.5GB | 0.278s/it
[stage1] step    599 | mse=0.4140 L1=0.5106 PH=0.0000 total=0.4140 | VRAM=9.5GB | 0.278s/it
[stage1] step    799 | mse=0.3769 L1=0.4857 PH=0.0000 total=0.3769 | VRAM=9.5GB | 0.277s/it
[stage1] step    999 | mse=0.3530 L1=0.4729 PH=0.0000 total=0.3530 | VRAM=9.5GB | 0.277s/it
[stage1] step   1199 | mse=0.3363 L1=0.4638 PH=0.0000 total=0.3363 | VRAM=9.5GB | 5.750s/it
[stage1] step   1399 | mse=0.3150 L1=0.4524 PH=0.0000 total=0.3150 | VRAM=9.5GB | 5.496s/it
[stage1] step   1599 | mse=0.3077 L1=0.4452 PH=0.0000 total=0.3077 | VRAM=9.5GB | 2.217s/it
[ckpt] saved -> runs/m3v2_s3/checkpoints/1650  (EMA weights)

=== stage2 | steps=6650 batch=48 trainable: head=10.40M backbone=350.2M ===
[stage2] step   1849 | mse=0.2844 L1=0.4326 PH=0.0000 total=0.2844 | VRAM=50.3GB | 0.637s/it
[stage2] step   2049 | mse=0.2749 L1=0.4256 PH=0.0000 total=0.2749 | VRAM=50.3GB | 0.635s/it
[stage2] step   2249 | mse=0.2587 L1=0.4153 PH=0.0000 total=0.2587 | VRAM=50.3GB | 0.634s/it
[stage2] step   2449 | mse=0.2383 L1=0.4070 PH=0.0000 total=0.2383 | VRAM=50.3GB | 0.635s/it
[stage2] step   2649 | mse=0.2248 L1=0.3981 PH=0.0000 total=0.2248 | VRAM=50.3GB | 0.636s/it
[stage2] step   2849 | mse=0.2040 L1=0.3857 PH=0.0000 total=0.2040 | VRAM=50.3GB | 3.737s/it
[stage2] step   3049 | mse=0.1867 L1=0.3731 PH=0.0000 total=0.1867 | VRAM=50.3GB | 2.171s/it
[stage2] step   3249 | mse=0.1766 L1=0.3662 PH=0.0000 total=0.1766 | VRAM=50.3GB | 0.636s/it
[stage2] step   3449 | mse=0.1656 L1=0.3582 PH=0.0000 total=0.1656 | VRAM=50.3GB | 0.635s/it
[stage2] step   3649 | mse=0.1559 L1=0.3512 PH=0.0000 total=0.1559 | VRAM=50.3GB | 0.636s/it
[stage2] step   3849 | mse=0.1476 L1=0.3428 PH=0.0000 total=0.1476 | VRAM=50.3GB | 0.635s/it
[stage2] step   4049 | mse=0.1333 L1=0.3338 PH=0.0000 total=0.1333 | VRAM=50.3GB | 1.396s/it
[stage2] step   4249 | mse=0.1286 L1=0.3277 PH=0.0000 total=0.1286 | VRAM=50.3GB | 1.821s/it
[stage2] step   4449 | mse=0.1252 L1=0.3236 PH=0.0000 total=0.1252 | VRAM=50.3GB | 1.020s/it
[stage2] step   4649 | mse=0.1186 L1=0.3176 PH=0.0000 total=0.1186 | VRAM=50.3GB | 1.054s/it
[ckpt] saved -> runs/m3v2_s3/checkpoints/4650  (EMA weights)
[stage2] step   4849 | mse=0.1154 L1=0.3165 PH=0.0000 total=0.1154 | VRAM=50.3GB | 1.142s/it
[stage2] step   5049 | mse=0.1087 L1=0.3101 PH=0.0000 total=0.1087 | VRAM=50.3GB | 0.634s/it
[stage2] step   5249 | mse=0.1039 L1=0.3030 PH=0.0000 total=0.1039 | VRAM=50.3GB | 0.633s/it
[stage2] step   5449 | mse=0.1005 L1=0.2988 PH=0.0000 total=0.1005 | VRAM=50.3GB | 0.634s/it
[stage2] step   5649 | mse=0.0983 L1=0.2988 PH=0.0000 total=0.0983 | VRAM=50.3GB | 0.635s/it
[stage2] step   5849 | mse=0.0950 L1=0.2968 PH=0.0000 total=0.0950 | VRAM=50.3GB | 0.635s/it
[stage2] step   6049 | mse=0.0930 L1=0.2908 PH=0.0000 total=0.0930 | VRAM=50.3GB | 0.635s/it
[stage2] step   6249 | mse=0.0877 L1=0.2865 PH=0.0000 total=0.0877 | VRAM=50.3GB | 0.636s/it
[stage2] step   6449 | mse=0.0848 L1=0.2842 PH=0.0000 total=0.0848 | VRAM=50.3GB | 0.635s/it
[stage2] step   6649 | mse=0.0840 L1=0.2849 PH=0.0000 total=0.0840 | VRAM=50.3GB | 0.636s/it
[stage2] step   6849 | mse=0.0834 L1=0.2828 PH=0.0000 total=0.0834 | VRAM=50.3GB | 0.635s/it
[stage2] step   7049 | mse=0.0804 L1=0.2783 PH=0.0000 total=0.0804 | VRAM=50.3GB | 0.635s/it
[stage2] step   7249 | mse=0.0785 L1=0.2771 PH=0.0000 total=0.0785 | VRAM=50.3GB | 0.636s/it
[stage2] step   7449 | mse=0.0752 L1=0.2756 PH=0.0000 total=0.0752 | VRAM=50.3GB | 0.635s/it
[stage2] step   7649 | mse=0.0737 L1=0.2726 PH=0.0000 total=0.0737 | VRAM=50.3GB | 0.633s/it
[ckpt] saved -> runs/m3v2_s3/checkpoints/7650  (EMA weights)
[stage2] step   7849 | mse=0.0734 L1=0.2698 PH=0.0000 total=0.0734 | VRAM=50.3GB | 0.634s/it
[stage2] step   8049 | mse=0.0721 L1=0.2703 PH=0.0000 total=0.0721 | VRAM=50.3GB | 0.634s/it
[stage2] step   8249 | mse=0.0708 L1=0.2693 PH=0.0000 total=0.0708 | VRAM=50.3GB | 0.635s/it
[ckpt] saved -> runs/m3v2_s3/checkpoints/8300  (EMA weights)

[train] DONE head=deeponet variant=baseline steps=8300 wall=144.5 min -> runs/m3v2_s3
