[train] head=deeponet variant=baseline seed=2 out=runs/m3v2_s2
`torch_dtype` is deprecated! Use `dtype` instead!
Loading  HuggingFaceTB/SmolVLM2-500M-Video-Instruct weights ...
Loading weights:   0%|          | 0/489 [00:00<?, ?it/s]Loading weights: 100%|██████████| 489/489 [00:00<00:00, 6675.15it/s]
Reducing the number of VLM layers to 16 ...
Loading  HuggingFaceTB/SmolVLM2-500M-Video-Instruct weights ...
Loading weights:   0%|          | 0/489 [00:00<?, ?it/s]Loading weights: 100%|██████████| 489/489 [00:00<00:00, 6605.14it/s]
WARNING:root:Missing key(s) when loading model: {'model.deeponet.pool.blocks.0.ln2.bias', 'model.deeponet.pool.blocks.2.ln_q.bias', 'model.deeponet.pool.blocks.0.ln2.weight', 'model.deeponet.trunk.4.bias', 'model.deeponet.out_mlp.2.weight', 'model.deeponet.pool.blocks.1.ln_kv.bias', 'model.deeponet.pool.blocks.0.ln_kv.weight', 'model.deeponet.pool.blocks.1.ff.0.bias', 'model.deeponet.branch.1.bias', 'model.deeponet.trunk.0.weight', 'model.deeponet.pool.blocks.2.ff.2.bias', 'model.deeponet.pool.blocks.0.attn.in_proj_bias', 'model.deeponet.pool.blocks.0.ff.0.bias', 'model.deeponet.pool.blocks.0.ln_q.bias', 'model.deeponet.pool.blocks.0.ff.0.weight', 'model.deeponet.pool.blocks.2.attn.out_proj.bias', 'model.deeponet.out_mlp.0.weight', 'model.deeponet.pool.blocks.1.ln2.weight', 'model.deeponet.trunk.4.weight', 'model.deeponet.pool.blocks.1.attn.in_proj_bias', 'model.deeponet.pool.blocks.1.ff.2.weight', 'model.deeponet.pool.in_proj.weight', 'model.deeponet.trunk.2.bias', 'model.deeponet.pool.blocks.0.attn.out_proj.weight', 'model.deeponet.out_bias', 'model.deeponet.pool.blocks.2.attn.out_proj.weight', 'model.deeponet.branch.0.bias', 'model.deeponet.pool.blocks.1.attn.out_proj.weight', 'model.deeponet.pool.blocks.2.ln_kv.bias', 'model.deeponet.pool.in_proj.bias', 'model.deeponet.pool.blocks.1.ff.0.weight', 'model.deeponet.pool.queries', 'model.deeponet.branch.3.bias', 'model.deeponet.pool.blocks.2.attn.in_proj_weight', 'model.deeponet.pool.blocks.2.ln_q.weight', 'model.deeponet.pool.blocks.2.attn.in_proj_bias', 'model.deeponet.pool.blocks.0.attn.out_proj.bias', 'model.deeponet.pool.blocks.2.ln_kv.weight', 'model.deeponet.pool.blocks.1.ln_kv.weight', 'model.deeponet.pool.blocks.1.ln2.bias', 'model.deeponet.pool.blocks.2.ff.0.bias', 'model.deeponet.trunk.0.bias', 'model.deeponet.branch.0.weight', 'model.deeponet.pool.blocks.2.ln2.bias', 'model.deeponet.pool.blocks.0.ff.2.bias', 'model.deeponet.pool.blocks.1.ln_q.weight', 'model.deeponet.out_mlp.2.bias', 'model.deeponet.pool.blocks.1.ff.2.bias', 'model.deeponet.pool.blocks.2.ff.2.weight', 'model.deeponet.out_mlp.0.bias', 'model.deeponet.pool.blocks.1.ln_q.bias', 'model.deeponet.pool.blocks.1.attn.out_proj.bias', 'model.deeponet.pool.blocks.0.ln_q.weight', 'model.deeponet.branch.3.weight', 'model.deeponet.trunk.2.weight', 'model.deeponet.branch.1.weight', 'model.deeponet.pool.blocks.0.ff.2.weight', 'model.deeponet.pool.blocks.1.attn.in_proj_weight', 'model.deeponet.pool.blocks.2.ff.0.weight', 'model.deeponet.pool.blocks.0.ln_kv.bias', 'model.deeponet.pool.blocks.0.attn.in_proj_weight', 'model.deeponet.pool.blocks.2.ln2.weight'}
Reducing the number of VLM layers to 16 ...
Fetching 4 files:   0%|          | 0/4 [00:00<?, ?it/s]Fetching 4 files: 100%|██████████| 4/4 [00:00<00:00, 7178.95it/s]
Fetching 4 files:   0%|          | 0/4 [00:00<?, ?it/s]Fetching 4 files: 100%|██████████| 4/4 [00:00<00:00, 5537.03it/s]
[train] dataset frames=52970 episodes=432 -> 1 epoch = 1104 steps @ batch 48
[train] planned frames seen = 398400 = 7.52 epochs

=== stage1 | steps=1650 batch=48 trainable: head=10.40M backbone=0.0M ===
[stage1] step    199 | mse=0.7180 L1=0.7095 PH=0.0000 total=0.7180 | VRAM=9.5GB | 0.277s/it
[stage1] step    399 | mse=0.4662 L1=0.5503 PH=0.0000 total=0.4662 | VRAM=9.5GB | 0.278s/it
[stage1] step    599 | mse=0.3982 L1=0.5002 PH=0.0000 total=0.3982 | VRAM=9.5GB | 0.277s/it
[stage1] step    799 | mse=0.3629 L1=0.4759 PH=0.0000 total=0.3629 | VRAM=9.5GB | 0.277s/it
[stage1] step    999 | mse=0.3463 L1=0.4667 PH=0.0000 total=0.3463 | VRAM=9.5GB | 0.277s/it
[stage1] step   1199 | mse=0.3262 L1=0.4573 PH=0.0000 total=0.3262 | VRAM=9.5GB | 4.150s/it
[stage1] step   1399 | mse=0.3097 L1=0.4482 PH=0.0000 total=0.3097 | VRAM=9.5GB | 2.153s/it
[stage1] step   1599 | mse=0.3011 L1=0.4385 PH=0.0000 total=0.3011 | VRAM=9.5GB | 3.324s/it
[ckpt] saved -> runs/m3v2_s2/checkpoints/1650  (EMA weights)

=== stage2 | steps=6650 batch=48 trainable: head=10.40M backbone=350.2M ===
[stage2] step   1849 | mse=0.2832 L1=0.4294 PH=0.0000 total=0.2832 | VRAM=50.3GB | 0.637s/it
[stage2] step   2049 | mse=0.2723 L1=0.4240 PH=0.0000 total=0.2723 | VRAM=50.3GB | 0.637s/it
[stage2] step   2249 | mse=0.2549 L1=0.4150 PH=0.0000 total=0.2549 | VRAM=50.3GB | 0.635s/it
[stage2] step   2449 | mse=0.2422 L1=0.4054 PH=0.0000 total=0.2422 | VRAM=50.3GB | 0.636s/it
[stage2] step   2649 | mse=0.2260 L1=0.3979 PH=0.0000 total=0.2260 | VRAM=50.3GB | 0.636s/it
[stage2] step   2849 | mse=0.2039 L1=0.3833 PH=0.0000 total=0.2039 | VRAM=50.3GB | 3.777s/it
[stage2] step   3049 | mse=0.1858 L1=0.3725 PH=0.0000 total=0.1858 | VRAM=50.3GB | 3.896s/it
[stage2] step   3249 | mse=0.1778 L1=0.3673 PH=0.0000 total=0.1778 | VRAM=50.3GB | 3.896s/it
[stage2] step   3449 | mse=0.1653 L1=0.3557 PH=0.0000 total=0.1653 | VRAM=50.3GB | 3.500s/it
[stage2] step   3649 | mse=0.1572 L1=0.3530 PH=0.0000 total=0.1572 | VRAM=50.3GB | 2.979s/it
[stage2] step   3849 | mse=0.1478 L1=0.3431 PH=0.0000 total=0.1478 | VRAM=50.3GB | 2.408s/it
[stage2] step   4049 | mse=0.1349 L1=0.3332 PH=0.0000 total=0.1349 | VRAM=50.3GB | 0.867s/it
[stage2] step   4249 | mse=0.1309 L1=0.3293 PH=0.0000 total=0.1309 | VRAM=50.3GB | 1.227s/it
[stage2] step   4449 | mse=0.1234 L1=0.3249 PH=0.0000 total=0.1234 | VRAM=50.3GB | 1.410s/it
[stage2] step   4649 | mse=0.1189 L1=0.3193 PH=0.0000 total=0.1189 | VRAM=50.3GB | 1.369s/it
[ckpt] saved -> runs/m3v2_s2/checkpoints/4650  (EMA weights)
[stage2] step   4849 | mse=0.1160 L1=0.3171 PH=0.0000 total=0.1160 | VRAM=50.3GB | 1.138s/it
[stage2] step   5049 | mse=0.1072 L1=0.3090 PH=0.0000 total=0.1072 | VRAM=50.3GB | 0.634s/it
[stage2] step   5249 | mse=0.1050 L1=0.3065 PH=0.0000 total=0.1050 | VRAM=50.3GB | 0.635s/it
[stage2] step   5449 | mse=0.1017 L1=0.3026 PH=0.0000 total=0.1017 | VRAM=50.3GB | 0.634s/it
[stage2] step   5649 | mse=0.0988 L1=0.2994 PH=0.0000 total=0.0988 | VRAM=50.3GB | 0.634s/it
[stage2] step   5849 | mse=0.0948 L1=0.2982 PH=0.0000 total=0.0948 | VRAM=50.3GB | 0.635s/it
[stage2] step   6049 | mse=0.0928 L1=0.2934 PH=0.0000 total=0.0928 | VRAM=50.3GB | 0.635s/it
[stage2] step   6249 | mse=0.0878 L1=0.2895 PH=0.0000 total=0.0878 | VRAM=50.3GB | 0.636s/it
[stage2] step   6449 | mse=0.0868 L1=0.2879 PH=0.0000 total=0.0868 | VRAM=50.3GB | 0.635s/it
[stage2] step   6649 | mse=0.0854 L1=0.2860 PH=0.0000 total=0.0854 | VRAM=50.3GB | 0.636s/it
[stage2] step   6849 | mse=0.0817 L1=0.2823 PH=0.0000 total=0.0817 | VRAM=50.3GB | 0.636s/it
[stage2] step   7049 | mse=0.0811 L1=0.2817 PH=0.0000 total=0.0811 | VRAM=50.3GB | 0.633s/it
[stage2] step   7249 | mse=0.0795 L1=0.2768 PH=0.0000 total=0.0795 | VRAM=50.3GB | 0.634s/it
[stage2] step   7449 | mse=0.0751 L1=0.2775 PH=0.0000 total=0.0751 | VRAM=50.3GB | 0.649s/it
[stage2] step   7649 | mse=0.0752 L1=0.2751 PH=0.0000 total=0.0752 | VRAM=50.3GB | 0.636s/it
[ckpt] saved -> runs/m3v2_s2/checkpoints/7650  (EMA weights)
[stage2] step   7849 | mse=0.0728 L1=0.2735 PH=0.0000 total=0.0728 | VRAM=50.3GB | 0.636s/it
[stage2] step   8049 | mse=0.0719 L1=0.2686 PH=0.0000 total=0.0719 | VRAM=50.3GB | 0.636s/it
[stage2] step   8249 | mse=0.0718 L1=0.2703 PH=0.0000 total=0.0718 | VRAM=50.3GB | 0.637s/it
[ckpt] saved -> runs/m3v2_s2/checkpoints/8300  (EMA weights)

[train] DONE head=deeponet variant=baseline steps=8300 wall=144.3 min -> runs/m3v2_s2
