[train] head=deeponet variant=baseline seed=4 out=runs/m3v2_s4
`torch_dtype` is deprecated! Use `dtype` instead!
Loading  HuggingFaceTB/SmolVLM2-500M-Video-Instruct weights ...
Loading weights:   0%|          | 0/489 [00:00<?, ?it/s]Loading weights: 100%|██████████| 489/489 [00:00<00:00, 6302.03it/s]
Reducing the number of VLM layers to 16 ...
Loading  HuggingFaceTB/SmolVLM2-500M-Video-Instruct weights ...
Loading weights:   0%|          | 0/489 [00:00<?, ?it/s]Loading weights: 100%|██████████| 489/489 [00:00<00:00, 6326.35it/s]
WARNING:root:Missing key(s) when loading model: {'model.deeponet.pool.blocks.0.ln_q.weight', 'model.deeponet.pool.blocks.1.ff.2.bias', 'model.deeponet.pool.blocks.2.ln_kv.weight', 'model.deeponet.pool.blocks.0.ln_kv.bias', 'model.deeponet.pool.in_proj.weight', 'model.deeponet.trunk.0.bias', 'model.deeponet.branch.1.bias', 'model.deeponet.trunk.2.weight', 'model.deeponet.branch.0.bias', 'model.deeponet.pool.blocks.2.ln_q.weight', 'model.deeponet.pool.blocks.2.ff.2.weight', 'model.deeponet.branch.3.bias', 'model.deeponet.pool.blocks.0.ff.0.weight', 'model.deeponet.pool.blocks.1.attn.in_proj_bias', 'model.deeponet.pool.blocks.1.ff.2.weight', 'model.deeponet.pool.blocks.2.ff.0.weight', 'model.deeponet.trunk.0.weight', 'model.deeponet.trunk.2.bias', 'model.deeponet.pool.blocks.0.attn.in_proj_weight', 'model.deeponet.pool.blocks.0.ff.0.bias', 'model.deeponet.pool.blocks.0.attn.out_proj.bias', 'model.deeponet.pool.queries', 'model.deeponet.branch.1.weight', 'model.deeponet.pool.blocks.2.attn.in_proj_weight', 'model.deeponet.pool.blocks.0.ln2.weight', 'model.deeponet.pool.blocks.1.ln2.bias', 'model.deeponet.pool.blocks.1.ln_kv.bias', 'model.deeponet.pool.blocks.2.ff.2.bias', 'model.deeponet.out_mlp.0.weight', 'model.deeponet.pool.blocks.2.ff.0.bias', 'model.deeponet.pool.blocks.0.ln2.bias', 'model.deeponet.pool.blocks.1.ff.0.weight', 'model.deeponet.pool.blocks.1.attn.out_proj.bias', 'model.deeponet.pool.blocks.2.attn.out_proj.bias', 'model.deeponet.out_bias', 'model.deeponet.trunk.4.weight', 'model.deeponet.pool.blocks.1.ff.0.bias', 'model.deeponet.trunk.4.bias', 'model.deeponet.out_mlp.2.bias', 'model.deeponet.pool.blocks.0.attn.out_proj.weight', 'model.deeponet.pool.in_proj.bias', 'model.deeponet.pool.blocks.2.ln2.weight', 'model.deeponet.branch.0.weight', 'model.deeponet.out_mlp.0.bias', 'model.deeponet.pool.blocks.0.ff.2.bias', 'model.deeponet.pool.blocks.1.ln_q.bias', 'model.deeponet.pool.blocks.2.ln_q.bias', 'model.deeponet.pool.blocks.0.ff.2.weight', 'model.deeponet.pool.blocks.1.ln_q.weight', 'model.deeponet.pool.blocks.0.ln_kv.weight', 'model.deeponet.pool.blocks.2.ln2.bias', 'model.deeponet.pool.blocks.1.ln_kv.weight', 'model.deeponet.pool.blocks.2.attn.in_proj_bias', 'model.deeponet.pool.blocks.0.attn.in_proj_bias', 'model.deeponet.pool.blocks.2.ln_kv.bias', 'model.deeponet.pool.blocks.1.attn.in_proj_weight', 'model.deeponet.pool.blocks.0.ln_q.bias', 'model.deeponet.pool.blocks.1.ln2.weight', 'model.deeponet.branch.3.weight', 'model.deeponet.pool.blocks.1.attn.out_proj.weight', 'model.deeponet.out_mlp.2.weight', 'model.deeponet.pool.blocks.2.attn.out_proj.weight'}
Reducing the number of VLM layers to 16 ...
Fetching 4 files:   0%|          | 0/4 [00:00<?, ?it/s]Fetching 4 files: 100%|██████████| 4/4 [00:00<00:00, 6525.56it/s]
Fetching 4 files:   0%|          | 0/4 [00:00<?, ?it/s]Fetching 4 files: 100%|██████████| 4/4 [00:00<00:00, 6881.55it/s]
[train] dataset frames=52970 episodes=432 -> 1 epoch = 1104 steps @ batch 48
[train] planned frames seen = 398400 = 7.52 epochs

=== stage1 | steps=1650 batch=48 trainable: head=10.40M backbone=0.0M ===
[stage1] step    199 | mse=0.7085 L1=0.7042 PH=0.0000 total=0.7085 | VRAM=9.5GB | 0.407s/it
[stage1] step    399 | mse=0.4687 L1=0.5490 PH=0.0000 total=0.4687 | VRAM=9.5GB | 0.528s/it
[stage1] step    599 | mse=0.3973 L1=0.5030 PH=0.0000 total=0.3973 | VRAM=9.5GB | 0.436s/it
[stage1] step    799 | mse=0.3631 L1=0.4797 PH=0.0000 total=0.3631 | VRAM=9.5GB | 0.279s/it
[stage1] step    999 | mse=0.3429 L1=0.4666 PH=0.0000 total=0.3429 | VRAM=9.5GB | 0.277s/it
[stage1] step   1199 | mse=0.3222 L1=0.4537 PH=0.0000 total=0.3222 | VRAM=9.5GB | 6.075s/it
[stage1] step   1399 | mse=0.3065 L1=0.4454 PH=0.0000 total=0.3065 | VRAM=9.5GB | 5.461s/it
[stage1] step   1599 | mse=0.2933 L1=0.4375 PH=0.0000 total=0.2933 | VRAM=9.5GB | 5.456s/it
[ckpt] saved -> runs/m3v2_s4/checkpoints/1650  (EMA weights)

=== stage2 | steps=6650 batch=48 trainable: head=10.40M backbone=350.2M ===
[stage2] step   1849 | mse=0.2757 L1=0.4293 PH=0.0000 total=0.2757 | VRAM=50.3GB | 0.635s/it
[stage2] step   2049 | mse=0.2597 L1=0.4159 PH=0.0000 total=0.2597 | VRAM=50.3GB | 0.635s/it
[stage2] step   2249 | mse=0.2398 L1=0.4041 PH=0.0000 total=0.2398 | VRAM=50.3GB | 0.636s/it
[stage2] step   2449 | mse=0.2256 L1=0.3971 PH=0.0000 total=0.2256 | VRAM=50.3GB | 0.636s/it
[stage2] step   2649 | mse=0.2090 L1=0.3867 PH=0.0000 total=0.2090 | VRAM=50.3GB | 0.634s/it
[stage2] step   2849 | mse=0.1877 L1=0.3741 PH=0.0000 total=0.1877 | VRAM=50.3GB | 1.486s/it
[stage2] step   3049 | mse=0.1725 L1=0.3622 PH=0.0000 total=0.1725 | VRAM=50.3GB | 0.633s/it
[stage2] step   3249 | mse=0.1639 L1=0.3551 PH=0.0000 total=0.1639 | VRAM=50.3GB | 0.633s/it
[stage2] step   3449 | mse=0.1533 L1=0.3473 PH=0.0000 total=0.1533 | VRAM=50.3GB | 0.633s/it
[stage2] step   3649 | mse=0.1436 L1=0.3396 PH=0.0000 total=0.1436 | VRAM=50.3GB | 0.631s/it
[stage2] step   3849 | mse=0.1377 L1=0.3310 PH=0.0000 total=0.1377 | VRAM=50.3GB | 0.632s/it
[stage2] step   4049 | mse=0.1281 L1=0.3238 PH=0.0000 total=0.1281 | VRAM=50.3GB | 0.633s/it
[stage2] step   4249 | mse=0.1203 L1=0.3202 PH=0.0000 total=0.1203 | VRAM=50.3GB | 0.635s/it
[stage2] step   4449 | mse=0.1172 L1=0.3129 PH=0.0000 total=0.1172 | VRAM=50.3GB | 0.635s/it
[stage2] step   4649 | mse=0.1133 L1=0.3116 PH=0.0000 total=0.1133 | VRAM=50.3GB | 0.637s/it
[ckpt] saved -> runs/m3v2_s4/checkpoints/4650  (EMA weights)
[stage2] step   4849 | mse=0.1077 L1=0.3043 PH=0.0000 total=0.1077 | VRAM=50.3GB | 0.634s/it
[stage2] step   5049 | mse=0.1024 L1=0.3021 PH=0.0000 total=0.1024 | VRAM=50.3GB | 0.631s/it
[stage2] step   5249 | mse=0.0991 L1=0.2965 PH=0.0000 total=0.0991 | VRAM=50.3GB | 0.637s/it
[stage2] step   5449 | mse=0.0959 L1=0.2934 PH=0.0000 total=0.0959 | VRAM=50.3GB | 0.635s/it
[stage2] step   5649 | mse=0.0941 L1=0.2906 PH=0.0000 total=0.0941 | VRAM=50.3GB | 0.636s/it
[stage2] step   5849 | mse=0.0924 L1=0.2890 PH=0.0000 total=0.0924 | VRAM=50.3GB | 0.631s/it
[stage2] step   6049 | mse=0.0898 L1=0.2865 PH=0.0000 total=0.0898 | VRAM=50.3GB | 0.633s/it
[stage2] step   6249 | mse=0.0847 L1=0.2805 PH=0.0000 total=0.0847 | VRAM=50.3GB | 0.633s/it
[stage2] step   6449 | mse=0.0827 L1=0.2789 PH=0.0000 total=0.0827 | VRAM=50.3GB | 0.635s/it
[stage2] step   6649 | mse=0.0804 L1=0.2744 PH=0.0000 total=0.0804 | VRAM=50.3GB | 0.633s/it
[stage2] step   6849 | mse=0.0793 L1=0.2765 PH=0.0000 total=0.0793 | VRAM=50.3GB | 0.633s/it
[stage2] step   7049 | mse=0.0787 L1=0.2746 PH=0.0000 total=0.0787 | VRAM=50.3GB | 0.634s/it
[stage2] step   7249 | mse=0.0755 L1=0.2705 PH=0.0000 total=0.0755 | VRAM=50.3GB | 0.634s/it
[stage2] step   7449 | mse=0.0738 L1=0.2671 PH=0.0000 total=0.0738 | VRAM=50.3GB | 0.641s/it
[stage2] step   7649 | mse=0.0718 L1=0.2676 PH=0.0000 total=0.0718 | VRAM=50.3GB | 0.634s/it
[ckpt] saved -> runs/m3v2_s4/checkpoints/7650  (EMA weights)
[stage2] step   7849 | mse=0.0713 L1=0.2653 PH=0.0000 total=0.0713 | VRAM=50.3GB | 0.635s/it
[stage2] step   8049 | mse=0.0692 L1=0.2636 PH=0.0000 total=0.0692 | VRAM=50.3GB | 0.636s/it
[stage2] step   8249 | mse=0.0686 L1=0.2643 PH=0.0000 total=0.0686 | VRAM=50.3GB | 0.636s/it
[ckpt] saved -> runs/m3v2_s4/checkpoints/8300  (EMA weights)

[train] DONE head=deeponet variant=baseline steps=8300 wall=154.3 min -> runs/m3v2_s4
