[train] head=deeponet variant=baseline seed=1 out=runs/m3v2_s1
`torch_dtype` is deprecated! Use `dtype` instead!
Loading  HuggingFaceTB/SmolVLM2-500M-Video-Instruct weights ...
Loading weights:   0%|          | 0/489 [00:00<?, ?it/s]Loading weights: 100%|██████████| 489/489 [00:00<00:00, 6372.34it/s]
Reducing the number of VLM layers to 16 ...
Loading  HuggingFaceTB/SmolVLM2-500M-Video-Instruct weights ...
Loading weights:   0%|          | 0/489 [00:00<?, ?it/s]Loading weights: 100%|██████████| 489/489 [00:00<00:00, 5937.24it/s]
WARNING:root:Missing key(s) when loading model: {'model.deeponet.pool.blocks.0.ff.2.weight', 'model.deeponet.pool.blocks.0.ln_q.weight', 'model.deeponet.pool.blocks.0.ln_q.bias', 'model.deeponet.out_bias', 'model.deeponet.branch.3.weight', 'model.deeponet.pool.blocks.1.ff.2.bias', 'model.deeponet.pool.blocks.2.ln_kv.weight', 'model.deeponet.pool.blocks.1.attn.in_proj_bias', 'model.deeponet.branch.1.bias', 'model.deeponet.trunk.0.bias', 'model.deeponet.pool.blocks.1.ff.2.weight', 'model.deeponet.branch.1.weight', 'model.deeponet.pool.blocks.0.ln2.weight', 'model.deeponet.pool.blocks.1.ln_kv.bias', 'model.deeponet.pool.blocks.2.ff.2.weight', 'model.deeponet.pool.blocks.0.ln_kv.weight', 'model.deeponet.out_mlp.0.bias', 'model.deeponet.pool.blocks.1.attn.in_proj_weight', 'model.deeponet.pool.blocks.2.ff.2.bias', 'model.deeponet.pool.blocks.2.ff.0.weight', 'model.deeponet.pool.blocks.0.ff.2.bias', 'model.deeponet.branch.3.bias', 'model.deeponet.pool.queries', 'model.deeponet.pool.blocks.2.ln2.bias', 'model.deeponet.pool.blocks.1.ln_kv.weight', 'model.deeponet.out_mlp.2.weight', 'model.deeponet.pool.blocks.2.ln2.weight', 'model.deeponet.pool.in_proj.bias', 'model.deeponet.pool.blocks.1.attn.out_proj.weight', 'model.deeponet.branch.0.bias', 'model.deeponet.out_mlp.0.weight', 'model.deeponet.pool.blocks.2.ff.0.bias', 'model.deeponet.pool.blocks.0.ff.0.bias', 'model.deeponet.pool.blocks.1.ln2.weight', 'model.deeponet.pool.in_proj.weight', 'model.deeponet.branch.0.weight', 'model.deeponet.pool.blocks.0.attn.in_proj_weight', 'model.deeponet.pool.blocks.0.ff.0.weight', 'model.deeponet.pool.blocks.0.attn.out_proj.weight', 'model.deeponet.pool.blocks.1.ln2.bias', 'model.deeponet.pool.blocks.1.ln_q.bias', 'model.deeponet.pool.blocks.0.attn.out_proj.bias', 'model.deeponet.pool.blocks.2.attn.out_proj.weight', 'model.deeponet.pool.blocks.1.ln_q.weight', 'model.deeponet.pool.blocks.1.ff.0.bias', 'model.deeponet.out_mlp.2.bias', 'model.deeponet.pool.blocks.2.attn.in_proj_weight', 'model.deeponet.trunk.0.weight', 'model.deeponet.pool.blocks.2.ln_q.weight', 'model.deeponet.pool.blocks.2.attn.in_proj_bias', 'model.deeponet.pool.blocks.1.attn.out_proj.bias', 'model.deeponet.trunk.2.weight', 'model.deeponet.pool.blocks.0.ln_kv.bias', 'model.deeponet.pool.blocks.2.ln_kv.bias', 'model.deeponet.pool.blocks.0.ln2.bias', 'model.deeponet.pool.blocks.2.attn.out_proj.bias', 'model.deeponet.pool.blocks.1.ff.0.weight', 'model.deeponet.trunk.2.bias', 'model.deeponet.trunk.4.weight', 'model.deeponet.pool.blocks.0.attn.in_proj_bias', 'model.deeponet.trunk.4.bias', 'model.deeponet.pool.blocks.2.ln_q.bias'}
Reducing the number of VLM layers to 16 ...
Fetching 4 files:   0%|          | 0/4 [00:00<?, ?it/s]Fetching 4 files: 100%|██████████| 4/4 [00:00<00:00, 9325.86it/s]
Fetching 4 files:   0%|          | 0/4 [00:00<?, ?it/s]Fetching 4 files: 100%|██████████| 4/4 [00:00<00:00, 4724.65it/s]
[train] dataset frames=52970 episodes=432 -> 1 epoch = 1104 steps @ batch 48
[train] planned frames seen = 398400 = 7.52 epochs

=== stage1 | steps=1650 batch=48 trainable: head=10.40M backbone=0.0M ===
[stage1] step    199 | mse=0.7224 L1=0.7109 PH=0.0000 total=0.7224 | VRAM=9.5GB | 0.552s/it
[stage1] step    399 | mse=0.4798 L1=0.5548 PH=0.0000 total=0.4798 | VRAM=9.5GB | 0.302s/it
[stage1] step    599 | mse=0.4010 L1=0.5056 PH=0.0000 total=0.4010 | VRAM=9.5GB | 0.303s/it
[stage1] step    799 | mse=0.3618 L1=0.4795 PH=0.0000 total=0.3618 | VRAM=9.5GB | 0.303s/it
[stage1] step    999 | mse=0.3487 L1=0.4708 PH=0.0000 total=0.3487 | VRAM=9.5GB | 0.284s/it
[stage1] step   1199 | mse=0.3283 L1=0.4577 PH=0.0000 total=0.3283 | VRAM=9.5GB | 5.215s/it
[stage1] step   1399 | mse=0.3105 L1=0.4489 PH=0.0000 total=0.3105 | VRAM=9.5GB | 2.601s/it
[stage1] step   1599 | mse=0.2985 L1=0.4385 PH=0.0000 total=0.2985 | VRAM=9.5GB | 0.480s/it
[ckpt] saved -> runs/m3v2_s1/checkpoints/1650  (EMA weights)

=== stage2 | steps=6650 batch=48 trainable: head=10.40M backbone=350.2M ===
[stage2] step   1849 | mse=0.2810 L1=0.4274 PH=0.0000 total=0.2810 | VRAM=50.3GB | 0.652s/it
[stage2] step   2049 | mse=0.2705 L1=0.4236 PH=0.0000 total=0.2705 | VRAM=50.3GB | 0.745s/it
[stage2] step   2249 | mse=0.2566 L1=0.4168 PH=0.0000 total=0.2566 | VRAM=50.3GB | 1.152s/it
[stage2] step   2449 | mse=0.2394 L1=0.4042 PH=0.0000 total=0.2394 | VRAM=50.3GB | 1.154s/it
[stage2] step   2649 | mse=0.2208 L1=0.3958 PH=0.0000 total=0.2208 | VRAM=50.3GB | 1.188s/it
[stage2] step   2849 | mse=0.1996 L1=0.3797 PH=0.0000 total=0.1996 | VRAM=50.3GB | 1.448s/it
[stage2] step   3049 | mse=0.1826 L1=0.3714 PH=0.0000 total=0.1826 | VRAM=50.3GB | 1.267s/it
[stage2] step   3249 | mse=0.1712 L1=0.3601 PH=0.0000 total=0.1712 | VRAM=50.3GB | 3.760s/it
[stage2] step   3449 | mse=0.1612 L1=0.3560 PH=0.0000 total=0.1612 | VRAM=50.3GB | 4.553s/it
[stage2] step   3649 | mse=0.1525 L1=0.3476 PH=0.0000 total=0.1525 | VRAM=50.3GB | 4.008s/it
[stage2] step   3849 | mse=0.1428 L1=0.3396 PH=0.0000 total=0.1428 | VRAM=50.3GB | 4.074s/it
[stage2] step   4049 | mse=0.1305 L1=0.3298 PH=0.0000 total=0.1305 | VRAM=50.3GB | 0.763s/it
[stage2] step   4249 | mse=0.1243 L1=0.3243 PH=0.0000 total=0.1243 | VRAM=50.3GB | 0.638s/it
[stage2] step   4449 | mse=0.1203 L1=0.3200 PH=0.0000 total=0.1203 | VRAM=50.3GB | 0.675s/it
[stage2] step   4649 | mse=0.1146 L1=0.3154 PH=0.0000 total=0.1146 | VRAM=50.3GB | 0.685s/it
[ckpt] saved -> runs/m3v2_s1/checkpoints/4650  (EMA weights)
[stage2] step   4849 | mse=0.1116 L1=0.3140 PH=0.0000 total=0.1116 | VRAM=50.3GB | 0.676s/it
[stage2] step   5049 | mse=0.1054 L1=0.3071 PH=0.0000 total=0.1054 | VRAM=50.3GB | 0.798s/it
[stage2] step   5249 | mse=0.0991 L1=0.3004 PH=0.0000 total=0.0991 | VRAM=50.3GB | 0.634s/it
[stage2] step   5449 | mse=0.0970 L1=0.2960 PH=0.0000 total=0.0970 | VRAM=50.3GB | 0.635s/it
[stage2] step   5649 | mse=0.0951 L1=0.2978 PH=0.0000 total=0.0951 | VRAM=50.3GB | 0.638s/it
[stage2] step   5849 | mse=0.0918 L1=0.2944 PH=0.0000 total=0.0918 | VRAM=50.3GB | 0.637s/it
[stage2] step   6049 | mse=0.0899 L1=0.2905 PH=0.0000 total=0.0899 | VRAM=50.3GB | 0.636s/it
[stage2] step   6249 | mse=0.0846 L1=0.2840 PH=0.0000 total=0.0846 | VRAM=50.3GB | 0.636s/it
[stage2] step   6449 | mse=0.0832 L1=0.2822 PH=0.0000 total=0.0832 | VRAM=50.3GB | 0.635s/it
[stage2] step   6649 | mse=0.0817 L1=0.2829 PH=0.0000 total=0.0817 | VRAM=50.3GB | 0.637s/it
[stage2] step   6849 | mse=0.0796 L1=0.2796 PH=0.0000 total=0.0796 | VRAM=50.3GB | 0.637s/it
[stage2] step   7049 | mse=0.0782 L1=0.2775 PH=0.0000 total=0.0782 | VRAM=50.3GB | 0.636s/it
[stage2] step   7249 | mse=0.0752 L1=0.2754 PH=0.0000 total=0.0752 | VRAM=50.3GB | 0.637s/it
[stage2] step   7449 | mse=0.0715 L1=0.2692 PH=0.0000 total=0.0715 | VRAM=50.3GB | 0.638s/it
[stage2] step   7649 | mse=0.0726 L1=0.2716 PH=0.0000 total=0.0726 | VRAM=50.3GB | 0.636s/it
[ckpt] saved -> runs/m3v2_s1/checkpoints/7650  (EMA weights)
[stage2] step   7849 | mse=0.0712 L1=0.2693 PH=0.0000 total=0.0712 | VRAM=50.3GB | 0.638s/it
[stage2] step   8049 | mse=0.0690 L1=0.2676 PH=0.0000 total=0.0690 | VRAM=50.3GB | 0.637s/it
[stage2] step   8249 | mse=0.0683 L1=0.2666 PH=0.0000 total=0.0683 | VRAM=50.3GB | 0.636s/it
[ckpt] saved -> runs/m3v2_s1/checkpoints/8300  (EMA weights)

[train] DONE head=deeponet variant=baseline steps=8300 wall=154.0 min -> runs/m3v2_s1
