[train] head=deeponet variant=ph seed=1 out=runs/m4v2_s1
`torch_dtype` is deprecated! Use `dtype` instead!
Loading  HuggingFaceTB/SmolVLM2-500M-Video-Instruct weights ...
Loading weights:   0%|          | 0/489 [00:00<?, ?it/s]Loading weights: 100%|██████████| 489/489 [00:00<00:00, 6798.40it/s]
Reducing the number of VLM layers to 16 ...
Loading  HuggingFaceTB/SmolVLM2-500M-Video-Instruct weights ...
Loading weights:   0%|          | 0/489 [00:00<?, ?it/s]Loading weights: 100%|██████████| 489/489 [00:00<00:00, 6150.15it/s]
WARNING:root:Missing key(s) when loading model: {'model.deeponet.pool.blocks.0.attn.in_proj_weight', 'model.deeponet.pool.blocks.0.ff.0.weight', 'model.deeponet.pool.blocks.1.ff.2.weight', 'model.deeponet.pool.blocks.0.ln_kv.weight', 'model.deeponet.pool.blocks.0.ln_kv.bias', 'model.deeponet.branch.1.bias', 'model.deeponet.pool.blocks.2.attn.in_proj_weight', 'model.deeponet.pool.blocks.1.ln_kv.bias', 'model.deeponet.pool.blocks.2.ln_q.weight', 'model.deeponet.pool.blocks.0.ff.2.bias', 'model.deeponet.branch.0.bias', 'model.deeponet.pool.in_proj.weight', 'model.deeponet.pool.in_proj.bias', 'model.deeponet.pool.blocks.0.ln_q.weight', 'model.deeponet.trunk.0.weight', 'model.deeponet.pool.blocks.1.attn.in_proj_bias', 'model.deeponet.pool.blocks.2.ln_kv.bias', 'model.deeponet.pool.blocks.1.attn.out_proj.bias', 'model.deeponet.out_mlp.2.weight', 'model.deeponet.pool.blocks.1.attn.out_proj.weight', 'model.deeponet.out_mlp.2.bias', 'model.deeponet.pool.blocks.0.ff.0.bias', 'model.deeponet.pool.blocks.1.ln_q.bias', 'model.deeponet.branch.1.weight', 'model.deeponet.trunk.4.weight', 'model.deeponet.pool.blocks.1.ff.0.weight', 'model.deeponet.pool.blocks.2.ff.0.weight', 'model.deeponet.pool.blocks.0.ff.2.weight', 'model.deeponet.pool.blocks.0.attn.in_proj_bias', 'model.deeponet.pool.queries', 'model.deeponet.pool.blocks.2.ln_kv.weight', 'model.deeponet.pool.blocks.2.ff.2.bias', 'model.deeponet.branch.3.bias', 'model.deeponet.pool.blocks.0.ln2.weight', 'model.deeponet.pool.blocks.0.attn.out_proj.bias', 'model.deeponet.out_bias', 'model.deeponet.pool.blocks.1.ln_kv.weight', 'model.deeponet.pool.blocks.1.ln2.bias', 'model.deeponet.pool.blocks.2.attn.out_proj.bias', 'model.deeponet.pool.blocks.2.attn.out_proj.weight', 'model.deeponet.pool.blocks.2.ln2.bias', 'model.deeponet.trunk.0.bias', 'model.deeponet.trunk.2.weight', 'model.deeponet.branch.3.weight', 'model.deeponet.pool.blocks.2.ln_q.bias', 'model.deeponet.trunk.2.bias', 'model.deeponet.pool.blocks.0.attn.out_proj.weight', 'model.deeponet.pool.blocks.2.ln2.weight', 'model.deeponet.pool.blocks.2.ff.0.bias', 'model.deeponet.out_mlp.0.bias', 'model.deeponet.trunk.4.bias', 'model.deeponet.pool.blocks.1.ff.0.bias', 'model.deeponet.branch.0.weight', 'model.deeponet.pool.blocks.1.ln_q.weight', 'model.deeponet.pool.blocks.1.ff.2.bias', 'model.deeponet.out_mlp.0.weight', 'model.deeponet.pool.blocks.0.ln2.bias', 'model.deeponet.pool.blocks.2.ff.2.weight', 'model.deeponet.pool.blocks.2.attn.in_proj_bias', 'model.deeponet.pool.blocks.1.attn.in_proj_weight', 'model.deeponet.pool.blocks.0.ln_q.bias', 'model.deeponet.pool.blocks.1.ln2.weight'}
Reducing the number of VLM layers to 16 ...
Fetching 4 files:   0%|          | 0/4 [00:00<?, ?it/s]Fetching 4 files: 100%|██████████| 4/4 [00:00<00:00, 9754.20it/s]
Fetching 4 files:   0%|          | 0/4 [00:00<?, ?it/s]Fetching 4 files: 100%|██████████| 4/4 [00:00<00:00, 9548.79it/s]
[train] dataset frames=52970 episodes=432 -> 1 epoch = 1104 steps @ batch 48
[train] planned frames seen = 398400 = 7.52 epochs

=== stage1 | steps=1650 batch=48 trainable: head=10.40M backbone=0.0M ===
[stage1] step    199 | mse=0.7418 L1=0.7219 PH=3.0550 total=0.8029 | VRAM=9.5GB | 0.279s/it
[stage1] step    399 | mse=0.5052 L1=0.5769 PH=1.3428 total=0.5320 | VRAM=9.5GB | 0.279s/it
[stage1] step    599 | mse=0.4141 L1=0.5123 PH=1.0611 total=0.4353 | VRAM=9.5GB | 0.279s/it
[stage1] step    799 | mse=0.3725 L1=0.4826 PH=1.0005 total=0.3925 | VRAM=9.5GB | 0.279s/it
[stage1] step    999 | mse=0.3578 L1=0.4726 PH=0.9826 total=0.3774 | VRAM=9.5GB | 0.278s/it
[stage1] step   1199 | mse=0.3366 L1=0.4599 PH=0.9308 total=0.3552 | VRAM=9.5GB | 3.232s/it
[stage1] step   1399 | mse=0.3173 L1=0.4496 PH=0.9029 total=0.3353 | VRAM=9.5GB | 0.279s/it
[stage1] step   1599 | mse=0.3060 L1=0.4396 PH=0.8898 total=0.3237 | VRAM=9.5GB | 0.279s/it
[ckpt] saved -> runs/m4v2_s1/checkpoints/1650  (EMA weights)

=== stage2 | steps=6650 batch=48 trainable: head=10.40M backbone=350.2M ===
[stage2] step   1849 | mse=0.2880 L1=0.4294 PH=0.8476 total=0.3050 | VRAM=50.3GB | 0.637s/it
[stage2] step   2049 | mse=0.2785 L1=0.4253 PH=0.8416 total=0.2953 | VRAM=50.3GB | 0.637s/it
[stage2] step   2249 | mse=0.2647 L1=0.4175 PH=0.8074 total=0.2809 | VRAM=50.3GB | 0.637s/it
[stage2] step   2449 | mse=0.2499 L1=0.4076 PH=0.7777 total=0.2654 | VRAM=50.3GB | 0.637s/it
[stage2] step   2649 | mse=0.2308 L1=0.3971 PH=0.7382 total=0.2456 | VRAM=50.3GB | 0.637s/it
[stage2] step   2849 | mse=0.2091 L1=0.3820 PH=0.7010 total=0.2232 | VRAM=50.3GB | 4.395s/it
[stage2] step   3049 | mse=0.1930 L1=0.3737 PH=0.6500 total=0.2060 | VRAM=50.3GB | 0.635s/it
[stage2] step   3249 | mse=0.1801 L1=0.3613 PH=0.6150 total=0.1924 | VRAM=50.3GB | 0.634s/it
[stage2] step   3449 | mse=0.1691 L1=0.3563 PH=0.5928 total=0.1810 | VRAM=50.3GB | 0.636s/it
[stage2] step   3649 | mse=0.1612 L1=0.3484 PH=0.5616 total=0.1725 | VRAM=50.3GB | 0.634s/it
[stage2] step   3849 | mse=0.1523 L1=0.3409 PH=0.5356 total=0.1630 | VRAM=50.3GB | 0.634s/it
[stage2] step   4049 | mse=0.1376 L1=0.3283 PH=0.4951 total=0.1475 | VRAM=50.3GB | 0.633s/it
[stage2] step   4249 | mse=0.1318 L1=0.3222 PH=0.4781 total=0.1413 | VRAM=50.3GB | 0.633s/it
[stage2] step   4449 | mse=0.1265 L1=0.3156 PH=0.4593 total=0.1357 | VRAM=50.3GB | 0.633s/it
[stage2] step   4649 | mse=0.1210 L1=0.3099 PH=0.4562 total=0.1301 | VRAM=50.3GB | 0.634s/it
[ckpt] saved -> runs/m4v2_s1/checkpoints/4650  (EMA weights)
[stage2] step   4849 | mse=0.1178 L1=0.3079 PH=0.4378 total=0.1266 | VRAM=50.3GB | 0.634s/it
[stage2] step   5049 | mse=0.1111 L1=0.3004 PH=0.4226 total=0.1195 | VRAM=50.3GB | 0.631s/it
[stage2] step   5249 | mse=0.1049 L1=0.2924 PH=0.4020 total=0.1130 | VRAM=50.3GB | 0.634s/it
[stage2] step   5449 | mse=0.1026 L1=0.2891 PH=0.3949 total=0.1105 | VRAM=50.3GB | 0.633s/it
[stage2] step   5649 | mse=0.1000 L1=0.2883 PH=0.3863 total=0.1077 | VRAM=50.3GB | 0.634s/it
[stage2] step   5849 | mse=0.0965 L1=0.2840 PH=0.3831 total=0.1042 | VRAM=50.3GB | 0.752s/it
[stage2] step   6049 | mse=0.0956 L1=0.2812 PH=0.3770 total=0.1031 | VRAM=50.3GB | 3.621s/it
[stage2] step   6249 | mse=0.0902 L1=0.2735 PH=0.3535 total=0.0972 | VRAM=50.3GB | 0.634s/it
[stage2] step   6449 | mse=0.0879 L1=0.2712 PH=0.3512 total=0.0949 | VRAM=50.3GB | 0.632s/it
[stage2] step   6649 | mse=0.0858 L1=0.2708 PH=0.3438 total=0.0927 | VRAM=50.3GB | 0.634s/it
[stage2] step   6849 | mse=0.0850 L1=0.2677 PH=0.3425 total=0.0919 | VRAM=50.3GB | 0.635s/it
[stage2] step   7049 | mse=0.0828 L1=0.2644 PH=0.3379 total=0.0896 | VRAM=50.3GB | 0.633s/it
[stage2] step   7249 | mse=0.0802 L1=0.2618 PH=0.3212 total=0.0866 | VRAM=50.3GB | 0.633s/it
[stage2] step   7449 | mse=0.0768 L1=0.2568 PH=0.3130 total=0.0830 | VRAM=50.3GB | 3.367s/it
[stage2] step   7649 | mse=0.0767 L1=0.2564 PH=0.3151 total=0.0830 | VRAM=50.3GB | 4.898s/it
[ckpt] saved -> runs/m4v2_s1/checkpoints/7650  (EMA weights)
[stage2] step   7849 | mse=0.0749 L1=0.2541 PH=0.3069 total=0.0810 | VRAM=50.3GB | 4.640s/it
[stage2] step   8049 | mse=0.0738 L1=0.2536 PH=0.3083 total=0.0800 | VRAM=50.3GB | 4.502s/it
[stage2] step   8249 | mse=0.0716 L1=0.2505 PH=0.3035 total=0.0777 | VRAM=50.3GB | 4.487s/it
[ckpt] saved -> runs/m4v2_s1/checkpoints/8300  (EMA weights)

[train] DONE head=deeponet variant=ph steps=8300 wall=154.1 min -> runs/m4v2_s1
