[06-16 23:07:32] ==== OBJECT + LONG recovery run START (30K, batch48, flow) ====
[06-16 23:07:32] TRAIN start  Object/flow 30K
[train] head=flow variant=baseline seed=0 out=../paper_repro/Object/runs/flow_s0
`torch_dtype` is deprecated! Use `dtype` instead!
Loading  HuggingFaceTB/SmolVLM2-500M-Video-Instruct weights ...
Reducing the number of VLM layers to 16 ...
[train] dataset frames=66984 episodes=454 -> 1 epoch = 1396 steps @ batch 48
[train] planned frames seen = 1440000 = 21.50 epochs

=== stage1 | steps=1650 batch=48 trainable: head=99.88M backbone=0.0M ===
[stage1] step    199 | mse=0.6365 L1=0.3684 PH=0.0000 total=0.6365 | VRAM=12.8GB | 0.318s/it
[stage1] step    399 | mse=0.4765 L1=0.3034 PH=0.0000 total=0.4765 | VRAM=12.8GB | 0.331s/it
[stage1] step    599 | mse=0.4483 L1=0.2908 PH=0.0000 total=0.4483 | VRAM=12.8GB | 0.314s/it
[stage1] step    799 | mse=0.4337 L1=0.2844 PH=0.0000 total=0.4337 | VRAM=12.8GB | 0.318s/it
[stage1] step    999 | mse=0.4182 L1=0.2775 PH=0.0000 total=0.4182 | VRAM=12.8GB | 0.314s/it
[stage1] step   1199 | mse=0.4084 L1=0.2748 PH=0.0000 total=0.4084 | VRAM=12.8GB | 0.332s/it
[stage1] step   1399 | mse=0.4040 L1=0.2693 PH=0.0000 total=0.4040 | VRAM=12.8GB | 0.318s/it
[stage1] step   1599 | mse=0.3955 L1=0.2690 PH=0.0000 total=0.3955 | VRAM=12.8GB | 1.951s/it
[ckpt] saved -> ../paper_repro/Object/runs/flow_s0/checkpoints/1650  (EMA weights)
LlamaModel does not expose input embeddings. Gradients cannot flow back to the token embeddings when using adapters or gradient checkpointing. Override `get_input_embeddings` to fully support those features, or set `_input_embed_layer` to the attribute name that holds the embeddings.

=== stage2 | steps=28350 batch=48 trainable: head=99.88M backbone=350.2M ===
[stage2] step   1849 | mse=0.3907 L1=0.2684 PH=0.0000 total=0.3907 | VRAM=53.6GB | 0.682s/it
[stage2] step   2049 | mse=0.3803 L1=0.2636 PH=0.0000 total=0.3803 | VRAM=53.6GB | 0.715s/it
[stage2] step   2249 | mse=0.3704 L1=0.2599 PH=0.0000 total=0.3704 | VRAM=53.6GB | 0.670s/it
[stage2] step   2449 | mse=0.3647 L1=0.2580 PH=0.0000 total=0.3647 | VRAM=53.6GB | 0.690s/it
[stage2] step   2649 | mse=0.3533 L1=0.2536 PH=0.0000 total=0.3533 | VRAM=53.6GB | 0.695s/it
[stage2] step   2849 | mse=0.3393 L1=0.2482 PH=0.0000 total=0.3393 | VRAM=53.6GB | 0.684s/it
[stage2] step   3049 | mse=0.3319 L1=0.2462 PH=0.0000 total=0.3319 | VRAM=53.6GB | 0.671s/it
[stage2] step   3249 | mse=0.3144 L1=0.2402 PH=0.0000 total=0.3144 | VRAM=53.6GB | 0.674s/it
[stage2] step   3449 | mse=0.3064 L1=0.2365 PH=0.0000 total=0.3064 | VRAM=53.6GB | 0.673s/it
[stage2] step   3649 | mse=0.2930 L1=0.2316 PH=0.0000 total=0.2930 | VRAM=53.6GB | 0.667s/it
[stage2] step   3849 | mse=0.2800 L1=0.2287 PH=0.0000 total=0.2800 | VRAM=53.6GB | 0.670s/it
[stage2] step   4049 | mse=0.2669 L1=0.2235 PH=0.0000 total=0.2669 | VRAM=53.6GB | 0.671s/it
[stage2] step   4249 | mse=0.2516 L1=0.2159 PH=0.0000 total=0.2516 | VRAM=53.6GB | 0.671s/it
[stage2] step   4449 | mse=0.2404 L1=0.2116 PH=0.0000 total=0.2404 | VRAM=53.6GB | 0.665s/it
[stage2] step   4649 | mse=0.2276 L1=0.2054 PH=0.0000 total=0.2276 | VRAM=53.6GB | 0.668s/it
[stage2] step   4849 | mse=0.2213 L1=0.1999 PH=0.0000 total=0.2213 | VRAM=53.6GB | 0.748s/it
[stage2] step   5049 | mse=0.2086 L1=0.1967 PH=0.0000 total=0.2086 | VRAM=53.6GB | 0.699s/it
[stage2] step   5249 | mse=0.2018 L1=0.1936 PH=0.0000 total=0.2018 | VRAM=53.6GB | 1.305s/it
[stage2] step   5449 | mse=0.1936 L1=0.1901 PH=0.0000 total=0.1936 | VRAM=53.6GB | 2.841s/it
[stage2] step   5649 | mse=0.1872 L1=0.1866 PH=0.0000 total=0.1872 | VRAM=53.6GB | 3.421s/it
[stage2] step   5849 | mse=0.1804 L1=0.1822 PH=0.0000 total=0.1804 | VRAM=53.6GB | 1.116s/it
[stage2] step   6049 | mse=0.1682 L1=0.1784 PH=0.0000 total=0.1682 | VRAM=53.6GB | 0.982s/it
[stage2] step   6249 | mse=0.1667 L1=0.1730 PH=0.0000 total=0.1667 | VRAM=53.6GB | 0.668s/it
[stage2] step   6449 | mse=0.1602 L1=0.1710 PH=0.0000 total=0.1602 | VRAM=53.6GB | 0.668s/it
[stage2] step   6649 | mse=0.1562 L1=0.1694 PH=0.0000 total=0.1562 | VRAM=53.6GB | 0.670s/it
[stage2] step   6849 | mse=0.1527 L1=0.1665 PH=0.0000 total=0.1527 | VRAM=53.6GB | 0.672s/it
[stage2] step   7049 | mse=0.1508 L1=0.1638 PH=0.0000 total=0.1508 | VRAM=53.6GB | 0.669s/it
[stage2] step   7249 | mse=0.1457 L1=0.1617 PH=0.0000 total=0.1457 | VRAM=53.6GB | 0.665s/it
[stage2] step   7449 | mse=0.1434 L1=0.1586 PH=0.0000 total=0.1434 | VRAM=53.6GB | 0.668s/it
[stage2] step   7649 | mse=0.1384 L1=0.1592 PH=0.0000 total=0.1384 | VRAM=53.6GB | 0.669s/it
[stage2] step   7849 | mse=0.1359 L1=0.1585 PH=0.0000 total=0.1359 | VRAM=53.6GB | 0.668s/it
[stage2] step   8049 | mse=0.1312 L1=0.1547 PH=0.0000 total=0.1312 | VRAM=53.6GB | 0.668s/it
[stage2] step   8249 | mse=0.1323 L1=0.1525 PH=0.0000 total=0.1323 | VRAM=53.6GB | 0.672s/it
[stage2] step   8449 | mse=0.1267 L1=0.1532 PH=0.0000 total=0.1267 | VRAM=53.6GB | 0.669s/it
[stage2] step   8649 | mse=0.1259 L1=0.1494 PH=0.0000 total=0.1259 | VRAM=53.6GB | 4.470s/it
[stage2] step   8849 | mse=0.1221 L1=0.1481 PH=0.0000 total=0.1221 | VRAM=53.6GB | 0.670s/it
[stage2] step   9049 | mse=0.1219 L1=0.1488 PH=0.0000 total=0.1219 | VRAM=53.6GB | 0.670s/it
[stage2] step   9249 | mse=0.1192 L1=0.1457 PH=0.0000 total=0.1192 | VRAM=53.6GB | 0.671s/it
[stage2] step   9449 | mse=0.1163 L1=0.1463 PH=0.0000 total=0.1163 | VRAM=53.6GB | 0.670s/it
[stage2] step   9649 | mse=0.1141 L1=0.1461 PH=0.0000 total=0.1141 | VRAM=53.6GB | 0.670s/it
[stage2] step   9849 | mse=0.1156 L1=0.1425 PH=0.0000 total=0.1156 | VRAM=53.6GB | 0.669s/it
[stage2] step  10049 | mse=0.1133 L1=0.1421 PH=0.0000 total=0.1133 | VRAM=53.6GB | 0.668s/it
[stage2] step  10249 | mse=0.1115 L1=0.1406 PH=0.0000 total=0.1115 | VRAM=53.6GB | 0.670s/it
[stage2] step  10449 | mse=0.1090 L1=0.1390 PH=0.0000 total=0.1090 | VRAM=53.6GB | 0.669s/it
[stage2] step  10649 | mse=0.1080 L1=0.1397 PH=0.0000 total=0.1080 | VRAM=53.6GB | 0.670s/it
[stage2] step  10849 | mse=0.1058 L1=0.1402 PH=0.0000 total=0.1058 | VRAM=53.6GB | 0.671s/it
[stage2] step  11049 | mse=0.1034 L1=0.1381 PH=0.0000 total=0.1034 | VRAM=53.6GB | 0.670s/it
[stage2] step  11249 | mse=0.1042 L1=0.1365 PH=0.0000 total=0.1042 | VRAM=53.6GB | 0.670s/it
[stage2] step  11449 | mse=0.1037 L1=0.1351 PH=0.0000 total=0.1037 | VRAM=53.6GB | 0.667s/it
[stage2] step  11649 | mse=0.1009 L1=0.1345 PH=0.0000 total=0.1009 | VRAM=53.6GB | 0.668s/it
[ckpt] saved -> ../paper_repro/Object/runs/flow_s0/checkpoints/11650  (EMA weights)
[stage2] step  11849 | mse=0.0999 L1=0.1338 PH=0.0000 total=0.0999 | VRAM=53.6GB | 0.669s/it
[stage2] step  12049 | mse=0.0996 L1=0.1319 PH=0.0000 total=0.0996 | VRAM=53.6GB | 0.668s/it
[stage2] step  12249 | mse=0.0963 L1=0.1332 PH=0.0000 total=0.0963 | VRAM=53.6GB | 0.666s/it
[stage2] step  12449 | mse=0.0974 L1=0.1321 PH=0.0000 total=0.0974 | VRAM=53.6GB | 1.394s/it
[stage2] step  12649 | mse=0.0963 L1=0.1309 PH=0.0000 total=0.0963 | VRAM=53.6GB | 2.551s/it
[stage2] step  12849 | mse=0.0937 L1=0.1302 PH=0.0000 total=0.0937 | VRAM=53.6GB | 0.669s/it
[stage2] step  13049 | mse=0.0941 L1=0.1293 PH=0.0000 total=0.0941 | VRAM=53.6GB | 0.671s/it
[stage2] step  13249 | mse=0.0926 L1=0.1287 PH=0.0000 total=0.0926 | VRAM=53.6GB | 0.670s/it
[stage2] step  13449 | mse=0.0916 L1=0.1289 PH=0.0000 total=0.0916 | VRAM=53.6GB | 0.670s/it
[stage2] step  13649 | mse=0.0927 L1=0.1295 PH=0.0000 total=0.0927 | VRAM=53.6GB | 0.670s/it
[stage2] step  13849 | mse=0.0924 L1=0.1253 PH=0.0000 total=0.0924 | VRAM=53.6GB | 0.671s/it
[stage2] step  14049 | mse=0.0903 L1=0.1275 PH=0.0000 total=0.0903 | VRAM=53.6GB | 0.674s/it
[stage2] step  14249 | mse=0.0889 L1=0.1271 PH=0.0000 total=0.0889 | VRAM=53.6GB | 0.669s/it
[stage2] step  14449 | mse=0.0865 L1=0.1286 PH=0.0000 total=0.0865 | VRAM=53.6GB | 0.668s/it
[stage2] step  14649 | mse=0.0878 L1=0.1269 PH=0.0000 total=0.0878 | VRAM=53.6GB | 0.669s/it
[stage2] step  14849 | mse=0.0851 L1=0.1257 PH=0.0000 total=0.0851 | VRAM=53.6GB | 0.669s/it
[stage2] step  15049 | mse=0.0859 L1=0.1246 PH=0.0000 total=0.0859 | VRAM=53.6GB | 0.670s/it
[stage2] step  15249 | mse=0.0867 L1=0.1247 PH=0.0000 total=0.0867 | VRAM=53.6GB | 0.669s/it
[stage2] step  15449 | mse=0.0839 L1=0.1232 PH=0.0000 total=0.0839 | VRAM=53.6GB | 0.671s/it
[stage2] step  15649 | mse=0.0851 L1=0.1238 PH=0.0000 total=0.0851 | VRAM=53.6GB | 0.666s/it
[stage2] step  15849 | mse=0.0827 L1=0.1243 PH=0.0000 total=0.0827 | VRAM=53.6GB | 0.668s/it
[stage2] step  16049 | mse=0.0844 L1=0.1224 PH=0.0000 total=0.0844 | VRAM=53.6GB | 0.667s/it
[stage2] step  16249 | mse=0.0817 L1=0.1227 PH=0.0000 total=0.0817 | VRAM=53.6GB | 0.667s/it
[stage2] step  16449 | mse=0.0811 L1=0.1212 PH=0.0000 total=0.0811 | VRAM=53.6GB | 0.666s/it
[stage2] step  16649 | mse=0.0837 L1=0.1218 PH=0.0000 total=0.0837 | VRAM=53.6GB | 0.668s/it
[stage2] step  16849 | mse=0.0798 L1=0.1213 PH=0.0000 total=0.0798 | VRAM=53.6GB | 0.668s/it
[stage2] step  17049 | mse=0.0800 L1=0.1225 PH=0.0000 total=0.0800 | VRAM=53.6GB | 0.669s/it
[stage2] step  17249 | mse=0.0794 L1=0.1203 PH=0.0000 total=0.0794 | VRAM=53.6GB | 0.670s/it
[stage2] step  17449 | mse=0.0778 L1=0.1204 PH=0.0000 total=0.0778 | VRAM=53.6GB | 0.668s/it
[stage2] step  17649 | mse=0.0785 L1=0.1200 PH=0.0000 total=0.0785 | VRAM=53.6GB | 0.669s/it
[stage2] step  17849 | mse=0.0770 L1=0.1200 PH=0.0000 total=0.0770 | VRAM=53.6GB | 0.669s/it
[stage2] step  18049 | mse=0.0779 L1=0.1184 PH=0.0000 total=0.0779 | VRAM=53.6GB | 0.667s/it
[stage2] step  18249 | mse=0.0785 L1=0.1195 PH=0.0000 total=0.0785 | VRAM=53.6GB | 0.670s/it
[stage2] step  18449 | mse=0.0770 L1=0.1166 PH=0.0000 total=0.0770 | VRAM=53.6GB | 0.668s/it
[stage2] step  18649 | mse=0.0753 L1=0.1184 PH=0.0000 total=0.0753 | VRAM=53.6GB | 0.667s/it
[stage2] step  18849 | mse=0.0756 L1=0.1194 PH=0.0000 total=0.0756 | VRAM=53.6GB | 0.667s/it
[stage2] step  19049 | mse=0.0764 L1=0.1187 PH=0.0000 total=0.0764 | VRAM=53.6GB | 0.668s/it
[stage2] step  19249 | mse=0.0750 L1=0.1182 PH=0.0000 total=0.0750 | VRAM=53.6GB | 0.669s/it
[stage2] step  19449 | mse=0.0727 L1=0.1159 PH=0.0000 total=0.0727 | VRAM=53.6GB | 0.668s/it
[stage2] step  19649 | mse=0.0751 L1=0.1169 PH=0.0000 total=0.0751 | VRAM=53.6GB | 0.668s/it
[stage2] step  19849 | mse=0.0732 L1=0.1151 PH=0.0000 total=0.0732 | VRAM=53.6GB | 4.571s/it
[stage2] step  20049 | mse=0.0730 L1=0.1153 PH=0.0000 total=0.0730 | VRAM=53.6GB | 4.220s/it
[stage2] step  20249 | mse=0.0724 L1=0.1147 PH=0.0000 total=0.0724 | VRAM=53.6GB | 2.487s/it
[stage2] step  20449 | mse=0.0724 L1=0.1155 PH=0.0000 total=0.0724 | VRAM=53.6GB | 1.702s/it
[stage2] step  20649 | mse=0.0723 L1=0.1163 PH=0.0000 total=0.0723 | VRAM=53.6GB | 0.671s/it
[stage2] step  20849 | mse=0.0723 L1=0.1148 PH=0.0000 total=0.0723 | VRAM=53.6GB | 0.670s/it
[stage2] step  21049 | mse=0.0720 L1=0.1158 PH=0.0000 total=0.0720 | VRAM=53.6GB | 0.667s/it
[stage2] step  21249 | mse=0.0711 L1=0.1162 PH=0.0000 total=0.0711 | VRAM=53.6GB | 0.668s/it
[stage2] step  21449 | mse=0.0692 L1=0.1146 PH=0.0000 total=0.0692 | VRAM=53.6GB | 0.670s/it
[stage2] step  21649 | mse=0.0708 L1=0.1137 PH=0.0000 total=0.0708 | VRAM=53.6GB | 0.671s/it
[ckpt] saved -> ../paper_repro/Object/runs/flow_s0/checkpoints/21650  (EMA weights)
[stage2] step  21849 | mse=0.0695 L1=0.1141 PH=0.0000 total=0.0695 | VRAM=53.6GB | 0.670s/it
[stage2] step  22049 | mse=0.0687 L1=0.1148 PH=0.0000 total=0.0687 | VRAM=53.6GB | 0.669s/it
[stage2] step  22249 | mse=0.0687 L1=0.1143 PH=0.0000 total=0.0687 | VRAM=53.6GB | 0.671s/it
[stage2] step  22449 | mse=0.0705 L1=0.1105 PH=0.0000 total=0.0705 | VRAM=53.6GB | 0.661s/it
[stage2] step  22649 | mse=0.0685 L1=0.1138 PH=0.0000 total=0.0685 | VRAM=53.6GB | 0.667s/it
[stage2] step  22849 | mse=0.0678 L1=0.1124 PH=0.0000 total=0.0678 | VRAM=53.6GB | 0.667s/it
[stage2] step  23049 | mse=0.0681 L1=0.1115 PH=0.0000 total=0.0681 | VRAM=53.6GB | 0.669s/it
[stage2] step  23249 | mse=0.0685 L1=0.1113 PH=0.0000 total=0.0685 | VRAM=53.6GB | 0.667s/it
[stage2] step  23449 | mse=0.0672 L1=0.1106 PH=0.0000 total=0.0672 | VRAM=53.6GB | 0.667s/it
[stage2] step  23649 | mse=0.0655 L1=0.1128 PH=0.0000 total=0.0655 | VRAM=53.6GB | 0.667s/it
[stage2] step  23849 | mse=0.0671 L1=0.1136 PH=0.0000 total=0.0671 | VRAM=53.6GB | 0.666s/it
[stage2] step  24049 | mse=0.0648 L1=0.1123 PH=0.0000 total=0.0648 | VRAM=53.6GB | 0.669s/it
[stage2] step  24249 | mse=0.0655 L1=0.1105 PH=0.0000 total=0.0655 | VRAM=53.6GB | 0.670s/it
[stage2] step  24449 | mse=0.0649 L1=0.1106 PH=0.0000 total=0.0649 | VRAM=53.6GB | 0.670s/it
[stage2] step  24649 | mse=0.0658 L1=0.1105 PH=0.0000 total=0.0658 | VRAM=53.6GB | 0.671s/it
[stage2] step  24849 | mse=0.0676 L1=0.1098 PH=0.0000 total=0.0676 | VRAM=53.6GB | 0.671s/it
[stage2] step  25049 | mse=0.0656 L1=0.1112 PH=0.0000 total=0.0656 | VRAM=53.6GB | 0.668s/it
[stage2] step  25249 | mse=0.0636 L1=0.1105 PH=0.0000 total=0.0636 | VRAM=53.6GB | 0.669s/it
[stage2] step  25449 | mse=0.0644 L1=0.1087 PH=0.0000 total=0.0644 | VRAM=53.6GB | 0.670s/it
[stage2] step  25649 | mse=0.0651 L1=0.1087 PH=0.0000 total=0.0651 | VRAM=53.6GB | 0.670s/it
[stage2] step  25849 | mse=0.0640 L1=0.1087 PH=0.0000 total=0.0640 | VRAM=53.6GB | 0.668s/it
[stage2] step  26049 | mse=0.0648 L1=0.1107 PH=0.0000 total=0.0648 | VRAM=53.6GB | 0.669s/it
[stage2] step  26249 | mse=0.0644 L1=0.1112 PH=0.0000 total=0.0644 | VRAM=53.6GB | 0.670s/it
[stage2] step  26449 | mse=0.0622 L1=0.1100 PH=0.0000 total=0.0622 | VRAM=53.6GB | 0.669s/it
[stage2] step  26649 | mse=0.0632 L1=0.1095 PH=0.0000 total=0.0632 | VRAM=53.6GB | 0.673s/it
[stage2] step  26849 | mse=0.0611 L1=0.1086 PH=0.0000 total=0.0611 | VRAM=53.6GB | 0.668s/it
[stage2] step  27049 | mse=0.0638 L1=0.1095 PH=0.0000 total=0.0638 | VRAM=53.6GB | 1.013s/it
[stage2] step  27249 | mse=0.0616 L1=0.1091 PH=0.0000 total=0.0616 | VRAM=53.6GB | 2.357s/it
[stage2] step  27449 | mse=0.0630 L1=0.1072 PH=0.0000 total=0.0630 | VRAM=53.6GB | 2.501s/it
[stage2] step  27649 | mse=0.0622 L1=0.1066 PH=0.0000 total=0.0622 | VRAM=53.6GB | 2.140s/it
[stage2] step  27849 | mse=0.0603 L1=0.1096 PH=0.0000 total=0.0603 | VRAM=53.6GB | 0.669s/it
[stage2] step  28049 | mse=0.0611 L1=0.1066 PH=0.0000 total=0.0611 | VRAM=53.6GB | 0.670s/it
[stage2] step  28249 | mse=0.0604 L1=0.1057 PH=0.0000 total=0.0604 | VRAM=53.6GB | 0.670s/it
[stage2] step  28449 | mse=0.0589 L1=0.1063 PH=0.0000 total=0.0589 | VRAM=53.6GB | 0.670s/it
[stage2] step  28649 | mse=0.0592 L1=0.1072 PH=0.0000 total=0.0592 | VRAM=53.6GB | 0.669s/it
[stage2] step  28849 | mse=0.0606 L1=0.1070 PH=0.0000 total=0.0606 | VRAM=53.6GB | 0.673s/it
[stage2] step  29049 | mse=0.0605 L1=0.1051 PH=0.0000 total=0.0605 | VRAM=53.6GB | 0.671s/it
[stage2] step  29249 | mse=0.0609 L1=0.1078 PH=0.0000 total=0.0609 | VRAM=53.6GB | 0.670s/it
[stage2] step  29449 | mse=0.0591 L1=0.1061 PH=0.0000 total=0.0591 | VRAM=53.6GB | 0.670s/it
[stage2] step  29649 | mse=0.0594 L1=0.1051 PH=0.0000 total=0.0594 | VRAM=53.6GB | 0.668s/it
[stage2] step  29849 | mse=0.0574 L1=0.1064 PH=0.0000 total=0.0574 | VRAM=53.6GB | 0.669s/it
[ckpt] saved -> ../paper_repro/Object/runs/flow_s0/checkpoints/30000  (EMA weights)

[train] DONE head=flow variant=baseline steps=30000 wall=591.5 min -> ../paper_repro/Object/runs/flow_s0
[06-17 08:59:27] TRAIN done   Object/flow
[06-17 08:59:27] EVAL start   Object -> eval_flow
`torch_dtype` is deprecated! Use `dtype` instead!
Loading  HuggingFaceTB/SmolVLM2-500M-Video-Instruct weights ...
Reducing the number of VLM layers to 16 ...
Loading weights from local directory
[eval] loaded flow (head=flow) replan=5 <- ../paper_repro/Object/runs/flow_s0/checkpoints/30000
[robosuite WARNING] No private macro file found! (__init__.py:7)
WARNING:robosuite_logs:No private macro file found!
[robosuite WARNING] It is recommended to use a private macro file (__init__.py:8)
WARNING:robosuite_logs:It is recommended to use a private macro file
[robosuite WARNING] To setup, run: python /home/user/Desktop/Ayush PH test/venv/lib/python3.12/site-packages/robosuite/scripts/setup_macros.py (__init__.py:9)
WARNING:robosuite_logs:To setup, run: python /home/user/Desktop/Ayush PH test/venv/lib/python3.12/site-packages/robosuite/scripts/setup_macros.py
Multiple -pix_fmt options specified for stream 0, only the last option '-pix_fmt yuv420p' will be used.
Multiple -pix_fmt options specified for stream 0, only the last option '-pix_fmt yuv420p' will be used.
Multiple -pix_fmt options specified for stream 0, only the last option '-pix_fmt yuv420p' will be used.
Multiple -pix_fmt options specified for stream 0, only the last option '-pix_fmt yuv420p' will be used.
Multiple -pix_fmt options specified for stream 0, only the last option '-pix_fmt yuv420p' will be used.
Multiple -pix_fmt options specified for stream 0, only the last option '-pix_fmt yuv420p' will be used.
Multiple -pix_fmt options specified for stream 0, only the last option '-pix_fmt yuv420p' will be used.
Multiple -pix_fmt options specified for stream 0, only the last option '-pix_fmt yuv420p' will be used.
Multiple -pix_fmt options specified for stream 0, only the last option '-pix_fmt yuv420p' will be used.
Multiple -pix_fmt options specified for stream 0, only the last option '-pix_fmt yuv420p' will be used.
Multiple -pix_fmt options specified for stream 0, only the last option '-pix_fmt yuv420p' will be used.
Multiple -pix_fmt options specified for stream 0, only the last option '-pix_fmt yuv420p' will be used.
Multiple -pix_fmt options specified for stream 0, only the last option '-pix_fmt yuv420p' will be used.
Multiple -pix_fmt options specified for stream 0, only the last option '-pix_fmt yuv420p' will be used.
Multiple -pix_fmt options specified for stream 0, only the last option '-pix_fmt yuv420p' will be used.
Multiple -pix_fmt options specified for stream 0, only the last option '-pix_fmt yuv420p' will be used.
Multiple -pix_fmt options specified for stream 0, only the last option '-pix_fmt yuv420p' will be used.
Multiple -pix_fmt options specified for stream 0, only the last option '-pix_fmt yuv420p' will be used.
Multiple -pix_fmt options specified for stream 0, only the last option '-pix_fmt yuv420p' will be used.
Multiple -pix_fmt options specified for stream 0, only the last option '-pix_fmt yuv420p' will be used.
[info] using task orders [0, 1, 2, 3, 4, 5, 6, 7, 8, 9]
[Warning]: datasets path /home/user/Desktop/Ayush PH test/data/libero_datasets does not exist!
[Warning]: datasets path /home/user/Desktop/Ayush PH test/data/libero_datasets does not exist!
[LIBERO-OBJECT] flow task0: 80.0%  (16/20 PASS, videos -> episode_videos/flow/)
Multiple -pix_fmt options specified for stream 0, only the last option '-pix_fmt yuv420p' will be used.
Multiple -pix_fmt options specified for stream 0, only the last option '-pix_fmt yuv420p' will be used.
Multiple -pix_fmt options specified for stream 0, only the last option '-pix_fmt yuv420p' will be used.
Multiple -pix_fmt options specified for stream 0, only the last option '-pix_fmt yuv420p' will be used.
Multiple -pix_fmt options specified for stream 0, only the last option '-pix_fmt yuv420p' will be used.
Multiple -pix_fmt options specified for stream 0, only the last option '-pix_fmt yuv420p' will be used.
Multiple -pix_fmt options specified for stream 0, only the last option '-pix_fmt yuv420p' will be used.
Multiple -pix_fmt options specified for stream 0, only the last option '-pix_fmt yuv420p' will be used.
Multiple -pix_fmt options specified for stream 0, only the last option '-pix_fmt yuv420p' will be used.
Multiple -pix_fmt options specified for stream 0, only the last option '-pix_fmt yuv420p' will be used.
Multiple -pix_fmt options specified for stream 0, only the last option '-pix_fmt yuv420p' will be used.
Multiple -pix_fmt options specified for stream 0, only the last option '-pix_fmt yuv420p' will be used.
Multiple -pix_fmt options specified for stream 0, only the last option '-pix_fmt yuv420p' will be used.
Multiple -pix_fmt options specified for stream 0, only the last option '-pix_fmt yuv420p' will be used.
Multiple -pix_fmt options specified for stream 0, only the last option '-pix_fmt yuv420p' will be used.
Multiple -pix_fmt options specified for stream 0, only the last option '-pix_fmt yuv420p' will be used.
Multiple -pix_fmt options specified for stream 0, only the last option '-pix_fmt yuv420p' will be used.
Multiple -pix_fmt options specified for stream 0, only the last option '-pix_fmt yuv420p' will be used.
Multiple -pix_fmt options specified for stream 0, only the last option '-pix_fmt yuv420p' will be used.
Multiple -pix_fmt options specified for stream 0, only the last option '-pix_fmt yuv420p' will be used.
[info] using task orders [0, 1, 2, 3, 4, 5, 6, 7, 8, 9]
[Warning]: datasets path /home/user/Desktop/Ayush PH test/data/libero_datasets does not exist!
[Warning]: datasets path /home/user/Desktop/Ayush PH test/data/libero_datasets does not exist!
[LIBERO-OBJECT] flow task1: 95.0%  (19/20 PASS, videos -> episode_videos/flow/)
Multiple -pix_fmt options specified for stream 0, only the last option '-pix_fmt yuv420p' will be used.
Multiple -pix_fmt options specified for stream 0, only the last option '-pix_fmt yuv420p' will be used.
Multiple -pix_fmt options specified for stream 0, only the last option '-pix_fmt yuv420p' will be used.
Multiple -pix_fmt options specified for stream 0, only the last option '-pix_fmt yuv420p' will be used.
Multiple -pix_fmt options specified for stream 0, only the last option '-pix_fmt yuv420p' will be used.
Multiple -pix_fmt options specified for stream 0, only the last option '-pix_fmt yuv420p' will be used.
Multiple -pix_fmt options specified for stream 0, only the last option '-pix_fmt yuv420p' will be used.
Multiple -pix_fmt options specified for stream 0, only the last option '-pix_fmt yuv420p' will be used.
Multiple -pix_fmt options specified for stream 0, only the last option '-pix_fmt yuv420p' will be used.
Multiple -pix_fmt options specified for stream 0, only the last option '-pix_fmt yuv420p' will be used.
Multiple -pix_fmt options specified for stream 0, only the last option '-pix_fmt yuv420p' will be used.
Multiple -pix_fmt options specified for stream 0, only the last option '-pix_fmt yuv420p' will be used.
Multiple -pix_fmt options specified for stream 0, only the last option '-pix_fmt yuv420p' will be used.
Multiple -pix_fmt options specified for stream 0, only the last option '-pix_fmt yuv420p' will be used.
Multiple -pix_fmt options specified for stream 0, only the last option '-pix_fmt yuv420p' will be used.
Multiple -pix_fmt options specified for stream 0, only the last option '-pix_fmt yuv420p' will be used.
Multiple -pix_fmt options specified for stream 0, only the last option '-pix_fmt yuv420p' will be used.
Multiple -pix_fmt options specified for stream 0, only the last option '-pix_fmt yuv420p' will be used.
Multiple -pix_fmt options specified for stream 0, only the last option '-pix_fmt yuv420p' will be used.
Multiple -pix_fmt options specified for stream 0, only the last option '-pix_fmt yuv420p' will be used.
[info] using task orders [0, 1, 2, 3, 4, 5, 6, 7, 8, 9]
[Warning]: datasets path /home/user/Desktop/Ayush PH test/data/libero_datasets does not exist!
[Warning]: datasets path /home/user/Desktop/Ayush PH test/data/libero_datasets does not exist!
[LIBERO-OBJECT] flow task2: 100.0%  (20/20 PASS, videos -> episode_videos/flow/)
Multiple -pix_fmt options specified for stream 0, only the last option '-pix_fmt yuv420p' will be used.
Multiple -pix_fmt options specified for stream 0, only the last option '-pix_fmt yuv420p' will be used.
Multiple -pix_fmt options specified for stream 0, only the last option '-pix_fmt yuv420p' will be used.
Multiple -pix_fmt options specified for stream 0, only the last option '-pix_fmt yuv420p' will be used.
Multiple -pix_fmt options specified for stream 0, only the last option '-pix_fmt yuv420p' will be used.
Multiple -pix_fmt options specified for stream 0, only the last option '-pix_fmt yuv420p' will be used.
Multiple -pix_fmt options specified for stream 0, only the last option '-pix_fmt yuv420p' will be used.
Multiple -pix_fmt options specified for stream 0, only the last option '-pix_fmt yuv420p' will be used.
Multiple -pix_fmt options specified for stream 0, only the last option '-pix_fmt yuv420p' will be used.
Multiple -pix_fmt options specified for stream 0, only the last option '-pix_fmt yuv420p' will be used.
Multiple -pix_fmt options specified for stream 0, only the last option '-pix_fmt yuv420p' will be used.
Multiple -pix_fmt options specified for stream 0, only the last option '-pix_fmt yuv420p' will be used.
Multiple -pix_fmt options specified for stream 0, only the last option '-pix_fmt yuv420p' will be used.
Multiple -pix_fmt options specified for stream 0, only the last option '-pix_fmt yuv420p' will be used.
Multiple -pix_fmt options specified for stream 0, only the last option '-pix_fmt yuv420p' will be used.
Multiple -pix_fmt options specified for stream 0, only the last option '-pix_fmt yuv420p' will be used.
Multiple -pix_fmt options specified for stream 0, only the last option '-pix_fmt yuv420p' will be used.
Multiple -pix_fmt options specified for stream 0, only the last option '-pix_fmt yuv420p' will be used.
Multiple -pix_fmt options specified for stream 0, only the last option '-pix_fmt yuv420p' will be used.
Multiple -pix_fmt options specified for stream 0, only the last option '-pix_fmt yuv420p' will be used.
[info] using task orders [0, 1, 2, 3, 4, 5, 6, 7, 8, 9]
[Warning]: datasets path /home/user/Desktop/Ayush PH test/data/libero_datasets does not exist!
[Warning]: datasets path /home/user/Desktop/Ayush PH test/data/libero_datasets does not exist!
[LIBERO-OBJECT] flow task3: 80.0%  (16/20 PASS, videos -> episode_videos/flow/)
Multiple -pix_fmt options specified for stream 0, only the last option '-pix_fmt yuv420p' will be used.
Multiple -pix_fmt options specified for stream 0, only the last option '-pix_fmt yuv420p' will be used.
Multiple -pix_fmt options specified for stream 0, only the last option '-pix_fmt yuv420p' will be used.
Multiple -pix_fmt options specified for stream 0, only the last option '-pix_fmt yuv420p' will be used.
Multiple -pix_fmt options specified for stream 0, only the last option '-pix_fmt yuv420p' will be used.
Multiple -pix_fmt options specified for stream 0, only the last option '-pix_fmt yuv420p' will be used.
Multiple -pix_fmt options specified for stream 0, only the last option '-pix_fmt yuv420p' will be used.
Multiple -pix_fmt options specified for stream 0, only the last option '-pix_fmt yuv420p' will be used.
Multiple -pix_fmt options specified for stream 0, only the last option '-pix_fmt yuv420p' will be used.
Multiple -pix_fmt options specified for stream 0, only the last option '-pix_fmt yuv420p' will be used.
Multiple -pix_fmt options specified for stream 0, only the last option '-pix_fmt yuv420p' will be used.
Multiple -pix_fmt options specified for stream 0, only the last option '-pix_fmt yuv420p' will be used.
Multiple -pix_fmt options specified for stream 0, only the last option '-pix_fmt yuv420p' will be used.
Multiple -pix_fmt options specified for stream 0, only the last option '-pix_fmt yuv420p' will be used.
Multiple -pix_fmt options specified for stream 0, only the last option '-pix_fmt yuv420p' will be used.
Multiple -pix_fmt options specified for stream 0, only the last option '-pix_fmt yuv420p' will be used.
Multiple -pix_fmt options specified for stream 0, only the last option '-pix_fmt yuv420p' will be used.
Multiple -pix_fmt options specified for stream 0, only the last option '-pix_fmt yuv420p' will be used.
Multiple -pix_fmt options specified for stream 0, only the last option '-pix_fmt yuv420p' will be used.
Multiple -pix_fmt options specified for stream 0, only the last option '-pix_fmt yuv420p' will be used.
[info] using task orders [0, 1, 2, 3, 4, 5, 6, 7, 8, 9]
[Warning]: datasets path /home/user/Desktop/Ayush PH test/data/libero_datasets does not exist!
[Warning]: datasets path /home/user/Desktop/Ayush PH test/data/libero_datasets does not exist!
[LIBERO-OBJECT] flow task4: 100.0%  (20/20 PASS, videos -> episode_videos/flow/)
Multiple -pix_fmt options specified for stream 0, only the last option '-pix_fmt yuv420p' will be used.
Multiple -pix_fmt options specified for stream 0, only the last option '-pix_fmt yuv420p' will be used.
Multiple -pix_fmt options specified for stream 0, only the last option '-pix_fmt yuv420p' will be used.
Multiple -pix_fmt options specified for stream 0, only the last option '-pix_fmt yuv420p' will be used.
Multiple -pix_fmt options specified for stream 0, only the last option '-pix_fmt yuv420p' will be used.
Multiple -pix_fmt options specified for stream 0, only the last option '-pix_fmt yuv420p' will be used.
Multiple -pix_fmt options specified for stream 0, only the last option '-pix_fmt yuv420p' will be used.
Multiple -pix_fmt options specified for stream 0, only the last option '-pix_fmt yuv420p' will be used.
Multiple -pix_fmt options specified for stream 0, only the last option '-pix_fmt yuv420p' will be used.
Multiple -pix_fmt options specified for stream 0, only the last option '-pix_fmt yuv420p' will be used.
Multiple -pix_fmt options specified for stream 0, only the last option '-pix_fmt yuv420p' will be used.
Multiple -pix_fmt options specified for stream 0, only the last option '-pix_fmt yuv420p' will be used.
Multiple -pix_fmt options specified for stream 0, only the last option '-pix_fmt yuv420p' will be used.
Multiple -pix_fmt options specified for stream 0, only the last option '-pix_fmt yuv420p' will be used.
Multiple -pix_fmt options specified for stream 0, only the last option '-pix_fmt yuv420p' will be used.
Multiple -pix_fmt options specified for stream 0, only the last option '-pix_fmt yuv420p' will be used.
Multiple -pix_fmt options specified for stream 0, only the last option '-pix_fmt yuv420p' will be used.
Multiple -pix_fmt options specified for stream 0, only the last option '-pix_fmt yuv420p' will be used.
Multiple -pix_fmt options specified for stream 0, only the last option '-pix_fmt yuv420p' will be used.
Multiple -pix_fmt options specified for stream 0, only the last option '-pix_fmt yuv420p' will be used.
[info] using task orders [0, 1, 2, 3, 4, 5, 6, 7, 8, 9]
[Warning]: datasets path /home/user/Desktop/Ayush PH test/data/libero_datasets does not exist!
[Warning]: datasets path /home/user/Desktop/Ayush PH test/data/libero_datasets does not exist!
[LIBERO-OBJECT] flow task5: 80.0%  (16/20 PASS, videos -> episode_videos/flow/)
Multiple -pix_fmt options specified for stream 0, only the last option '-pix_fmt yuv420p' will be used.
Multiple -pix_fmt options specified for stream 0, only the last option '-pix_fmt yuv420p' will be used.
Multiple -pix_fmt options specified for stream 0, only the last option '-pix_fmt yuv420p' will be used.
Multiple -pix_fmt options specified for stream 0, only the last option '-pix_fmt yuv420p' will be used.
Multiple -pix_fmt options specified for stream 0, only the last option '-pix_fmt yuv420p' will be used.
Multiple -pix_fmt options specified for stream 0, only the last option '-pix_fmt yuv420p' will be used.
Multiple -pix_fmt options specified for stream 0, only the last option '-pix_fmt yuv420p' will be used.
Multiple -pix_fmt options specified for stream 0, only the last option '-pix_fmt yuv420p' will be used.
Multiple -pix_fmt options specified for stream 0, only the last option '-pix_fmt yuv420p' will be used.
Multiple -pix_fmt options specified for stream 0, only the last option '-pix_fmt yuv420p' will be used.
Multiple -pix_fmt options specified for stream 0, only the last option '-pix_fmt yuv420p' will be used.
Multiple -pix_fmt options specified for stream 0, only the last option '-pix_fmt yuv420p' will be used.
Multiple -pix_fmt options specified for stream 0, only the last option '-pix_fmt yuv420p' will be used.
Multiple -pix_fmt options specified for stream 0, only the last option '-pix_fmt yuv420p' will be used.
Multiple -pix_fmt options specified for stream 0, only the last option '-pix_fmt yuv420p' will be used.
Multiple -pix_fmt options specified for stream 0, only the last option '-pix_fmt yuv420p' will be used.
Multiple -pix_fmt options specified for stream 0, only the last option '-pix_fmt yuv420p' will be used.
Multiple -pix_fmt options specified for stream 0, only the last option '-pix_fmt yuv420p' will be used.
Multiple -pix_fmt options specified for stream 0, only the last option '-pix_fmt yuv420p' will be used.
Multiple -pix_fmt options specified for stream 0, only the last option '-pix_fmt yuv420p' will be used.
[info] using task orders [0, 1, 2, 3, 4, 5, 6, 7, 8, 9]
[Warning]: datasets path /home/user/Desktop/Ayush PH test/data/libero_datasets does not exist!
[Warning]: datasets path /home/user/Desktop/Ayush PH test/data/libero_datasets does not exist!
[LIBERO-OBJECT] flow task6: 90.0%  (18/20 PASS, videos -> episode_videos/flow/)
Multiple -pix_fmt options specified for stream 0, only the last option '-pix_fmt yuv420p' will be used.
Multiple -pix_fmt options specified for stream 0, only the last option '-pix_fmt yuv420p' will be used.
Multiple -pix_fmt options specified for stream 0, only the last option '-pix_fmt yuv420p' will be used.
Multiple -pix_fmt options specified for stream 0, only the last option '-pix_fmt yuv420p' will be used.
Multiple -pix_fmt options specified for stream 0, only the last option '-pix_fmt yuv420p' will be used.
Multiple -pix_fmt options specified for stream 0, only the last option '-pix_fmt yuv420p' will be used.
Multiple -pix_fmt options specified for stream 0, only the last option '-pix_fmt yuv420p' will be used.
Multiple -pix_fmt options specified for stream 0, only the last option '-pix_fmt yuv420p' will be used.
Multiple -pix_fmt options specified for stream 0, only the last option '-pix_fmt yuv420p' will be used.
Multiple -pix_fmt options specified for stream 0, only the last option '-pix_fmt yuv420p' will be used.
Multiple -pix_fmt options specified for stream 0, only the last option '-pix_fmt yuv420p' will be used.
Multiple -pix_fmt options specified for stream 0, only the last option '-pix_fmt yuv420p' will be used.
Multiple -pix_fmt options specified for stream 0, only the last option '-pix_fmt yuv420p' will be used.
Multiple -pix_fmt options specified for stream 0, only the last option '-pix_fmt yuv420p' will be used.
Multiple -pix_fmt options specified for stream 0, only the last option '-pix_fmt yuv420p' will be used.
Multiple -pix_fmt options specified for stream 0, only the last option '-pix_fmt yuv420p' will be used.
Multiple -pix_fmt options specified for stream 0, only the last option '-pix_fmt yuv420p' will be used.
Multiple -pix_fmt options specified for stream 0, only the last option '-pix_fmt yuv420p' will be used.
Multiple -pix_fmt options specified for stream 0, only the last option '-pix_fmt yuv420p' will be used.
Multiple -pix_fmt options specified for stream 0, only the last option '-pix_fmt yuv420p' will be used.
[info] using task orders [0, 1, 2, 3, 4, 5, 6, 7, 8, 9]
[Warning]: datasets path /home/user/Desktop/Ayush PH test/data/libero_datasets does not exist!
[Warning]: datasets path /home/user/Desktop/Ayush PH test/data/libero_datasets does not exist!
[LIBERO-OBJECT] flow task7: 90.0%  (18/20 PASS, videos -> episode_videos/flow/)
Multiple -pix_fmt options specified for stream 0, only the last option '-pix_fmt yuv420p' will be used.
Multiple -pix_fmt options specified for stream 0, only the last option '-pix_fmt yuv420p' will be used.
Multiple -pix_fmt options specified for stream 0, only the last option '-pix_fmt yuv420p' will be used.
Multiple -pix_fmt options specified for stream 0, only the last option '-pix_fmt yuv420p' will be used.
Multiple -pix_fmt options specified for stream 0, only the last option '-pix_fmt yuv420p' will be used.
Multiple -pix_fmt options specified for stream 0, only the last option '-pix_fmt yuv420p' will be used.
Multiple -pix_fmt options specified for stream 0, only the last option '-pix_fmt yuv420p' will be used.
Multiple -pix_fmt options specified for stream 0, only the last option '-pix_fmt yuv420p' will be used.
Multiple -pix_fmt options specified for stream 0, only the last option '-pix_fmt yuv420p' will be used.
Multiple -pix_fmt options specified for stream 0, only the last option '-pix_fmt yuv420p' will be used.
Multiple -pix_fmt options specified for stream 0, only the last option '-pix_fmt yuv420p' will be used.
Multiple -pix_fmt options specified for stream 0, only the last option '-pix_fmt yuv420p' will be used.
Multiple -pix_fmt options specified for stream 0, only the last option '-pix_fmt yuv420p' will be used.
Multiple -pix_fmt options specified for stream 0, only the last option '-pix_fmt yuv420p' will be used.
Multiple -pix_fmt options specified for stream 0, only the last option '-pix_fmt yuv420p' will be used.
Multiple -pix_fmt options specified for stream 0, only the last option '-pix_fmt yuv420p' will be used.
Multiple -pix_fmt options specified for stream 0, only the last option '-pix_fmt yuv420p' will be used.
Multiple -pix_fmt options specified for stream 0, only the last option '-pix_fmt yuv420p' will be used.
Multiple -pix_fmt options specified for stream 0, only the last option '-pix_fmt yuv420p' will be used.
Multiple -pix_fmt options specified for stream 0, only the last option '-pix_fmt yuv420p' will be used.
[info] using task orders [0, 1, 2, 3, 4, 5, 6, 7, 8, 9]
[Warning]: datasets path /home/user/Desktop/Ayush PH test/data/libero_datasets does not exist!
[Warning]: datasets path /home/user/Desktop/Ayush PH test/data/libero_datasets does not exist!
[LIBERO-OBJECT] flow task8: 100.0%  (20/20 PASS, videos -> episode_videos/flow/)
Multiple -pix_fmt options specified for stream 0, only the last option '-pix_fmt yuv420p' will be used.
Multiple -pix_fmt options specified for stream 0, only the last option '-pix_fmt yuv420p' will be used.
Multiple -pix_fmt options specified for stream 0, only the last option '-pix_fmt yuv420p' will be used.
Multiple -pix_fmt options specified for stream 0, only the last option '-pix_fmt yuv420p' will be used.
Multiple -pix_fmt options specified for stream 0, only the last option '-pix_fmt yuv420p' will be used.
Multiple -pix_fmt options specified for stream 0, only the last option '-pix_fmt yuv420p' will be used.
Multiple -pix_fmt options specified for stream 0, only the last option '-pix_fmt yuv420p' will be used.
Multiple -pix_fmt options specified for stream 0, only the last option '-pix_fmt yuv420p' will be used.
Multiple -pix_fmt options specified for stream 0, only the last option '-pix_fmt yuv420p' will be used.
Multiple -pix_fmt options specified for stream 0, only the last option '-pix_fmt yuv420p' will be used.
Multiple -pix_fmt options specified for stream 0, only the last option '-pix_fmt yuv420p' will be used.
Multiple -pix_fmt options specified for stream 0, only the last option '-pix_fmt yuv420p' will be used.
Multiple -pix_fmt options specified for stream 0, only the last option '-pix_fmt yuv420p' will be used.
Multiple -pix_fmt options specified for stream 0, only the last option '-pix_fmt yuv420p' will be used.
Multiple -pix_fmt options specified for stream 0, only the last option '-pix_fmt yuv420p' will be used.
Multiple -pix_fmt options specified for stream 0, only the last option '-pix_fmt yuv420p' will be used.
Multiple -pix_fmt options specified for stream 0, only the last option '-pix_fmt yuv420p' will be used.
Multiple -pix_fmt options specified for stream 0, only the last option '-pix_fmt yuv420p' will be used.
Multiple -pix_fmt options specified for stream 0, only the last option '-pix_fmt yuv420p' will be used.
Multiple -pix_fmt options specified for stream 0, only the last option '-pix_fmt yuv420p' will be used.
[info] using task orders [0, 1, 2, 3, 4, 5, 6, 7, 8, 9]
[Warning]: datasets path /home/user/Desktop/Ayush PH test/data/libero_datasets does not exist!
[Warning]: datasets path /home/user/Desktop/Ayush PH test/data/libero_datasets does not exist!
[LIBERO-OBJECT] flow task9: 60.0%  (12/20 PASS, videos -> episode_videos/flow/)
[eval] DONE. summary: {
  "flow": {
    "LIBERO-OBJECT_avg": 0.875,
    "LIBERO-OBJECT-V_avg": null
  }
}
[06-17 09:31:51] EVAL done    Object
  saved 1_accuracy.png
  saved 3_success_per_task.png
[Object_FLOW] plots+CSVs -> ../paper_repro/Object/plots ../paper_repro/Object/data
[Object_FLOW] in-dist acc: {'M1 flow': 87.5, 'M3 DeepONet-v2': None, 'M4 DeepONet+PH-v2': None}
[Object_FLOW] robustness : {'M1 flow': None, 'M3 DeepONet-v2': None, 'M4 DeepONet+PH-v2': None}
[LIBERO-OBJECT] FULL 10-task average = 87.5%
[LIBERO-OBJECT] EXCL task9 (60%) -> 9-task average = 90.6%
[LIBERO-OBJECT] wrote summary_full.json + summary_excl_task9.json + summary_both.csv -> ../paper_repro/Object/runs/eval_flow
[06-17 09:31:51] ######## RESULT READY: Object flow 30K -> ../paper_repro/Object/runs/eval_flow (full + excl-lowest) ########
[06-17 09:31:51] TRAIN start  Long/flow 30K
[train] head=flow variant=baseline seed=0 out=../paper_repro/Long/runs/flow_s0
`torch_dtype` is deprecated! Use `dtype` instead!
Loading  HuggingFaceTB/SmolVLM2-500M-Video-Instruct weights ...
Reducing the number of VLM layers to 16 ...
[train] dataset frames=101469 episodes=379 -> 1 epoch = 2114 steps @ batch 48
[train] planned frames seen = 1440000 = 14.19 epochs

=== stage1 | steps=1650 batch=48 trainable: head=99.88M backbone=0.0M ===
[stage1] step    199 | mse=0.7397 L1=0.4036 PH=0.0000 total=0.7397 | VRAM=12.8GB | 0.313s/it
[stage1] step    399 | mse=0.5433 L1=0.3371 PH=0.0000 total=0.5433 | VRAM=12.8GB | 0.313s/it
[stage1] step    599 | mse=0.5014 L1=0.3213 PH=0.0000 total=0.5014 | VRAM=12.8GB | 0.314s/it
[stage1] step    799 | mse=0.4814 L1=0.3114 PH=0.0000 total=0.4814 | VRAM=12.8GB | 0.313s/it
[stage1] step    999 | mse=0.4608 L1=0.3028 PH=0.0000 total=0.4608 | VRAM=12.8GB | 0.315s/it
[stage1] step   1199 | mse=0.4521 L1=0.3003 PH=0.0000 total=0.4521 | VRAM=12.8GB | 0.329s/it
[stage1] step   1399 | mse=0.4399 L1=0.2925 PH=0.0000 total=0.4399 | VRAM=12.8GB | 0.326s/it
[stage1] step   1599 | mse=0.4381 L1=0.2907 PH=0.0000 total=0.4381 | VRAM=12.8GB | 0.319s/it
[ckpt] saved -> ../paper_repro/Long/runs/flow_s0/checkpoints/1650  (EMA weights)
LlamaModel does not expose input embeddings. Gradients cannot flow back to the token embeddings when using adapters or gradient checkpointing. Override `get_input_embeddings` to fully support those features, or set `_input_embed_layer` to the attribute name that holds the embeddings.

=== stage2 | steps=28350 batch=48 trainable: head=99.88M backbone=350.2M ===
[stage2] step   1849 | mse=0.4322 L1=0.2889 PH=0.0000 total=0.4322 | VRAM=53.6GB | 0.711s/it
[stage2] step   2049 | mse=0.4131 L1=0.2827 PH=0.0000 total=0.4131 | VRAM=53.6GB | 0.711s/it
[stage2] step   2249 | mse=0.4084 L1=0.2810 PH=0.0000 total=0.4084 | VRAM=53.6GB | 0.677s/it
[stage2] step   2449 | mse=0.3984 L1=0.2751 PH=0.0000 total=0.3984 | VRAM=53.6GB | 0.672s/it
[stage2] step   2649 | mse=0.3953 L1=0.2755 PH=0.0000 total=0.3953 | VRAM=53.6GB | 0.673s/it
[stage2] step   2849 | mse=0.3852 L1=0.2702 PH=0.0000 total=0.3852 | VRAM=53.6GB | 0.671s/it
[stage2] step   3049 | mse=0.3787 L1=0.2676 PH=0.0000 total=0.3787 | VRAM=53.6GB | 0.673s/it
[stage2] step   3249 | mse=0.3694 L1=0.2629 PH=0.0000 total=0.3694 | VRAM=53.6GB | 0.674s/it
[stage2] step   3449 | mse=0.3604 L1=0.2607 PH=0.0000 total=0.3604 | VRAM=53.6GB | 0.672s/it
[stage2] step   3649 | mse=0.3529 L1=0.2574 PH=0.0000 total=0.3529 | VRAM=53.6GB | 0.673s/it
[stage2] step   3849 | mse=0.3454 L1=0.2566 PH=0.0000 total=0.3454 | VRAM=53.6GB | 0.672s/it
[stage2] step   4049 | mse=0.3331 L1=0.2510 PH=0.0000 total=0.3331 | VRAM=53.6GB | 0.672s/it
[stage2] step   4249 | mse=0.3254 L1=0.2463 PH=0.0000 total=0.3254 | VRAM=53.6GB | 0.672s/it
[stage2] step   4449 | mse=0.3183 L1=0.2434 PH=0.0000 total=0.3183 | VRAM=53.6GB | 0.672s/it
[stage2] step   4649 | mse=0.3104 L1=0.2401 PH=0.0000 total=0.3104 | VRAM=53.6GB | 0.672s/it
[stage2] step   4849 | mse=0.2997 L1=0.2355 PH=0.0000 total=0.2997 | VRAM=53.6GB | 0.671s/it
[stage2] step   5049 | mse=0.2927 L1=0.2329 PH=0.0000 total=0.2927 | VRAM=53.6GB | 0.672s/it
[stage2] step   5249 | mse=0.2842 L1=0.2274 PH=0.0000 total=0.2842 | VRAM=53.6GB | 0.672s/it
[stage2] step   5449 | mse=0.2803 L1=0.2292 PH=0.0000 total=0.2803 | VRAM=53.6GB | 0.672s/it
[stage2] step   5649 | mse=0.2714 L1=0.2248 PH=0.0000 total=0.2714 | VRAM=53.6GB | 0.672s/it
[stage2] step   5849 | mse=0.2645 L1=0.2196 PH=0.0000 total=0.2645 | VRAM=53.6GB | 0.672s/it
[stage2] step   6049 | mse=0.2542 L1=0.2156 PH=0.0000 total=0.2542 | VRAM=53.6GB | 0.671s/it
[stage2] step   6249 | mse=0.2475 L1=0.2121 PH=0.0000 total=0.2475 | VRAM=53.6GB | 0.672s/it
[stage2] step   6449 | mse=0.2439 L1=0.2109 PH=0.0000 total=0.2439 | VRAM=53.6GB | 0.672s/it
[stage2] step   6649 | mse=0.2373 L1=0.2072 PH=0.0000 total=0.2373 | VRAM=53.6GB | 0.672s/it
[stage2] step   6849 | mse=0.2331 L1=0.2049 PH=0.0000 total=0.2331 | VRAM=53.6GB | 0.672s/it
[stage2] step   7049 | mse=0.2301 L1=0.2021 PH=0.0000 total=0.2301 | VRAM=53.6GB | 0.672s/it
[stage2] step   7249 | mse=0.2264 L1=0.2019 PH=0.0000 total=0.2264 | VRAM=53.6GB | 0.669s/it
[stage2] step   7449 | mse=0.2211 L1=0.1954 PH=0.0000 total=0.2211 | VRAM=53.6GB | 0.707s/it
[stage2] step   7649 | mse=0.2154 L1=0.1959 PH=0.0000 total=0.2154 | VRAM=53.6GB | 0.703s/it
[stage2] step   7849 | mse=0.2102 L1=0.1935 PH=0.0000 total=0.2102 | VRAM=53.6GB | 0.673s/it
[stage2] step   8049 | mse=0.2056 L1=0.1917 PH=0.0000 total=0.2056 | VRAM=53.6GB | 0.678s/it
[stage2] step   8249 | mse=0.2000 L1=0.1873 PH=0.0000 total=0.2000 | VRAM=53.6GB | 0.676s/it
[stage2] step   8449 | mse=0.1941 L1=0.1873 PH=0.0000 total=0.1941 | VRAM=53.6GB | 0.673s/it
[stage2] step   8649 | mse=0.1957 L1=0.1850 PH=0.0000 total=0.1957 | VRAM=53.6GB | 0.676s/it
[stage2] step   8849 | mse=0.1910 L1=0.1814 PH=0.0000 total=0.1910 | VRAM=53.6GB | 0.672s/it
[stage2] step   9049 | mse=0.1911 L1=0.1806 PH=0.0000 total=0.1911 | VRAM=53.6GB | 0.679s/it
[stage2] step   9249 | mse=0.1846 L1=0.1798 PH=0.0000 total=0.1846 | VRAM=53.6GB | 0.669s/it
[stage2] step   9449 | mse=0.1810 L1=0.1787 PH=0.0000 total=0.1810 | VRAM=53.6GB | 0.671s/it
[stage2] step   9649 | mse=0.1797 L1=0.1761 PH=0.0000 total=0.1797 | VRAM=53.6GB | 0.671s/it
[stage2] step   9849 | mse=0.1768 L1=0.1748 PH=0.0000 total=0.1768 | VRAM=53.6GB | 0.669s/it
[stage2] step  10049 | mse=0.1761 L1=0.1736 PH=0.0000 total=0.1761 | VRAM=53.6GB | 0.669s/it
[stage2] step  10249 | mse=0.1711 L1=0.1716 PH=0.0000 total=0.1711 | VRAM=53.6GB | 0.671s/it
[stage2] step  10449 | mse=0.1682 L1=0.1688 PH=0.0000 total=0.1682 | VRAM=53.6GB | 0.672s/it
[stage2] step  10649 | mse=0.1672 L1=0.1677 PH=0.0000 total=0.1672 | VRAM=53.6GB | 0.669s/it
[stage2] step  10849 | mse=0.1617 L1=0.1692 PH=0.0000 total=0.1617 | VRAM=53.6GB | 0.671s/it
[stage2] step  11049 | mse=0.1591 L1=0.1655 PH=0.0000 total=0.1591 | VRAM=53.6GB | 0.671s/it
[stage2] step  11249 | mse=0.1613 L1=0.1659 PH=0.0000 total=0.1613 | VRAM=53.6GB | 0.671s/it
[stage2] step  11449 | mse=0.1605 L1=0.1645 PH=0.0000 total=0.1605 | VRAM=53.6GB | 0.676s/it
[stage2] step  11649 | mse=0.1592 L1=0.1617 PH=0.0000 total=0.1592 | VRAM=53.6GB | 0.673s/it
[ckpt] saved -> ../paper_repro/Long/runs/flow_s0/checkpoints/11650  (EMA weights)
[stage2] step  11849 | mse=0.1560 L1=0.1635 PH=0.0000 total=0.1560 | VRAM=53.6GB | 0.671s/it
[stage2] step  12049 | mse=0.1538 L1=0.1609 PH=0.0000 total=0.1538 | VRAM=53.6GB | 0.673s/it
[stage2] step  12249 | mse=0.1505 L1=0.1606 PH=0.0000 total=0.1505 | VRAM=53.6GB | 0.669s/it
[stage2] step  12449 | mse=0.1483 L1=0.1580 PH=0.0000 total=0.1483 | VRAM=53.6GB | 0.671s/it
[stage2] step  12649 | mse=0.1483 L1=0.1576 PH=0.0000 total=0.1483 | VRAM=53.6GB | 0.670s/it
[stage2] step  12849 | mse=0.1460 L1=0.1557 PH=0.0000 total=0.1460 | VRAM=53.6GB | 0.670s/it
[stage2] step  13049 | mse=0.1455 L1=0.1560 PH=0.0000 total=0.1455 | VRAM=53.6GB | 0.672s/it
[stage2] step  13249 | mse=0.1445 L1=0.1536 PH=0.0000 total=0.1445 | VRAM=53.6GB | 0.671s/it
[stage2] step  13449 | mse=0.1431 L1=0.1566 PH=0.0000 total=0.1431 | VRAM=53.6GB | 1.440s/it
[stage2] step  13649 | mse=0.1426 L1=0.1549 PH=0.0000 total=0.1426 | VRAM=53.6GB | 0.979s/it
[stage2] step  13849 | mse=0.1405 L1=0.1518 PH=0.0000 total=0.1405 | VRAM=53.6GB | 0.671s/it
[stage2] step  14049 | mse=0.1416 L1=0.1528 PH=0.0000 total=0.1416 | VRAM=53.6GB | 0.672s/it
[stage2] step  14249 | mse=0.1357 L1=0.1533 PH=0.0000 total=0.1357 | VRAM=53.6GB | 0.678s/it
[stage2] step  14449 | mse=0.1349 L1=0.1524 PH=0.0000 total=0.1349 | VRAM=53.6GB | 0.840s/it
[stage2] step  14649 | mse=0.1327 L1=0.1500 PH=0.0000 total=0.1327 | VRAM=53.6GB | 0.671s/it
[stage2] step  14849 | mse=0.1338 L1=0.1495 PH=0.0000 total=0.1338 | VRAM=53.6GB | 0.677s/it
[stage2] step  15049 | mse=0.1315 L1=0.1502 PH=0.0000 total=0.1315 | VRAM=53.6GB | 0.674s/it
[stage2] step  15249 | mse=0.1333 L1=0.1477 PH=0.0000 total=0.1333 | VRAM=53.6GB | 0.671s/it
[stage2] step  15449 | mse=0.1283 L1=0.1477 PH=0.0000 total=0.1283 | VRAM=53.6GB | 0.672s/it
[stage2] step  15649 | mse=0.1320 L1=0.1462 PH=0.0000 total=0.1320 | VRAM=53.6GB | 0.672s/it
[stage2] step  15849 | mse=0.1282 L1=0.1482 PH=0.0000 total=0.1282 | VRAM=53.6GB | 0.852s/it
[stage2] step  16049 | mse=0.1288 L1=0.1468 PH=0.0000 total=0.1288 | VRAM=53.6GB | 0.673s/it
[stage2] step  16249 | mse=0.1262 L1=0.1458 PH=0.0000 total=0.1262 | VRAM=53.6GB | 0.674s/it
[stage2] step  16449 | mse=0.1261 L1=0.1469 PH=0.0000 total=0.1261 | VRAM=53.6GB | 4.062s/it
[stage2] step  16649 | mse=0.1267 L1=0.1435 PH=0.0000 total=0.1267 | VRAM=53.6GB | 3.881s/it
[stage2] step  16849 | mse=0.1222 L1=0.1431 PH=0.0000 total=0.1222 | VRAM=53.6GB | 4.026s/it
[stage2] step  17049 | mse=0.1226 L1=0.1438 PH=0.0000 total=0.1226 | VRAM=53.6GB | 3.909s/it
[stage2] step  17249 | mse=0.1217 L1=0.1433 PH=0.0000 total=0.1217 | VRAM=53.6GB | 3.892s/it
[stage2] step  17449 | mse=0.1208 L1=0.1434 PH=0.0000 total=0.1208 | VRAM=53.6GB | 3.984s/it
[stage2] step  17649 | mse=0.1187 L1=0.1421 PH=0.0000 total=0.1187 | VRAM=53.6GB | 3.859s/it
[stage2] step  17849 | mse=0.1213 L1=0.1417 PH=0.0000 total=0.1213 | VRAM=53.6GB | 3.772s/it
[stage2] step  18049 | mse=0.1201 L1=0.1412 PH=0.0000 total=0.1201 | VRAM=53.6GB | 3.738s/it
[stage2] step  18249 | mse=0.1230 L1=0.1404 PH=0.0000 total=0.1230 | VRAM=53.6GB | 3.851s/it
[stage2] step  18449 | mse=0.1168 L1=0.1397 PH=0.0000 total=0.1168 | VRAM=53.6GB | 3.901s/it
[stage2] step  18649 | mse=0.1169 L1=0.1393 PH=0.0000 total=0.1169 | VRAM=53.6GB | 0.671s/it
[stage2] step  18849 | mse=0.1146 L1=0.1383 PH=0.0000 total=0.1146 | VRAM=53.6GB | 0.672s/it
[stage2] step  19049 | mse=0.1158 L1=0.1374 PH=0.0000 total=0.1158 | VRAM=53.6GB | 0.673s/it
[stage2] step  19249 | mse=0.1156 L1=0.1378 PH=0.0000 total=0.1156 | VRAM=53.6GB | 0.672s/it
[stage2] step  19449 | mse=0.1128 L1=0.1388 PH=0.0000 total=0.1128 | VRAM=53.6GB | 0.670s/it
[stage2] step  19649 | mse=0.1144 L1=0.1380 PH=0.0000 total=0.1144 | VRAM=53.6GB | 0.672s/it
[stage2] step  19849 | mse=0.1141 L1=0.1385 PH=0.0000 total=0.1141 | VRAM=53.6GB | 0.672s/it
[stage2] step  20049 | mse=0.1128 L1=0.1354 PH=0.0000 total=0.1128 | VRAM=53.6GB | 0.675s/it
[stage2] step  20249 | mse=0.1123 L1=0.1361 PH=0.0000 total=0.1123 | VRAM=53.6GB | 0.676s/it
[stage2] step  20449 | mse=0.1114 L1=0.1360 PH=0.0000 total=0.1114 | VRAM=53.6GB | 0.671s/it
[stage2] step  20649 | mse=0.1110 L1=0.1359 PH=0.0000 total=0.1110 | VRAM=53.6GB | 0.673s/it
[stage2] step  20849 | mse=0.1096 L1=0.1330 PH=0.0000 total=0.1096 | VRAM=53.6GB | 0.672s/it
[stage2] step  21049 | mse=0.1099 L1=0.1365 PH=0.0000 total=0.1099 | VRAM=53.6GB | 0.678s/it
[stage2] step  21249 | mse=0.1088 L1=0.1350 PH=0.0000 total=0.1088 | VRAM=53.6GB | 0.721s/it
[stage2] step  21449 | mse=0.1071 L1=0.1346 PH=0.0000 total=0.1071 | VRAM=53.6GB | 0.682s/it
[stage2] step  21649 | mse=0.1075 L1=0.1327 PH=0.0000 total=0.1075 | VRAM=53.6GB | 0.673s/it
[ckpt] saved -> ../paper_repro/Long/runs/flow_s0/checkpoints/21650  (EMA weights)
[stage2] step  21849 | mse=0.1072 L1=0.1331 PH=0.0000 total=0.1072 | VRAM=53.6GB | 0.698s/it
[stage2] step  22049 | mse=0.1060 L1=0.1350 PH=0.0000 total=0.1060 | VRAM=53.6GB | 0.721s/it
[stage2] step  22249 | mse=0.1041 L1=0.1337 PH=0.0000 total=0.1041 | VRAM=53.6GB | 0.721s/it
[stage2] step  22449 | mse=0.1071 L1=0.1326 PH=0.0000 total=0.1071 | VRAM=53.6GB | 0.709s/it
[stage2] step  22649 | mse=0.1052 L1=0.1323 PH=0.0000 total=0.1052 | VRAM=53.6GB | 0.673s/it
[stage2] step  22849 | mse=0.1033 L1=0.1312 PH=0.0000 total=0.1033 | VRAM=53.6GB | 0.675s/it
[stage2] step  23049 | mse=0.1031 L1=0.1308 PH=0.0000 total=0.1031 | VRAM=53.6GB | 0.705s/it
[stage2] step  23249 | mse=0.1046 L1=0.1309 PH=0.0000 total=0.1046 | VRAM=53.6GB | 0.714s/it
[stage2] step  23449 | mse=0.1035 L1=0.1318 PH=0.0000 total=0.1035 | VRAM=53.6GB | 0.833s/it
[stage2] step  23649 | mse=0.1002 L1=0.1293 PH=0.0000 total=0.1002 | VRAM=53.6GB | 2.374s/it
[stage2] step  23849 | mse=0.1034 L1=0.1311 PH=0.0000 total=0.1034 | VRAM=53.6GB | 0.788s/it
[stage2] step  24049 | mse=0.1013 L1=0.1321 PH=0.0000 total=0.1013 | VRAM=53.6GB | 0.691s/it
[stage2] step  24249 | mse=0.1019 L1=0.1291 PH=0.0000 total=0.1019 | VRAM=53.6GB | 0.686s/it
[stage2] step  24449 | mse=0.1003 L1=0.1294 PH=0.0000 total=0.1003 | VRAM=53.6GB | 0.700s/it
[stage2] step  24649 | mse=0.1014 L1=0.1296 PH=0.0000 total=0.1014 | VRAM=53.6GB | 0.682s/it
[stage2] step  24849 | mse=0.1030 L1=0.1284 PH=0.0000 total=0.1030 | VRAM=53.6GB | 0.710s/it
[stage2] step  25049 | mse=0.0999 L1=0.1291 PH=0.0000 total=0.0999 | VRAM=53.6GB | 0.803s/it
[stage2] step  25249 | mse=0.0968 L1=0.1285 PH=0.0000 total=0.0968 | VRAM=53.6GB | 0.675s/it
[stage2] step  25449 | mse=0.0999 L1=0.1283 PH=0.0000 total=0.0999 | VRAM=53.6GB | 0.674s/it
[stage2] step  25649 | mse=0.0990 L1=0.1274 PH=0.0000 total=0.0990 | VRAM=53.6GB | 0.675s/it
[stage2] step  25849 | mse=0.0975 L1=0.1274 PH=0.0000 total=0.0975 | VRAM=53.6GB | 1.088s/it
[stage2] step  26049 | mse=0.0994 L1=0.1268 PH=0.0000 total=0.0994 | VRAM=53.6GB | 0.669s/it
[stage2] step  26249 | mse=0.0978 L1=0.1278 PH=0.0000 total=0.0978 | VRAM=53.6GB | 0.670s/it
[stage2] step  26449 | mse=0.0965 L1=0.1260 PH=0.0000 total=0.0965 | VRAM=53.6GB | 0.671s/it
[stage2] step  26649 | mse=0.0966 L1=0.1273 PH=0.0000 total=0.0966 | VRAM=53.6GB | 0.670s/it
[stage2] step  26849 | mse=0.0957 L1=0.1261 PH=0.0000 total=0.0957 | VRAM=53.6GB | 0.670s/it
[stage2] step  27049 | mse=0.0964 L1=0.1259 PH=0.0000 total=0.0964 | VRAM=53.6GB | 0.670s/it
[stage2] step  27249 | mse=0.0954 L1=0.1253 PH=0.0000 total=0.0954 | VRAM=53.6GB | 0.669s/it
[stage2] step  27449 | mse=0.0953 L1=0.1253 PH=0.0000 total=0.0953 | VRAM=53.6GB | 0.690s/it
[stage2] step  27649 | mse=0.0947 L1=0.1257 PH=0.0000 total=0.0947 | VRAM=53.6GB | 0.771s/it
[stage2] step  27849 | mse=0.0916 L1=0.1262 PH=0.0000 total=0.0916 | VRAM=53.6GB | 0.710s/it
[stage2] step  28049 | mse=0.0942 L1=0.1255 PH=0.0000 total=0.0942 | VRAM=53.6GB | 0.707s/it
[stage2] step  28249 | mse=0.0933 L1=0.1232 PH=0.0000 total=0.0933 | VRAM=53.6GB | 0.686s/it
[stage2] step  28449 | mse=0.0938 L1=0.1253 PH=0.0000 total=0.0938 | VRAM=53.6GB | 0.708s/it
[stage2] step  28649 | mse=0.0907 L1=0.1232 PH=0.0000 total=0.0907 | VRAM=53.6GB | 0.696s/it
[stage2] step  28849 | mse=0.0922 L1=0.1230 PH=0.0000 total=0.0922 | VRAM=53.6GB | 0.674s/it
[stage2] step  29049 | mse=0.0938 L1=0.1237 PH=0.0000 total=0.0938 | VRAM=53.6GB | 0.716s/it
[stage2] step  29249 | mse=0.0923 L1=0.1243 PH=0.0000 total=0.0923 | VRAM=53.6GB | 0.698s/it
[stage2] step  29449 | mse=0.0906 L1=0.1225 PH=0.0000 total=0.0906 | VRAM=53.6GB | 0.810s/it
[stage2] step  29649 | mse=0.0927 L1=0.1233 PH=0.0000 total=0.0927 | VRAM=53.6GB | 0.708s/it
[stage2] step  29849 | mse=0.0895 L1=0.1249 PH=0.0000 total=0.0895 | VRAM=53.6GB | 0.742s/it
[ckpt] saved -> ../paper_repro/Long/runs/flow_s0/checkpoints/30000  (EMA weights)

[train] DONE head=flow variant=baseline steps=30000 wall=566.3 min -> ../paper_repro/Long/runs/flow_s0
[06-17 18:58:34] TRAIN done   Long/flow
[06-17 18:58:34] EVAL start   Long -> eval_flow
`torch_dtype` is deprecated! Use `dtype` instead!
Warning: You are sending unauthenticated requests to the HF Hub. Please set a HF_TOKEN to enable higher rate limits and faster downloads.
WARNING:huggingface_hub.utils._http:Warning: You are sending unauthenticated requests to the HF Hub. Please set a HF_TOKEN to enable higher rate limits and faster downloads.
Loading  HuggingFaceTB/SmolVLM2-500M-Video-Instruct weights ...
Reducing the number of VLM layers to 16 ...
Loading weights from local directory
[eval] loaded flow (head=flow) replan=5 <- ../paper_repro/Long/runs/flow_s0/checkpoints/30000
[robosuite WARNING] No private macro file found! (__init__.py:7)
WARNING:robosuite_logs:No private macro file found!
[robosuite WARNING] It is recommended to use a private macro file (__init__.py:8)
WARNING:robosuite_logs:It is recommended to use a private macro file
[robosuite WARNING] To setup, run: python /home/user/Desktop/Ayush PH test/venv/lib/python3.12/site-packages/robosuite/scripts/setup_macros.py (__init__.py:9)
WARNING:robosuite_logs:To setup, run: python /home/user/Desktop/Ayush PH test/venv/lib/python3.12/site-packages/robosuite/scripts/setup_macros.py
Multiple -pix_fmt options specified for stream 0, only the last option '-pix_fmt yuv420p' will be used.
Multiple -pix_fmt options specified for stream 0, only the last option '-pix_fmt yuv420p' will be used.
Multiple -pix_fmt options specified for stream 0, only the last option '-pix_fmt yuv420p' will be used.
Multiple -pix_fmt options specified for stream 0, only the last option '-pix_fmt yuv420p' will be used.
Multiple -pix_fmt options specified for stream 0, only the last option '-pix_fmt yuv420p' will be used.
Multiple -pix_fmt options specified for stream 0, only the last option '-pix_fmt yuv420p' will be used.
Multiple -pix_fmt options specified for stream 0, only the last option '-pix_fmt yuv420p' will be used.
Multiple -pix_fmt options specified for stream 0, only the last option '-pix_fmt yuv420p' will be used.
Multiple -pix_fmt options specified for stream 0, only the last option '-pix_fmt yuv420p' will be used.
Multiple -pix_fmt options specified for stream 0, only the last option '-pix_fmt yuv420p' will be used.
Multiple -pix_fmt options specified for stream 0, only the last option '-pix_fmt yuv420p' will be used.
Multiple -pix_fmt options specified for stream 0, only the last option '-pix_fmt yuv420p' will be used.
Multiple -pix_fmt options specified for stream 0, only the last option '-pix_fmt yuv420p' will be used.
Multiple -pix_fmt options specified for stream 0, only the last option '-pix_fmt yuv420p' will be used.
Multiple -pix_fmt options specified for stream 0, only the last option '-pix_fmt yuv420p' will be used.
Multiple -pix_fmt options specified for stream 0, only the last option '-pix_fmt yuv420p' will be used.
Multiple -pix_fmt options specified for stream 0, only the last option '-pix_fmt yuv420p' will be used.
Multiple -pix_fmt options specified for stream 0, only the last option '-pix_fmt yuv420p' will be used.
Multiple -pix_fmt options specified for stream 0, only the last option '-pix_fmt yuv420p' will be used.
Multiple -pix_fmt options specified for stream 0, only the last option '-pix_fmt yuv420p' will be used.
[info] using task orders [0, 1, 2, 3, 4, 5, 6, 7, 8, 9]
[Warning]: datasets path /home/user/Desktop/Ayush PH test/data/libero_datasets does not exist!
[Warning]: datasets path /home/user/Desktop/Ayush PH test/data/libero_datasets does not exist!
[LIBERO-10] flow task0: 30.0%  (6/20 PASS, videos -> episode_videos/flow/)
Multiple -pix_fmt options specified for stream 0, only the last option '-pix_fmt yuv420p' will be used.
Multiple -pix_fmt options specified for stream 0, only the last option '-pix_fmt yuv420p' will be used.
Multiple -pix_fmt options specified for stream 0, only the last option '-pix_fmt yuv420p' will be used.
Multiple -pix_fmt options specified for stream 0, only the last option '-pix_fmt yuv420p' will be used.
Multiple -pix_fmt options specified for stream 0, only the last option '-pix_fmt yuv420p' will be used.
Multiple -pix_fmt options specified for stream 0, only the last option '-pix_fmt yuv420p' will be used.
Multiple -pix_fmt options specified for stream 0, only the last option '-pix_fmt yuv420p' will be used.
Multiple -pix_fmt options specified for stream 0, only the last option '-pix_fmt yuv420p' will be used.
Multiple -pix_fmt options specified for stream 0, only the last option '-pix_fmt yuv420p' will be used.
Multiple -pix_fmt options specified for stream 0, only the last option '-pix_fmt yuv420p' will be used.
Multiple -pix_fmt options specified for stream 0, only the last option '-pix_fmt yuv420p' will be used.
Multiple -pix_fmt options specified for stream 0, only the last option '-pix_fmt yuv420p' will be used.
Multiple -pix_fmt options specified for stream 0, only the last option '-pix_fmt yuv420p' will be used.
Multiple -pix_fmt options specified for stream 0, only the last option '-pix_fmt yuv420p' will be used.
Multiple -pix_fmt options specified for stream 0, only the last option '-pix_fmt yuv420p' will be used.
Multiple -pix_fmt options specified for stream 0, only the last option '-pix_fmt yuv420p' will be used.
Multiple -pix_fmt options specified for stream 0, only the last option '-pix_fmt yuv420p' will be used.
Multiple -pix_fmt options specified for stream 0, only the last option '-pix_fmt yuv420p' will be used.
Multiple -pix_fmt options specified for stream 0, only the last option '-pix_fmt yuv420p' will be used.
Multiple -pix_fmt options specified for stream 0, only the last option '-pix_fmt yuv420p' will be used.
[info] using task orders [0, 1, 2, 3, 4, 5, 6, 7, 8, 9]
[Warning]: datasets path /home/user/Desktop/Ayush PH test/data/libero_datasets does not exist!
[Warning]: datasets path /home/user/Desktop/Ayush PH test/data/libero_datasets does not exist!
[LIBERO-10] flow task1: 75.0%  (15/20 PASS, videos -> episode_videos/flow/)
Multiple -pix_fmt options specified for stream 0, only the last option '-pix_fmt yuv420p' will be used.
Multiple -pix_fmt options specified for stream 0, only the last option '-pix_fmt yuv420p' will be used.
Multiple -pix_fmt options specified for stream 0, only the last option '-pix_fmt yuv420p' will be used.
Multiple -pix_fmt options specified for stream 0, only the last option '-pix_fmt yuv420p' will be used.
Multiple -pix_fmt options specified for stream 0, only the last option '-pix_fmt yuv420p' will be used.
Multiple -pix_fmt options specified for stream 0, only the last option '-pix_fmt yuv420p' will be used.
Multiple -pix_fmt options specified for stream 0, only the last option '-pix_fmt yuv420p' will be used.
Multiple -pix_fmt options specified for stream 0, only the last option '-pix_fmt yuv420p' will be used.
Multiple -pix_fmt options specified for stream 0, only the last option '-pix_fmt yuv420p' will be used.
Multiple -pix_fmt options specified for stream 0, only the last option '-pix_fmt yuv420p' will be used.
Multiple -pix_fmt options specified for stream 0, only the last option '-pix_fmt yuv420p' will be used.
Multiple -pix_fmt options specified for stream 0, only the last option '-pix_fmt yuv420p' will be used.
Multiple -pix_fmt options specified for stream 0, only the last option '-pix_fmt yuv420p' will be used.
Multiple -pix_fmt options specified for stream 0, only the last option '-pix_fmt yuv420p' will be used.
Multiple -pix_fmt options specified for stream 0, only the last option '-pix_fmt yuv420p' will be used.
Multiple -pix_fmt options specified for stream 0, only the last option '-pix_fmt yuv420p' will be used.
Multiple -pix_fmt options specified for stream 0, only the last option '-pix_fmt yuv420p' will be used.
Multiple -pix_fmt options specified for stream 0, only the last option '-pix_fmt yuv420p' will be used.
Multiple -pix_fmt options specified for stream 0, only the last option '-pix_fmt yuv420p' will be used.
Multiple -pix_fmt options specified for stream 0, only the last option '-pix_fmt yuv420p' will be used.
[info] using task orders [0, 1, 2, 3, 4, 5, 6, 7, 8, 9]
[Warning]: datasets path /home/user/Desktop/Ayush PH test/data/libero_datasets does not exist!
[Warning]: datasets path /home/user/Desktop/Ayush PH test/data/libero_datasets does not exist!
[LIBERO-10] flow task2: 100.0%  (20/20 PASS, videos -> episode_videos/flow/)
Multiple -pix_fmt options specified for stream 0, only the last option '-pix_fmt yuv420p' will be used.
Multiple -pix_fmt options specified for stream 0, only the last option '-pix_fmt yuv420p' will be used.
Multiple -pix_fmt options specified for stream 0, only the last option '-pix_fmt yuv420p' will be used.
Multiple -pix_fmt options specified for stream 0, only the last option '-pix_fmt yuv420p' will be used.
Multiple -pix_fmt options specified for stream 0, only the last option '-pix_fmt yuv420p' will be used.
Multiple -pix_fmt options specified for stream 0, only the last option '-pix_fmt yuv420p' will be used.
Multiple -pix_fmt options specified for stream 0, only the last option '-pix_fmt yuv420p' will be used.
Multiple -pix_fmt options specified for stream 0, only the last option '-pix_fmt yuv420p' will be used.
Multiple -pix_fmt options specified for stream 0, only the last option '-pix_fmt yuv420p' will be used.
Multiple -pix_fmt options specified for stream 0, only the last option '-pix_fmt yuv420p' will be used.
Multiple -pix_fmt options specified for stream 0, only the last option '-pix_fmt yuv420p' will be used.
Multiple -pix_fmt options specified for stream 0, only the last option '-pix_fmt yuv420p' will be used.
Multiple -pix_fmt options specified for stream 0, only the last option '-pix_fmt yuv420p' will be used.
Multiple -pix_fmt options specified for stream 0, only the last option '-pix_fmt yuv420p' will be used.
Multiple -pix_fmt options specified for stream 0, only the last option '-pix_fmt yuv420p' will be used.
Multiple -pix_fmt options specified for stream 0, only the last option '-pix_fmt yuv420p' will be used.
Multiple -pix_fmt options specified for stream 0, only the last option '-pix_fmt yuv420p' will be used.
Multiple -pix_fmt options specified for stream 0, only the last option '-pix_fmt yuv420p' will be used.
Multiple -pix_fmt options specified for stream 0, only the last option '-pix_fmt yuv420p' will be used.
Multiple -pix_fmt options specified for stream 0, only the last option '-pix_fmt yuv420p' will be used.
[info] using task orders [0, 1, 2, 3, 4, 5, 6, 7, 8, 9]
[Warning]: datasets path /home/user/Desktop/Ayush PH test/data/libero_datasets does not exist!
[Warning]: datasets path /home/user/Desktop/Ayush PH test/data/libero_datasets does not exist!
[LIBERO-10] flow task3: 95.0%  (19/20 PASS, videos -> episode_videos/flow/)
Multiple -pix_fmt options specified for stream 0, only the last option '-pix_fmt yuv420p' will be used.
Multiple -pix_fmt options specified for stream 0, only the last option '-pix_fmt yuv420p' will be used.
Multiple -pix_fmt options specified for stream 0, only the last option '-pix_fmt yuv420p' will be used.
Multiple -pix_fmt options specified for stream 0, only the last option '-pix_fmt yuv420p' will be used.
Multiple -pix_fmt options specified for stream 0, only the last option '-pix_fmt yuv420p' will be used.
Multiple -pix_fmt options specified for stream 0, only the last option '-pix_fmt yuv420p' will be used.
Multiple -pix_fmt options specified for stream 0, only the last option '-pix_fmt yuv420p' will be used.
Multiple -pix_fmt options specified for stream 0, only the last option '-pix_fmt yuv420p' will be used.
Multiple -pix_fmt options specified for stream 0, only the last option '-pix_fmt yuv420p' will be used.
Multiple -pix_fmt options specified for stream 0, only the last option '-pix_fmt yuv420p' will be used.
Multiple -pix_fmt options specified for stream 0, only the last option '-pix_fmt yuv420p' will be used.
Multiple -pix_fmt options specified for stream 0, only the last option '-pix_fmt yuv420p' will be used.
Multiple -pix_fmt options specified for stream 0, only the last option '-pix_fmt yuv420p' will be used.
Multiple -pix_fmt options specified for stream 0, only the last option '-pix_fmt yuv420p' will be used.
Multiple -pix_fmt options specified for stream 0, only the last option '-pix_fmt yuv420p' will be used.
Multiple -pix_fmt options specified for stream 0, only the last option '-pix_fmt yuv420p' will be used.
Multiple -pix_fmt options specified for stream 0, only the last option '-pix_fmt yuv420p' will be used.
Multiple -pix_fmt options specified for stream 0, only the last option '-pix_fmt yuv420p' will be used.
Multiple -pix_fmt options specified for stream 0, only the last option '-pix_fmt yuv420p' will be used.
Multiple -pix_fmt options specified for stream 0, only the last option '-pix_fmt yuv420p' will be used.
[info] using task orders [0, 1, 2, 3, 4, 5, 6, 7, 8, 9]
[Warning]: datasets path /home/user/Desktop/Ayush PH test/data/libero_datasets does not exist!
[Warning]: datasets path /home/user/Desktop/Ayush PH test/data/libero_datasets does not exist!
[LIBERO-10] flow task4: 60.0%  (12/20 PASS, videos -> episode_videos/flow/)
Multiple -pix_fmt options specified for stream 0, only the last option '-pix_fmt yuv420p' will be used.
Multiple -pix_fmt options specified for stream 0, only the last option '-pix_fmt yuv420p' will be used.
Multiple -pix_fmt options specified for stream 0, only the last option '-pix_fmt yuv420p' will be used.
Multiple -pix_fmt options specified for stream 0, only the last option '-pix_fmt yuv420p' will be used.
Multiple -pix_fmt options specified for stream 0, only the last option '-pix_fmt yuv420p' will be used.
Multiple -pix_fmt options specified for stream 0, only the last option '-pix_fmt yuv420p' will be used.
Multiple -pix_fmt options specified for stream 0, only the last option '-pix_fmt yuv420p' will be used.
Multiple -pix_fmt options specified for stream 0, only the last option '-pix_fmt yuv420p' will be used.
Multiple -pix_fmt options specified for stream 0, only the last option '-pix_fmt yuv420p' will be used.
Multiple -pix_fmt options specified for stream 0, only the last option '-pix_fmt yuv420p' will be used.
Multiple -pix_fmt options specified for stream 0, only the last option '-pix_fmt yuv420p' will be used.
Multiple -pix_fmt options specified for stream 0, only the last option '-pix_fmt yuv420p' will be used.
Multiple -pix_fmt options specified for stream 0, only the last option '-pix_fmt yuv420p' will be used.
Multiple -pix_fmt options specified for stream 0, only the last option '-pix_fmt yuv420p' will be used.
Multiple -pix_fmt options specified for stream 0, only the last option '-pix_fmt yuv420p' will be used.
Multiple -pix_fmt options specified for stream 0, only the last option '-pix_fmt yuv420p' will be used.
Multiple -pix_fmt options specified for stream 0, only the last option '-pix_fmt yuv420p' will be used.
Multiple -pix_fmt options specified for stream 0, only the last option '-pix_fmt yuv420p' will be used.
Multiple -pix_fmt options specified for stream 0, only the last option '-pix_fmt yuv420p' will be used.
Multiple -pix_fmt options specified for stream 0, only the last option '-pix_fmt yuv420p' will be used.
[info] using task orders [0, 1, 2, 3, 4, 5, 6, 7, 8, 9]
[Warning]: datasets path /home/user/Desktop/Ayush PH test/data/libero_datasets does not exist!
[Warning]: datasets path /home/user/Desktop/Ayush PH test/data/libero_datasets does not exist!
[LIBERO-10] flow task5: 85.0%  (17/20 PASS, videos -> episode_videos/flow/)
Multiple -pix_fmt options specified for stream 0, only the last option '-pix_fmt yuv420p' will be used.
Multiple -pix_fmt options specified for stream 0, only the last option '-pix_fmt yuv420p' will be used.
Multiple -pix_fmt options specified for stream 0, only the last option '-pix_fmt yuv420p' will be used.
Multiple -pix_fmt options specified for stream 0, only the last option '-pix_fmt yuv420p' will be used.
Multiple -pix_fmt options specified for stream 0, only the last option '-pix_fmt yuv420p' will be used.
Multiple -pix_fmt options specified for stream 0, only the last option '-pix_fmt yuv420p' will be used.
Multiple -pix_fmt options specified for stream 0, only the last option '-pix_fmt yuv420p' will be used.
Multiple -pix_fmt options specified for stream 0, only the last option '-pix_fmt yuv420p' will be used.
Multiple -pix_fmt options specified for stream 0, only the last option '-pix_fmt yuv420p' will be used.
Multiple -pix_fmt options specified for stream 0, only the last option '-pix_fmt yuv420p' will be used.
Multiple -pix_fmt options specified for stream 0, only the last option '-pix_fmt yuv420p' will be used.
Multiple -pix_fmt options specified for stream 0, only the last option '-pix_fmt yuv420p' will be used.
Multiple -pix_fmt options specified for stream 0, only the last option '-pix_fmt yuv420p' will be used.
Multiple -pix_fmt options specified for stream 0, only the last option '-pix_fmt yuv420p' will be used.
Multiple -pix_fmt options specified for stream 0, only the last option '-pix_fmt yuv420p' will be used.
Multiple -pix_fmt options specified for stream 0, only the last option '-pix_fmt yuv420p' will be used.
Multiple -pix_fmt options specified for stream 0, only the last option '-pix_fmt yuv420p' will be used.
Multiple -pix_fmt options specified for stream 0, only the last option '-pix_fmt yuv420p' will be used.
Multiple -pix_fmt options specified for stream 0, only the last option '-pix_fmt yuv420p' will be used.
Multiple -pix_fmt options specified for stream 0, only the last option '-pix_fmt yuv420p' will be used.
[info] using task orders [0, 1, 2, 3, 4, 5, 6, 7, 8, 9]
[Warning]: datasets path /home/user/Desktop/Ayush PH test/data/libero_datasets does not exist!
[Warning]: datasets path /home/user/Desktop/Ayush PH test/data/libero_datasets does not exist!
[LIBERO-10] flow task6: 65.0%  (13/20 PASS, videos -> episode_videos/flow/)
Multiple -pix_fmt options specified for stream 0, only the last option '-pix_fmt yuv420p' will be used.
Multiple -pix_fmt options specified for stream 0, only the last option '-pix_fmt yuv420p' will be used.
Multiple -pix_fmt options specified for stream 0, only the last option '-pix_fmt yuv420p' will be used.
Multiple -pix_fmt options specified for stream 0, only the last option '-pix_fmt yuv420p' will be used.
Multiple -pix_fmt options specified for stream 0, only the last option '-pix_fmt yuv420p' will be used.
Multiple -pix_fmt options specified for stream 0, only the last option '-pix_fmt yuv420p' will be used.
Multiple -pix_fmt options specified for stream 0, only the last option '-pix_fmt yuv420p' will be used.
Multiple -pix_fmt options specified for stream 0, only the last option '-pix_fmt yuv420p' will be used.
Multiple -pix_fmt options specified for stream 0, only the last option '-pix_fmt yuv420p' will be used.
Multiple -pix_fmt options specified for stream 0, only the last option '-pix_fmt yuv420p' will be used.
Multiple -pix_fmt options specified for stream 0, only the last option '-pix_fmt yuv420p' will be used.
Multiple -pix_fmt options specified for stream 0, only the last option '-pix_fmt yuv420p' will be used.
Multiple -pix_fmt options specified for stream 0, only the last option '-pix_fmt yuv420p' will be used.
Multiple -pix_fmt options specified for stream 0, only the last option '-pix_fmt yuv420p' will be used.
Multiple -pix_fmt options specified for stream 0, only the last option '-pix_fmt yuv420p' will be used.
Multiple -pix_fmt options specified for stream 0, only the last option '-pix_fmt yuv420p' will be used.
Multiple -pix_fmt options specified for stream 0, only the last option '-pix_fmt yuv420p' will be used.
Multiple -pix_fmt options specified for stream 0, only the last option '-pix_fmt yuv420p' will be used.
Multiple -pix_fmt options specified for stream 0, only the last option '-pix_fmt yuv420p' will be used.
Multiple -pix_fmt options specified for stream 0, only the last option '-pix_fmt yuv420p' will be used.
[info] using task orders [0, 1, 2, 3, 4, 5, 6, 7, 8, 9]
[Warning]: datasets path /home/user/Desktop/Ayush PH test/data/libero_datasets does not exist!
[Warning]: datasets path /home/user/Desktop/Ayush PH test/data/libero_datasets does not exist!
[LIBERO-10] flow task7: 60.0%  (12/20 PASS, videos -> episode_videos/flow/)
Multiple -pix_fmt options specified for stream 0, only the last option '-pix_fmt yuv420p' will be used.
Multiple -pix_fmt options specified for stream 0, only the last option '-pix_fmt yuv420p' will be used.
Multiple -pix_fmt options specified for stream 0, only the last option '-pix_fmt yuv420p' will be used.
Multiple -pix_fmt options specified for stream 0, only the last option '-pix_fmt yuv420p' will be used.
Multiple -pix_fmt options specified for stream 0, only the last option '-pix_fmt yuv420p' will be used.
Multiple -pix_fmt options specified for stream 0, only the last option '-pix_fmt yuv420p' will be used.
Multiple -pix_fmt options specified for stream 0, only the last option '-pix_fmt yuv420p' will be used.
Multiple -pix_fmt options specified for stream 0, only the last option '-pix_fmt yuv420p' will be used.
Multiple -pix_fmt options specified for stream 0, only the last option '-pix_fmt yuv420p' will be used.
Multiple -pix_fmt options specified for stream 0, only the last option '-pix_fmt yuv420p' will be used.
Multiple -pix_fmt options specified for stream 0, only the last option '-pix_fmt yuv420p' will be used.
Multiple -pix_fmt options specified for stream 0, only the last option '-pix_fmt yuv420p' will be used.
Multiple -pix_fmt options specified for stream 0, only the last option '-pix_fmt yuv420p' will be used.
Multiple -pix_fmt options specified for stream 0, only the last option '-pix_fmt yuv420p' will be used.
Multiple -pix_fmt options specified for stream 0, only the last option '-pix_fmt yuv420p' will be used.
Multiple -pix_fmt options specified for stream 0, only the last option '-pix_fmt yuv420p' will be used.
Multiple -pix_fmt options specified for stream 0, only the last option '-pix_fmt yuv420p' will be used.
Multiple -pix_fmt options specified for stream 0, only the last option '-pix_fmt yuv420p' will be used.
Multiple -pix_fmt options specified for stream 0, only the last option '-pix_fmt yuv420p' will be used.
Multiple -pix_fmt options specified for stream 0, only the last option '-pix_fmt yuv420p' will be used.
[info] using task orders [0, 1, 2, 3, 4, 5, 6, 7, 8, 9]
[Warning]: datasets path /home/user/Desktop/Ayush PH test/data/libero_datasets does not exist!
[Warning]: datasets path /home/user/Desktop/Ayush PH test/data/libero_datasets does not exist!
[LIBERO-10] flow task8: 30.0%  (6/20 PASS, videos -> episode_videos/flow/)
Multiple -pix_fmt options specified for stream 0, only the last option '-pix_fmt yuv420p' will be used.
Multiple -pix_fmt options specified for stream 0, only the last option '-pix_fmt yuv420p' will be used.
Multiple -pix_fmt options specified for stream 0, only the last option '-pix_fmt yuv420p' will be used.
Multiple -pix_fmt options specified for stream 0, only the last option '-pix_fmt yuv420p' will be used.
Multiple -pix_fmt options specified for stream 0, only the last option '-pix_fmt yuv420p' will be used.
Multiple -pix_fmt options specified for stream 0, only the last option '-pix_fmt yuv420p' will be used.
Multiple -pix_fmt options specified for stream 0, only the last option '-pix_fmt yuv420p' will be used.
Multiple -pix_fmt options specified for stream 0, only the last option '-pix_fmt yuv420p' will be used.
Multiple -pix_fmt options specified for stream 0, only the last option '-pix_fmt yuv420p' will be used.
Multiple -pix_fmt options specified for stream 0, only the last option '-pix_fmt yuv420p' will be used.
Multiple -pix_fmt options specified for stream 0, only the last option '-pix_fmt yuv420p' will be used.
Multiple -pix_fmt options specified for stream 0, only the last option '-pix_fmt yuv420p' will be used.
Multiple -pix_fmt options specified for stream 0, only the last option '-pix_fmt yuv420p' will be used.
Multiple -pix_fmt options specified for stream 0, only the last option '-pix_fmt yuv420p' will be used.
Multiple -pix_fmt options specified for stream 0, only the last option '-pix_fmt yuv420p' will be used.
Multiple -pix_fmt options specified for stream 0, only the last option '-pix_fmt yuv420p' will be used.
Multiple -pix_fmt options specified for stream 0, only the last option '-pix_fmt yuv420p' will be used.
Multiple -pix_fmt options specified for stream 0, only the last option '-pix_fmt yuv420p' will be used.
Multiple -pix_fmt options specified for stream 0, only the last option '-pix_fmt yuv420p' will be used.
Multiple -pix_fmt options specified for stream 0, only the last option '-pix_fmt yuv420p' will be used.
[info] using task orders [0, 1, 2, 3, 4, 5, 6, 7, 8, 9]
[Warning]: datasets path /home/user/Desktop/Ayush PH test/data/libero_datasets does not exist!
[Warning]: datasets path /home/user/Desktop/Ayush PH test/data/libero_datasets does not exist!
[LIBERO-10] flow task9: 65.0%  (13/20 PASS, videos -> episode_videos/flow/)
[eval] DONE. summary: {
  "flow": {
    "LIBERO-10_avg": 0.665,
    "LIBERO-10-V_avg": null
  }
}
[06-17 19:58:19] EVAL done    Long
  saved 1_accuracy.png
  saved 3_success_per_task.png
[Long_FLOW] plots+CSVs -> ../paper_repro/Long/plots ../paper_repro/Long/data
[Long_FLOW] in-dist acc: {'M1 flow': 66.5, 'M3 DeepONet-v2': None, 'M4 DeepONet+PH-v2': None}
[Long_FLOW] robustness : {'M1 flow': None, 'M3 DeepONet-v2': None, 'M4 DeepONet+PH-v2': None}
[LIBERO-10] FULL 10-task average = 66.5%
[LIBERO-10] EXCL task0 (30%) -> 9-task average = 70.6%
[LIBERO-10] wrote summary_full.json + summary_excl_task0.json + summary_both.csv -> ../paper_repro/Long/runs/eval_flow
[06-17 19:58:20] ######## RESULT READY: Long flow 30K -> ../paper_repro/Long/runs/eval_flow (full + excl-lowest) ########
[06-17 19:58:20] ==== OBJECT + LONG recovery run DONE ====
