[train] head=deeponet variant=baseline seed=0 out=runs/m3_deeponet_s0
`torch_dtype` is deprecated! Use `dtype` instead!
Loading  HuggingFaceTB/SmolVLM2-500M-Video-Instruct weights ...
Loading weights:   0%|          | 0/489 [00:00<?, ?it/s]Loading weights: 100%|██████████| 489/489 [00:00<00:00, 7100.92it/s]
Reducing the number of VLM layers to 16 ...
Loading  HuggingFaceTB/SmolVLM2-500M-Video-Instruct weights ...
Loading weights:   0%|          | 0/489 [00:00<?, ?it/s]Loading weights: 100%|██████████| 489/489 [00:00<00:00, 6750.98it/s]
WARNING:root:Missing key(s) when loading model: {'model.deeponet.branch.1.bias', 'model.deeponet.branch.4.weight', 'model.deeponet.out_mlp.0.bias', 'model.deeponet.trunk.2.bias', 'model.deeponet.out_mlp.2.bias', 'model.deeponet.trunk.4.bias', 'model.deeponet.trunk.4.weight', 'model.deeponet.trunk.0.bias', 'model.deeponet.branch.4.bias', 'model.deeponet.trunk.6.weight', 'model.deeponet.out_mlp.2.weight', 'model.deeponet.branch.3.weight', 'model.deeponet.trunk.6.bias', 'model.deeponet.branch.0.bias', 'model.deeponet.trunk.0.weight', 'model.deeponet.trunk.2.weight', 'model.deeponet.branch.6.weight', 'model.deeponet.branch.6.bias', 'model.deeponet.out_mlp.0.weight', 'model.deeponet.branch.0.weight', 'model.deeponet.branch.3.bias', 'model.deeponet.branch.1.weight', 'model.deeponet.out_bias'}
Reducing the number of VLM layers to 16 ...
Fetching 4 files:   0%|          | 0/4 [00:00<?, ?it/s]Fetching 4 files: 100%|██████████| 4/4 [00:00<00:00, 4536.84it/s]
Fetching 4 files:   0%|          | 0/4 [00:00<?, ?it/s]Fetching 4 files: 100%|██████████| 4/4 [00:00<00:00, 8494.79it/s]
[train] dataset frames=52970 episodes=432 -> 1 epoch = 1104 steps @ batch 48
[train] planned frames seen = 398400 = 7.52 epochs

=== stage1 | steps=1650 batch=48 trainable: head=2.31M backbone=0.0M ===
[stage1] step    199 | mse=0.7454 L1=0.7272 PH=0.0000 total=0.7454 | VRAM=9.2GB | 0.273s/it
[stage1] step    399 | mse=0.5892 L1=0.6243 PH=0.0000 total=0.5892 | VRAM=9.2GB | 0.274s/it
[stage1] step    599 | mse=0.4915 L1=0.5620 PH=0.0000 total=0.4915 | VRAM=9.2GB | 0.274s/it
[stage1] step    799 | mse=0.4520 L1=0.5368 PH=0.0000 total=0.4520 | VRAM=9.2GB | 0.274s/it
[stage1] step    999 | mse=0.4340 L1=0.5275 PH=0.0000 total=0.4340 | VRAM=9.2GB | 0.274s/it
[stage1] step   1199 | mse=0.4116 L1=0.5158 PH=0.0000 total=0.4116 | VRAM=9.2GB | 7.261s/it
[stage1] step   1399 | mse=0.4112 L1=0.5109 PH=0.0000 total=0.4112 | VRAM=9.2GB | 5.194s/it
[stage1] step   1599 | mse=0.3965 L1=0.5041 PH=0.0000 total=0.3965 | VRAM=9.2GB | 7.397s/it
[ckpt] saved -> runs/m3_deeponet_s0/checkpoints/1650  (EMA weights)

=== stage2 | steps=6650 batch=48 trainable: head=2.31M backbone=350.2M ===
[stage2] step   1849 | mse=0.3971 L1=0.5024 PH=0.0000 total=0.3971 | VRAM=50.0GB | 0.630s/it
[stage2] step   2049 | mse=0.3787 L1=0.4936 PH=0.0000 total=0.3787 | VRAM=50.0GB | 0.629s/it
[stage2] step   2249 | mse=0.3732 L1=0.4853 PH=0.0000 total=0.3732 | VRAM=50.0GB | 0.630s/it
[stage2] step   2449 | mse=0.3555 L1=0.4777 PH=0.0000 total=0.3555 | VRAM=50.0GB | 0.632s/it
[stage2] step   2649 | mse=0.3450 L1=0.4684 PH=0.0000 total=0.3450 | VRAM=50.0GB | 0.629s/it
[stage2] step   2849 | mse=0.3366 L1=0.4616 PH=0.0000 total=0.3366 | VRAM=50.0GB | 5.385s/it
[stage2] step   3049 | mse=0.3215 L1=0.4550 PH=0.0000 total=0.3215 | VRAM=50.0GB | 0.627s/it
[stage2] step   3249 | mse=0.3134 L1=0.4503 PH=0.0000 total=0.3134 | VRAM=50.0GB | 0.628s/it
[stage2] step   3449 | mse=0.3018 L1=0.4453 PH=0.0000 total=0.3018 | VRAM=50.0GB | 0.628s/it
[stage2] step   3649 | mse=0.2905 L1=0.4369 PH=0.0000 total=0.2905 | VRAM=50.0GB | 0.670s/it
[stage2] step   3849 | mse=0.2846 L1=0.4347 PH=0.0000 total=0.2846 | VRAM=50.0GB | 0.634s/it
[stage2] step   4049 | mse=0.2683 L1=0.4265 PH=0.0000 total=0.2683 | VRAM=50.0GB | 1.860s/it
[stage2] step   4249 | mse=0.2613 L1=0.4221 PH=0.0000 total=0.2613 | VRAM=50.0GB | 5.314s/it
[stage2] step   4449 | mse=0.2520 L1=0.4157 PH=0.0000 total=0.2520 | VRAM=50.0GB | 5.556s/it
[stage2] step   4649 | mse=0.2477 L1=0.4142 PH=0.0000 total=0.2477 | VRAM=50.0GB | 5.272s/it
[ckpt] saved -> runs/m3_deeponet_s0/checkpoints/4650  (EMA weights)
[stage2] step   4849 | mse=0.2347 L1=0.4055 PH=0.0000 total=0.2347 | VRAM=50.0GB | 5.280s/it
[stage2] step   5049 | mse=0.2288 L1=0.4008 PH=0.0000 total=0.2288 | VRAM=50.0GB | 0.639s/it
[stage2] step   5249 | mse=0.2190 L1=0.3981 PH=0.0000 total=0.2190 | VRAM=50.0GB | 0.647s/it
[stage2] step   5449 | mse=0.2106 L1=0.3943 PH=0.0000 total=0.2106 | VRAM=50.0GB | 0.645s/it
[stage2] step   5649 | mse=0.2073 L1=0.3891 PH=0.0000 total=0.2073 | VRAM=50.0GB | 0.659s/it
[stage2] step   5849 | mse=0.2018 L1=0.3861 PH=0.0000 total=0.2018 | VRAM=50.0GB | 0.647s/it
[stage2] step   6049 | mse=0.1954 L1=0.3807 PH=0.0000 total=0.1954 | VRAM=50.0GB | 0.648s/it
[stage2] step   6249 | mse=0.1848 L1=0.3760 PH=0.0000 total=0.1848 | VRAM=50.0GB | 0.655s/it
[stage2] step   6449 | mse=0.1803 L1=0.3699 PH=0.0000 total=0.1803 | VRAM=50.0GB | 0.644s/it
[stage2] step   6649 | mse=0.1769 L1=0.3680 PH=0.0000 total=0.1769 | VRAM=50.0GB | 0.707s/it
[stage2] step   6849 | mse=0.1720 L1=0.3678 PH=0.0000 total=0.1720 | VRAM=50.0GB | 0.648s/it
[stage2] step   7049 | mse=0.1711 L1=0.3638 PH=0.0000 total=0.1711 | VRAM=50.0GB | 0.646s/it
[stage2] step   7249 | mse=0.1617 L1=0.3587 PH=0.0000 total=0.1617 | VRAM=50.0GB | 0.647s/it
[stage2] step   7449 | mse=0.1563 L1=0.3534 PH=0.0000 total=0.1563 | VRAM=50.0GB | 0.630s/it
[stage2] step   7649 | mse=0.1549 L1=0.3538 PH=0.0000 total=0.1549 | VRAM=50.0GB | 0.631s/it
[ckpt] saved -> runs/m3_deeponet_s0/checkpoints/7650  (EMA weights)
[stage2] step   7849 | mse=0.1528 L1=0.3489 PH=0.0000 total=0.1528 | VRAM=50.0GB | 0.630s/it
[stage2] step   8049 | mse=0.1506 L1=0.3462 PH=0.0000 total=0.1506 | VRAM=50.0GB | 0.629s/it
[stage2] step   8249 | mse=0.1454 L1=0.3443 PH=0.0000 total=0.1454 | VRAM=50.0GB | 0.629s/it
[ckpt] saved -> runs/m3_deeponet_s0/checkpoints/8300  (EMA weights)

[train] DONE head=deeponet variant=baseline steps=8300 wall=163.4 min -> runs/m3_deeponet_s0
