[train] head=deeponet variant=ph seed=2 out=runs/m4_deeponet_ph_s2
`torch_dtype` is deprecated! Use `dtype` instead!
Loading  HuggingFaceTB/SmolVLM2-500M-Video-Instruct weights ...
Loading weights:   0%|          | 0/489 [00:00<?, ?it/s]Loading weights: 100%|██████████| 489/489 [00:00<00:00, 6247.91it/s]
Reducing the number of VLM layers to 16 ...
Loading  HuggingFaceTB/SmolVLM2-500M-Video-Instruct weights ...
Loading weights:   0%|          | 0/489 [00:00<?, ?it/s]Loading weights: 100%|██████████| 489/489 [00:00<00:00, 6665.89it/s]
WARNING:root:Missing key(s) when loading model: {'model.deeponet.branch.4.bias', 'model.deeponet.trunk.0.bias', 'model.deeponet.out_bias', 'model.deeponet.trunk.2.bias', 'model.deeponet.trunk.0.weight', 'model.deeponet.branch.6.bias', 'model.deeponet.branch.3.bias', 'model.deeponet.branch.6.weight', 'model.deeponet.out_mlp.2.weight', 'model.deeponet.branch.0.bias', 'model.deeponet.branch.1.weight', 'model.deeponet.trunk.6.weight', 'model.deeponet.trunk.4.bias', 'model.deeponet.out_mlp.0.bias', 'model.deeponet.branch.3.weight', 'model.deeponet.out_mlp.0.weight', 'model.deeponet.trunk.6.bias', 'model.deeponet.trunk.2.weight', 'model.deeponet.branch.4.weight', 'model.deeponet.out_mlp.2.bias', 'model.deeponet.branch.1.bias', 'model.deeponet.trunk.4.weight', 'model.deeponet.branch.0.weight'}
Reducing the number of VLM layers to 16 ...
Fetching 4 files:   0%|          | 0/4 [00:00<?, ?it/s]Fetching 4 files: 100%|██████████| 4/4 [00:00<00:00, 8943.08it/s]
Fetching 4 files:   0%|          | 0/4 [00:00<?, ?it/s]Fetching 4 files: 100%|██████████| 4/4 [00:00<00:00, 2911.19it/s]
[train] dataset frames=52970 episodes=432 -> 1 epoch = 1104 steps @ batch 48
[train] planned frames seen = 398400 = 7.52 epochs

=== stage1 | steps=1650 batch=48 trainable: head=2.31M backbone=0.0M ===
[stage1] step    199 | mse=0.7378 L1=0.7237 PH=3.5402 total=0.8087 | VRAM=9.2GB | 0.301s/it
[stage1] step    399 | mse=0.5659 L1=0.6117 PH=1.8929 total=0.6038 | VRAM=9.2GB | 0.296s/it
[stage1] step    599 | mse=0.4911 L1=0.5657 PH=1.6335 total=0.5238 | VRAM=9.2GB | 0.275s/it
[stage1] step    799 | mse=0.4633 L1=0.5481 PH=1.5324 total=0.4939 | VRAM=9.2GB | 0.750s/it
[stage1] step    999 | mse=0.4385 L1=0.5316 PH=1.4478 total=0.4674 | VRAM=9.2GB | 0.276s/it
[stage1] step   1199 | mse=0.4247 L1=0.5229 PH=1.4247 total=0.4532 | VRAM=9.2GB | 3.678s/it
[stage1] step   1399 | mse=0.4094 L1=0.5154 PH=1.3280 total=0.4359 | VRAM=9.2GB | 2.132s/it
[stage1] step   1599 | mse=0.4084 L1=0.5133 PH=1.3144 total=0.4347 | VRAM=9.2GB | 0.274s/it
[ckpt] saved -> runs/m4_deeponet_ph_s2/checkpoints/1650  (EMA weights)

=== stage2 | steps=6650 batch=48 trainable: head=2.31M backbone=350.2M ===
[stage2] step   1849 | mse=0.4028 L1=0.5094 PH=1.3077 total=0.4289 | VRAM=50.0GB | 0.767s/it
[stage2] step   2049 | mse=0.3861 L1=0.4962 PH=1.2210 total=0.4105 | VRAM=50.0GB | 0.635s/it
[stage2] step   2249 | mse=0.3764 L1=0.4903 PH=1.1724 total=0.3999 | VRAM=50.0GB | 0.634s/it
[stage2] step   2449 | mse=0.3638 L1=0.4792 PH=1.1282 total=0.3864 | VRAM=50.0GB | 0.674s/it
[stage2] step   2649 | mse=0.3504 L1=0.4739 PH=1.0953 total=0.3723 | VRAM=50.0GB | 0.633s/it
[stage2] step   2849 | mse=0.3435 L1=0.4681 PH=1.0756 total=0.3650 | VRAM=50.0GB | 4.120s/it
[stage2] step   3049 | mse=0.3266 L1=0.4608 PH=1.0314 total=0.3473 | VRAM=50.0GB | 4.030s/it
[stage2] step   3249 | mse=0.3175 L1=0.4541 PH=0.9916 total=0.3373 | VRAM=50.0GB | 3.587s/it
[stage2] step   3449 | mse=0.3055 L1=0.4452 PH=0.9657 total=0.3248 | VRAM=50.0GB | 2.769s/it
[stage2] step   3649 | mse=0.2955 L1=0.4411 PH=0.9695 total=0.3149 | VRAM=50.0GB | 2.028s/it
[stage2] step   3849 | mse=0.2889 L1=0.4376 PH=0.9393 total=0.3077 | VRAM=50.0GB | 1.415s/it
[stage2] step   4049 | mse=0.2714 L1=0.4280 PH=0.8949 total=0.2893 | VRAM=50.0GB | 0.631s/it
[stage2] step   4249 | mse=0.2672 L1=0.4239 PH=0.8763 total=0.2848 | VRAM=50.0GB | 0.635s/it
[stage2] step   4449 | mse=0.2589 L1=0.4204 PH=0.8850 total=0.2766 | VRAM=50.0GB | 0.632s/it
[stage2] step   4649 | mse=0.2476 L1=0.4161 PH=0.8399 total=0.2644 | VRAM=50.0GB | 0.721s/it
[ckpt] saved -> runs/m4_deeponet_ph_s2/checkpoints/4650  (EMA weights)
[stage2] step   4849 | mse=0.2398 L1=0.4078 PH=0.8233 total=0.2563 | VRAM=50.0GB | 0.684s/it
[stage2] step   5049 | mse=0.2305 L1=0.4025 PH=0.7908 total=0.2464 | VRAM=50.0GB | 0.630s/it
[stage2] step   5249 | mse=0.2198 L1=0.3967 PH=0.7705 total=0.2352 | VRAM=50.0GB | 0.744s/it
[stage2] step   5449 | mse=0.2158 L1=0.3940 PH=0.7508 total=0.2308 | VRAM=50.0GB | 0.632s/it
[stage2] step   5649 | mse=0.2094 L1=0.3868 PH=0.7401 total=0.2242 | VRAM=50.0GB | 0.632s/it
[stage2] step   5849 | mse=0.2038 L1=0.3844 PH=0.7239 total=0.2183 | VRAM=50.0GB | 0.632s/it
[stage2] step   6049 | mse=0.1993 L1=0.3806 PH=0.7106 total=0.2135 | VRAM=50.0GB | 0.632s/it
[stage2] step   6249 | mse=0.1871 L1=0.3713 PH=0.6670 total=0.2004 | VRAM=50.0GB | 0.765s/it
[stage2] step   6449 | mse=0.1819 L1=0.3687 PH=0.6490 total=0.1949 | VRAM=50.0GB | 0.838s/it
[stage2] step   6649 | mse=0.1804 L1=0.3669 PH=0.6381 total=0.1931 | VRAM=50.0GB | 0.655s/it
[stage2] step   6849 | mse=0.1777 L1=0.3630 PH=0.6297 total=0.1903 | VRAM=50.0GB | 0.656s/it
[stage2] step   7049 | mse=0.1725 L1=0.3592 PH=0.6166 total=0.1848 | VRAM=50.0GB | 0.730s/it
[stage2] step   7249 | mse=0.1671 L1=0.3562 PH=0.6024 total=0.1791 | VRAM=50.0GB | 0.639s/it
[stage2] step   7449 | mse=0.1610 L1=0.3489 PH=0.5776 total=0.1725 | VRAM=50.0GB | 0.772s/it
[stage2] step   7649 | mse=0.1597 L1=0.3489 PH=0.5704 total=0.1711 | VRAM=50.0GB | 0.635s/it
[ckpt] saved -> runs/m4_deeponet_ph_s2/checkpoints/7650  (EMA weights)
[stage2] step   7849 | mse=0.1556 L1=0.3457 PH=0.5564 total=0.1667 | VRAM=50.0GB | 0.634s/it
[stage2] step   8049 | mse=0.1536 L1=0.3418 PH=0.5438 total=0.1645 | VRAM=50.0GB | 0.632s/it
[stage2] step   8249 | mse=0.1488 L1=0.3411 PH=0.5369 total=0.1595 | VRAM=50.0GB | 0.634s/it
[ckpt] saved -> runs/m4_deeponet_ph_s2/checkpoints/8300  (EMA weights)

[train] DONE head=deeponet variant=ph steps=8300 wall=158.0 min -> runs/m4_deeponet_ph_s2
