[train] head=flow variant=baseline seed=0 out=runs/m1_flow_s0
`torch_dtype` is deprecated! Use `dtype` instead!
Loading  HuggingFaceTB/SmolVLM2-500M-Video-Instruct weights ...
Loading weights:   0%|          | 0/489 [00:00<?, ?it/s]Loading weights: 100%|██████████| 489/489 [00:00<00:00, 6748.18it/s]
Reducing the number of VLM layers to 16 ...
Fetching 4 files:   0%|          | 0/4 [00:00<?, ?it/s]Fetching 4 files: 100%|██████████| 4/4 [00:00<00:00, 5787.24it/s]
Fetching 4 files:   0%|          | 0/4 [00:00<?, ?it/s]Fetching 4 files: 100%|██████████| 4/4 [00:00<00:00, 5592.41it/s]
[train] dataset frames=52970 episodes=432 -> 1 epoch = 1104 steps @ batch 48
[train] planned frames seen = 398400 = 7.52 epochs

=== stage1 | steps=1650 batch=48 trainable: head=99.88M backbone=0.0M ===
[stage1] step    199 | mse=0.6735 L1=0.4092 PH=0.0000 total=0.6735 | VRAM=12.8GB | 0.314s/it
[stage1] step    399 | mse=0.4845 L1=0.3338 PH=0.0000 total=0.4845 | VRAM=12.8GB | 0.314s/it
[stage1] step    599 | mse=0.4544 L1=0.3180 PH=0.0000 total=0.4544 | VRAM=12.8GB | 0.315s/it
[stage1] step    799 | mse=0.4395 L1=0.3096 PH=0.0000 total=0.4395 | VRAM=12.8GB | 0.315s/it
[stage1] step    999 | mse=0.4244 L1=0.3043 PH=0.0000 total=0.4244 | VRAM=12.8GB | 0.315s/it
[stage1] step   1199 | mse=0.4136 L1=0.2998 PH=0.0000 total=0.4136 | VRAM=12.8GB | 5.344s/it
[stage1] step   1399 | mse=0.4063 L1=0.2938 PH=0.0000 total=0.4063 | VRAM=12.8GB | 7.317s/it
[stage1] step   1599 | mse=0.3952 L1=0.2912 PH=0.0000 total=0.3952 | VRAM=12.8GB | 7.070s/it
[ckpt] saved -> runs/m1_flow_s0/checkpoints/1650  (EMA weights)
LlamaModel does not expose input embeddings. Gradients cannot flow back to the token embeddings when using adapters or gradient checkpointing. Override `get_input_embeddings` to fully support those features, or set `_input_embed_layer` to the attribute name that holds the embeddings.

=== stage2 | steps=6650 batch=48 trainable: head=99.88M backbone=350.2M ===
[stage2] step   1849 | mse=0.3895 L1=0.2902 PH=0.0000 total=0.3895 | VRAM=53.6GB | 0.669s/it
[stage2] step   2049 | mse=0.3746 L1=0.2866 PH=0.0000 total=0.3746 | VRAM=53.6GB | 0.672s/it
[stage2] step   2249 | mse=0.3595 L1=0.2814 PH=0.0000 total=0.3595 | VRAM=53.6GB | 0.671s/it
[stage2] step   2449 | mse=0.3464 L1=0.2749 PH=0.0000 total=0.3464 | VRAM=53.6GB | 0.670s/it
[stage2] step   2649 | mse=0.3283 L1=0.2691 PH=0.0000 total=0.3283 | VRAM=53.6GB | 0.674s/it
[stage2] step   2849 | mse=0.3068 L1=0.2585 PH=0.0000 total=0.3068 | VRAM=53.6GB | 5.055s/it
[stage2] step   3049 | mse=0.2897 L1=0.2532 PH=0.0000 total=0.2897 | VRAM=53.6GB | 4.734s/it
[stage2] step   3249 | mse=0.2744 L1=0.2466 PH=0.0000 total=0.2744 | VRAM=53.6GB | 2.132s/it
[stage2] step   3449 | mse=0.2596 L1=0.2393 PH=0.0000 total=0.2596 | VRAM=53.6GB | 0.669s/it
[stage2] step   3649 | mse=0.2452 L1=0.2317 PH=0.0000 total=0.2452 | VRAM=53.6GB | 0.669s/it
[stage2] step   3849 | mse=0.2307 L1=0.2254 PH=0.0000 total=0.2307 | VRAM=53.6GB | 0.669s/it
[stage2] step   4049 | mse=0.2155 L1=0.2197 PH=0.0000 total=0.2155 | VRAM=53.6GB | 0.667s/it
[stage2] step   4249 | mse=0.2060 L1=0.2143 PH=0.0000 total=0.2060 | VRAM=53.6GB | 0.668s/it
[stage2] step   4449 | mse=0.1976 L1=0.2079 PH=0.0000 total=0.1976 | VRAM=53.6GB | 0.671s/it
[stage2] step   4649 | mse=0.1903 L1=0.2064 PH=0.0000 total=0.1903 | VRAM=53.6GB | 0.669s/it
[ckpt] saved -> runs/m1_flow_s0/checkpoints/4650  (EMA weights)
[stage2] step   4849 | mse=0.1844 L1=0.2006 PH=0.0000 total=0.1844 | VRAM=53.6GB | 0.670s/it
[stage2] step   5049 | mse=0.1770 L1=0.1975 PH=0.0000 total=0.1770 | VRAM=53.6GB | 0.668s/it
[stage2] step   5249 | mse=0.1683 L1=0.1945 PH=0.0000 total=0.1683 | VRAM=53.6GB | 0.668s/it
[stage2] step   5449 | mse=0.1634 L1=0.1899 PH=0.0000 total=0.1634 | VRAM=53.6GB | 0.668s/it
[stage2] step   5649 | mse=0.1584 L1=0.1902 PH=0.0000 total=0.1584 | VRAM=53.6GB | 0.668s/it
[stage2] step   5849 | mse=0.1586 L1=0.1869 PH=0.0000 total=0.1586 | VRAM=53.6GB | 0.760s/it
[stage2] step   6049 | mse=0.1512 L1=0.1842 PH=0.0000 total=0.1512 | VRAM=53.6GB | 0.667s/it
[stage2] step   6249 | mse=0.1454 L1=0.1794 PH=0.0000 total=0.1454 | VRAM=53.6GB | 0.668s/it
[stage2] step   6449 | mse=0.1433 L1=0.1818 PH=0.0000 total=0.1433 | VRAM=53.6GB | 0.669s/it
[stage2] step   6649 | mse=0.1395 L1=0.1777 PH=0.0000 total=0.1395 | VRAM=53.6GB | 0.668s/it
[stage2] step   6849 | mse=0.1363 L1=0.1755 PH=0.0000 total=0.1363 | VRAM=53.6GB | 0.667s/it
[stage2] step   7049 | mse=0.1350 L1=0.1752 PH=0.0000 total=0.1350 | VRAM=53.6GB | 0.668s/it
[stage2] step   7249 | mse=0.1322 L1=0.1731 PH=0.0000 total=0.1322 | VRAM=53.6GB | 0.668s/it
[stage2] step   7449 | mse=0.1305 L1=0.1703 PH=0.0000 total=0.1305 | VRAM=53.6GB | 3.941s/it
[stage2] step   7649 | mse=0.1272 L1=0.1710 PH=0.0000 total=0.1272 | VRAM=53.6GB | 5.023s/it
[ckpt] saved -> runs/m1_flow_s0/checkpoints/7650  (EMA weights)
[stage2] step   7849 | mse=0.1255 L1=0.1683 PH=0.0000 total=0.1255 | VRAM=53.6GB | 1.243s/it
[stage2] step   8049 | mse=0.1222 L1=0.1666 PH=0.0000 total=0.1222 | VRAM=53.6GB | 0.668s/it
[stage2] step   8249 | mse=0.1222 L1=0.1678 PH=0.0000 total=0.1222 | VRAM=53.6GB | 0.670s/it
[ckpt] saved -> runs/m1_flow_s0/checkpoints/8300  (EMA weights)

[train] DONE head=flow variant=baseline steps=8300 wall=166.3 min -> runs/m1_flow_s0
