[train] head=deeponet variant=ph seed=1 out=runs/m4_deeponet_ph_s1
`torch_dtype` is deprecated! Use `dtype` instead!
Loading  HuggingFaceTB/SmolVLM2-500M-Video-Instruct weights ...
Loading weights:   0%|          | 0/489 [00:00<?, ?it/s]Loading weights: 100%|██████████| 489/489 [00:00<00:00, 6332.83it/s]
Reducing the number of VLM layers to 16 ...
Loading  HuggingFaceTB/SmolVLM2-500M-Video-Instruct weights ...
Loading weights:   0%|          | 0/489 [00:00<?, ?it/s]Loading weights: 100%|██████████| 489/489 [00:00<00:00, 6575.60it/s]
WARNING:root:Missing key(s) when loading model: {'model.deeponet.branch.0.weight', 'model.deeponet.out_bias', 'model.deeponet.trunk.4.bias', 'model.deeponet.out_mlp.2.bias', 'model.deeponet.branch.6.bias', 'model.deeponet.branch.1.weight', 'model.deeponet.branch.1.bias', 'model.deeponet.out_mlp.0.weight', 'model.deeponet.out_mlp.0.bias', 'model.deeponet.trunk.0.weight', 'model.deeponet.branch.3.bias', 'model.deeponet.trunk.0.bias', 'model.deeponet.trunk.2.bias', 'model.deeponet.branch.0.bias', 'model.deeponet.branch.3.weight', 'model.deeponet.branch.4.bias', 'model.deeponet.out_mlp.2.weight', 'model.deeponet.trunk.2.weight', 'model.deeponet.trunk.6.weight', 'model.deeponet.trunk.6.bias', 'model.deeponet.branch.4.weight', 'model.deeponet.branch.6.weight', 'model.deeponet.trunk.4.weight'}
Reducing the number of VLM layers to 16 ...
Fetching 4 files:   0%|          | 0/4 [00:00<?, ?it/s]Fetching 4 files: 100%|██████████| 4/4 [00:00<00:00, 18538.36it/s]
Fetching 4 files:   0%|          | 0/4 [00:00<?, ?it/s]Fetching 4 files: 100%|██████████| 4/4 [00:00<00:00, 70197.56it/s]
[train] dataset frames=52970 episodes=432 -> 1 epoch = 1104 steps @ batch 48
[train] planned frames seen = 398400 = 7.52 epochs

=== stage1 | steps=1650 batch=48 trainable: head=2.31M backbone=0.0M ===
[stage1] step    199 | mse=0.7527 L1=0.7338 PH=3.6893 total=0.8265 | VRAM=9.2GB | 0.273s/it
[stage1] step    399 | mse=0.5776 L1=0.6192 PH=1.9769 total=0.6171 | VRAM=9.2GB | 0.274s/it
[stage1] step    599 | mse=0.4875 L1=0.5633 PH=1.6158 total=0.5198 | VRAM=9.2GB | 0.304s/it
[stage1] step    799 | mse=0.4561 L1=0.5423 PH=1.5225 total=0.4866 | VRAM=9.2GB | 0.276s/it
[stage1] step    999 | mse=0.4376 L1=0.5288 PH=1.4462 total=0.4665 | VRAM=9.2GB | 0.332s/it
[stage1] step   1199 | mse=0.4187 L1=0.5183 PH=1.3703 total=0.4461 | VRAM=9.2GB | 4.607s/it
[stage1] step   1399 | mse=0.4110 L1=0.5126 PH=1.3427 total=0.4378 | VRAM=9.2GB | 0.954s/it
[stage1] step   1599 | mse=0.4050 L1=0.5084 PH=1.3034 total=0.4310 | VRAM=9.2GB | 0.275s/it
[ckpt] saved -> runs/m4_deeponet_ph_s1/checkpoints/1650  (EMA weights)

=== stage2 | steps=6650 batch=48 trainable: head=2.31M backbone=350.2M ===
[stage2] step   1849 | mse=0.4008 L1=0.5032 PH=1.2737 total=0.4263 | VRAM=50.0GB | 0.634s/it
[stage2] step   2049 | mse=0.3893 L1=0.4966 PH=1.2270 total=0.4138 | VRAM=50.0GB | 0.635s/it
[stage2] step   2249 | mse=0.3701 L1=0.4852 PH=1.1637 total=0.3934 | VRAM=50.0GB | 0.668s/it
[stage2] step   2449 | mse=0.3616 L1=0.4780 PH=1.1138 total=0.3839 | VRAM=50.0GB | 0.852s/it
[stage2] step   2649 | mse=0.3500 L1=0.4697 PH=1.0885 total=0.3718 | VRAM=50.0GB | 0.634s/it
[stage2] step   2849 | mse=0.3386 L1=0.4635 PH=1.0326 total=0.3593 | VRAM=50.0GB | 3.831s/it
[stage2] step   3049 | mse=0.3249 L1=0.4567 PH=1.0168 total=0.3453 | VRAM=50.0GB | 4.057s/it
[stage2] step   3249 | mse=0.3175 L1=0.4500 PH=1.0038 total=0.3376 | VRAM=50.0GB | 3.272s/it
[stage2] step   3449 | mse=0.3072 L1=0.4494 PH=0.9725 total=0.3266 | VRAM=50.0GB | 3.702s/it
[stage2] step   3649 | mse=0.2959 L1=0.4389 PH=0.9463 total=0.3148 | VRAM=50.0GB | 3.787s/it
[stage2] step   3849 | mse=0.2891 L1=0.4352 PH=0.9305 total=0.3077 | VRAM=50.0GB | 4.216s/it
[stage2] step   4049 | mse=0.2703 L1=0.4259 PH=0.8864 total=0.2881 | VRAM=50.0GB | 0.632s/it
[stage2] step   4249 | mse=0.2637 L1=0.4232 PH=0.8693 total=0.2811 | VRAM=50.0GB | 0.634s/it
[stage2] step   4449 | mse=0.2602 L1=0.4187 PH=0.8705 total=0.2777 | VRAM=50.0GB | 0.632s/it
[stage2] step   4649 | mse=0.2501 L1=0.4140 PH=0.8401 total=0.2669 | VRAM=50.0GB | 0.632s/it
[ckpt] saved -> runs/m4_deeponet_ph_s1/checkpoints/4650  (EMA weights)
[stage2] step   4849 | mse=0.2417 L1=0.4085 PH=0.8137 total=0.2580 | VRAM=50.0GB | 0.633s/it
[stage2] step   5049 | mse=0.2300 L1=0.4019 PH=0.7951 total=0.2459 | VRAM=50.0GB | 0.630s/it
[stage2] step   5249 | mse=0.2233 L1=0.3973 PH=0.7569 total=0.2385 | VRAM=50.0GB | 0.636s/it
[stage2] step   5449 | mse=0.2122 L1=0.3915 PH=0.7290 total=0.2268 | VRAM=50.0GB | 0.681s/it
[stage2] step   5649 | mse=0.2101 L1=0.3888 PH=0.7367 total=0.2248 | VRAM=50.0GB | 0.685s/it
[stage2] step   5849 | mse=0.2029 L1=0.3823 PH=0.7053 total=0.2170 | VRAM=50.0GB | 0.680s/it
[stage2] step   6049 | mse=0.1973 L1=0.3790 PH=0.6954 total=0.2113 | VRAM=50.0GB | 0.683s/it
[stage2] step   6249 | mse=0.1855 L1=0.3704 PH=0.6437 total=0.1984 | VRAM=50.0GB | 0.681s/it
[stage2] step   6449 | mse=0.1818 L1=0.3687 PH=0.6529 total=0.1948 | VRAM=50.0GB | 0.631s/it
[stage2] step   6649 | mse=0.1786 L1=0.3670 PH=0.6403 total=0.1914 | VRAM=50.0GB | 0.742s/it
[stage2] step   6849 | mse=0.1748 L1=0.3621 PH=0.6203 total=0.1872 | VRAM=50.0GB | 0.633s/it
[stage2] step   7049 | mse=0.1723 L1=0.3603 PH=0.6098 total=0.1845 | VRAM=50.0GB | 0.631s/it
[stage2] step   7249 | mse=0.1638 L1=0.3519 PH=0.5792 total=0.1753 | VRAM=50.0GB | 0.711s/it
[stage2] step   7449 | mse=0.1609 L1=0.3507 PH=0.5736 total=0.1723 | VRAM=50.0GB | 0.633s/it
[stage2] step   7649 | mse=0.1583 L1=0.3456 PH=0.5559 total=0.1694 | VRAM=50.0GB | 0.843s/it
[ckpt] saved -> runs/m4_deeponet_ph_s1/checkpoints/7650  (EMA weights)
[stage2] step   7849 | mse=0.1567 L1=0.3468 PH=0.5601 total=0.1679 | VRAM=50.0GB | 0.634s/it
[stage2] step   8049 | mse=0.1498 L1=0.3402 PH=0.5312 total=0.1605 | VRAM=50.0GB | 0.633s/it
[stage2] step   8249 | mse=0.1455 L1=0.3379 PH=0.5244 total=0.1560 | VRAM=50.0GB | 0.631s/it
[ckpt] saved -> runs/m4_deeponet_ph_s1/checkpoints/8300  (EMA weights)

[train] DONE head=deeponet variant=ph steps=8300 wall=157.1 min -> runs/m4_deeponet_ph_s1
