[train] head=deeponet variant=baseline seed=1 out=runs/m3_deeponet_s1
`torch_dtype` is deprecated! Use `dtype` instead!
Loading  HuggingFaceTB/SmolVLM2-500M-Video-Instruct weights ...
Loading weights:   0%|          | 0/489 [00:00<?, ?it/s]Loading weights: 100%|██████████| 489/489 [00:00<00:00, 6551.72it/s]
Reducing the number of VLM layers to 16 ...
Loading  HuggingFaceTB/SmolVLM2-500M-Video-Instruct weights ...
Loading weights:   0%|          | 0/489 [00:00<?, ?it/s]Loading weights: 100%|██████████| 489/489 [00:00<00:00, 6102.79it/s]
WARNING:root:Missing key(s) when loading model: {'model.deeponet.branch.6.bias', 'model.deeponet.trunk.0.bias', 'model.deeponet.trunk.2.bias', 'model.deeponet.branch.0.weight', 'model.deeponet.branch.4.bias', 'model.deeponet.out_mlp.2.weight', 'model.deeponet.branch.6.weight', 'model.deeponet.branch.1.bias', 'model.deeponet.trunk.6.bias', 'model.deeponet.trunk.2.weight', 'model.deeponet.branch.4.weight', 'model.deeponet.branch.3.bias', 'model.deeponet.trunk.4.bias', 'model.deeponet.out_mlp.0.bias', 'model.deeponet.out_mlp.2.bias', 'model.deeponet.branch.3.weight', 'model.deeponet.branch.1.weight', 'model.deeponet.out_mlp.0.weight', 'model.deeponet.branch.0.bias', 'model.deeponet.trunk.4.weight', 'model.deeponet.trunk.0.weight', 'model.deeponet.out_bias', 'model.deeponet.trunk.6.weight'}
Reducing the number of VLM layers to 16 ...
Fetching 4 files:   0%|          | 0/4 [00:00<?, ?it/s]Fetching 4 files: 100%|██████████| 4/4 [00:00<00:00, 5698.78it/s]
Fetching 4 files:   0%|          | 0/4 [00:00<?, ?it/s]Fetching 4 files: 100%|██████████| 4/4 [00:00<00:00, 8156.16it/s]
[train] dataset frames=52970 episodes=432 -> 1 epoch = 1104 steps @ batch 48
[train] planned frames seen = 398400 = 7.52 epochs

=== stage1 | steps=1650 batch=48 trainable: head=2.31M backbone=0.0M ===
[stage1] step    199 | mse=0.7512 L1=0.7294 PH=0.0000 total=0.7512 | VRAM=9.2GB | 0.273s/it
[stage1] step    399 | mse=0.5856 L1=0.6198 PH=0.0000 total=0.5856 | VRAM=9.2GB | 0.274s/it
[stage1] step    599 | mse=0.4931 L1=0.5638 PH=0.0000 total=0.4931 | VRAM=9.2GB | 0.308s/it
[stage1] step    799 | mse=0.4543 L1=0.5385 PH=0.0000 total=0.4543 | VRAM=9.2GB | 0.308s/it
[stage1] step    999 | mse=0.4346 L1=0.5241 PH=0.0000 total=0.4346 | VRAM=9.2GB | 0.424s/it
[stage1] step   1199 | mse=0.4160 L1=0.5136 PH=0.0000 total=0.4160 | VRAM=9.2GB | 7.350s/it
[stage1] step   1399 | mse=0.4061 L1=0.5083 PH=0.0000 total=0.4061 | VRAM=9.2GB | 7.663s/it
[stage1] step   1599 | mse=0.3988 L1=0.5014 PH=0.0000 total=0.3988 | VRAM=9.2GB | 7.852s/it
[ckpt] saved -> runs/m3_deeponet_s1/checkpoints/1650  (EMA weights)

=== stage2 | steps=6650 batch=48 trainable: head=2.31M backbone=350.2M ===
[stage2] step   1849 | mse=0.3946 L1=0.4979 PH=0.0000 total=0.3946 | VRAM=50.0GB | 0.634s/it
[stage2] step   2049 | mse=0.3864 L1=0.4937 PH=0.0000 total=0.3864 | VRAM=50.0GB | 0.666s/it
[stage2] step   2249 | mse=0.3669 L1=0.4838 PH=0.0000 total=0.3669 | VRAM=50.0GB | 0.665s/it
[stage2] step   2449 | mse=0.3582 L1=0.4747 PH=0.0000 total=0.3582 | VRAM=50.0GB | 0.846s/it
[stage2] step   2649 | mse=0.3458 L1=0.4658 PH=0.0000 total=0.3458 | VRAM=50.0GB | 0.636s/it
[stage2] step   2849 | mse=0.3338 L1=0.4604 PH=0.0000 total=0.3338 | VRAM=50.0GB | 4.002s/it
[stage2] step   3049 | mse=0.3204 L1=0.4527 PH=0.0000 total=0.3204 | VRAM=50.0GB | 3.946s/it
[stage2] step   3249 | mse=0.3142 L1=0.4469 PH=0.0000 total=0.3142 | VRAM=50.0GB | 3.904s/it
[stage2] step   3449 | mse=0.3045 L1=0.4469 PH=0.0000 total=0.3045 | VRAM=50.0GB | 3.974s/it
[stage2] step   3649 | mse=0.2924 L1=0.4360 PH=0.0000 total=0.2924 | VRAM=50.0GB | 4.220s/it
[stage2] step   3849 | mse=0.2858 L1=0.4335 PH=0.0000 total=0.2858 | VRAM=50.0GB | 3.821s/it
[stage2] step   4049 | mse=0.2672 L1=0.4237 PH=0.0000 total=0.2672 | VRAM=50.0GB | 0.629s/it
[stage2] step   4249 | mse=0.2608 L1=0.4217 PH=0.0000 total=0.2608 | VRAM=50.0GB | 0.774s/it
[stage2] step   4449 | mse=0.2574 L1=0.4174 PH=0.0000 total=0.2574 | VRAM=50.0GB | 0.647s/it
[stage2] step   4649 | mse=0.2469 L1=0.4129 PH=0.0000 total=0.2469 | VRAM=50.0GB | 0.631s/it
[ckpt] saved -> runs/m3_deeponet_s1/checkpoints/4650  (EMA weights)
[stage2] step   4849 | mse=0.2386 L1=0.4066 PH=0.0000 total=0.2386 | VRAM=50.0GB | 0.631s/it
[stage2] step   5049 | mse=0.2271 L1=0.4011 PH=0.0000 total=0.2271 | VRAM=50.0GB | 0.632s/it
[stage2] step   5249 | mse=0.2204 L1=0.3952 PH=0.0000 total=0.2204 | VRAM=50.0GB | 0.867s/it
[stage2] step   5449 | mse=0.2095 L1=0.3912 PH=0.0000 total=0.2095 | VRAM=50.0GB | 0.629s/it
[stage2] step   5649 | mse=0.2072 L1=0.3883 PH=0.0000 total=0.2072 | VRAM=50.0GB | 0.632s/it
[stage2] step   5849 | mse=0.2005 L1=0.3826 PH=0.0000 total=0.2005 | VRAM=50.0GB | 0.753s/it
[stage2] step   6049 | mse=0.1952 L1=0.3800 PH=0.0000 total=0.1952 | VRAM=50.0GB | 0.704s/it
[stage2] step   6249 | mse=0.1837 L1=0.3712 PH=0.0000 total=0.1837 | VRAM=50.0GB | 0.761s/it
[stage2] step   6449 | mse=0.1805 L1=0.3711 PH=0.0000 total=0.1805 | VRAM=50.0GB | 0.631s/it
[stage2] step   6649 | mse=0.1757 L1=0.3676 PH=0.0000 total=0.1757 | VRAM=50.0GB | 0.666s/it
[stage2] step   6849 | mse=0.1717 L1=0.3643 PH=0.0000 total=0.1717 | VRAM=50.0GB | 0.632s/it
[stage2] step   7049 | mse=0.1704 L1=0.3626 PH=0.0000 total=0.1704 | VRAM=50.0GB | 0.632s/it
[stage2] step   7249 | mse=0.1603 L1=0.3538 PH=0.0000 total=0.1603 | VRAM=50.0GB | 0.666s/it
[stage2] step   7449 | mse=0.1587 L1=0.3545 PH=0.0000 total=0.1587 | VRAM=50.0GB | 0.905s/it
[stage2] step   7649 | mse=0.1555 L1=0.3501 PH=0.0000 total=0.1555 | VRAM=50.0GB | 0.631s/it
[ckpt] saved -> runs/m3_deeponet_s1/checkpoints/7650  (EMA weights)
[stage2] step   7849 | mse=0.1539 L1=0.3492 PH=0.0000 total=0.1539 | VRAM=50.0GB | 0.632s/it
[stage2] step   8049 | mse=0.1468 L1=0.3438 PH=0.0000 total=0.1468 | VRAM=50.0GB | 0.632s/it
[stage2] step   8249 | mse=0.1439 L1=0.3430 PH=0.0000 total=0.1439 | VRAM=50.0GB | 0.686s/it
[ckpt] saved -> runs/m3_deeponet_s1/checkpoints/8300  (EMA weights)

[train] DONE head=deeponet variant=baseline steps=8300 wall=156.8 min -> runs/m3_deeponet_s1
