[train] head=deeponet variant=ph seed=0 out=runs/m4_deeponet_ph_s0
`torch_dtype` is deprecated! Use `dtype` instead!
Loading  HuggingFaceTB/SmolVLM2-500M-Video-Instruct weights ...
Loading weights:   0%|          | 0/489 [00:00<?, ?it/s]Loading weights: 100%|██████████| 489/489 [00:00<00:00, 6585.86it/s]
Reducing the number of VLM layers to 16 ...
Loading  HuggingFaceTB/SmolVLM2-500M-Video-Instruct weights ...
Loading weights:   0%|          | 0/489 [00:00<?, ?it/s]Loading weights: 100%|██████████| 489/489 [00:00<00:00, 6720.54it/s]
WARNING:root:Missing key(s) when loading model: {'model.deeponet.trunk.4.bias', 'model.deeponet.out_mlp.0.weight', 'model.deeponet.branch.4.weight', 'model.deeponet.branch.0.weight', 'model.deeponet.out_mlp.2.weight', 'model.deeponet.branch.1.weight', 'model.deeponet.trunk.6.bias', 'model.deeponet.branch.6.weight', 'model.deeponet.branch.1.bias', 'model.deeponet.branch.3.bias', 'model.deeponet.branch.0.bias', 'model.deeponet.branch.3.weight', 'model.deeponet.trunk.2.weight', 'model.deeponet.branch.4.bias', 'model.deeponet.trunk.0.bias', 'model.deeponet.out_mlp.2.bias', 'model.deeponet.out_mlp.0.bias', 'model.deeponet.branch.6.bias', 'model.deeponet.out_bias', 'model.deeponet.trunk.0.weight', 'model.deeponet.trunk.2.bias', 'model.deeponet.trunk.4.weight', 'model.deeponet.trunk.6.weight'}
Reducing the number of VLM layers to 16 ...
Fetching 4 files:   0%|          | 0/4 [00:00<?, ?it/s]Fetching 4 files: 100%|██████████| 4/4 [00:00<00:00, 24105.20it/s]
Fetching 4 files:   0%|          | 0/4 [00:00<?, ?it/s]Fetching 4 files: 100%|██████████| 4/4 [00:00<00:00, 4686.37it/s]
[train] dataset frames=52970 episodes=432 -> 1 epoch = 1104 steps @ batch 48
[train] planned frames seen = 398400 = 7.52 epochs

=== stage1 | steps=1650 batch=48 trainable: head=2.31M backbone=0.0M ===
[stage1] step    199 | mse=0.7453 L1=0.7313 PH=3.5878 total=0.8170 | VRAM=9.2GB | 0.274s/it
[stage1] step    399 | mse=0.5818 L1=0.6211 PH=2.0115 total=0.6220 | VRAM=9.2GB | 0.274s/it
[stage1] step    599 | mse=0.4959 L1=0.5684 PH=1.6148 total=0.5282 | VRAM=9.2GB | 0.275s/it
[stage1] step    799 | mse=0.4552 L1=0.5418 PH=1.5016 total=0.4852 | VRAM=9.2GB | 0.275s/it
[stage1] step    999 | mse=0.4400 L1=0.5331 PH=1.4608 total=0.4692 | VRAM=9.2GB | 0.274s/it
[stage1] step   1199 | mse=0.4177 L1=0.5198 PH=1.3825 total=0.4454 | VRAM=9.2GB | 6.387s/it
[stage1] step   1399 | mse=0.4182 L1=0.5151 PH=1.3700 total=0.4456 | VRAM=9.2GB | 0.278s/it
[stage1] step   1599 | mse=0.4035 L1=0.5081 PH=1.3358 total=0.4302 | VRAM=9.2GB | 0.274s/it
[ckpt] saved -> runs/m4_deeponet_ph_s0/checkpoints/1650  (EMA weights)

=== stage2 | steps=6650 batch=48 trainable: head=2.31M backbone=350.2M ===
[stage2] step   1849 | mse=0.4045 L1=0.5060 PH=1.3249 total=0.4310 | VRAM=50.0GB | 0.633s/it
[stage2] step   2049 | mse=0.3826 L1=0.4949 PH=1.2431 total=0.4074 | VRAM=50.0GB | 0.632s/it
[stage2] step   2249 | mse=0.3800 L1=0.4889 PH=1.1835 total=0.4036 | VRAM=50.0GB | 0.633s/it
[stage2] step   2449 | mse=0.3603 L1=0.4799 PH=1.1263 total=0.3829 | VRAM=50.0GB | 0.633s/it
[stage2] step   2649 | mse=0.3507 L1=0.4707 PH=1.1101 total=0.3729 | VRAM=50.0GB | 0.632s/it
[stage2] step   2849 | mse=0.3420 L1=0.4652 PH=1.0602 total=0.3632 | VRAM=50.0GB | 3.770s/it
[stage2] step   3049 | mse=0.3254 L1=0.4564 PH=1.0297 total=0.3460 | VRAM=50.0GB | 3.867s/it
[stage2] step   3249 | mse=0.3181 L1=0.4528 PH=1.0041 total=0.3382 | VRAM=50.0GB | 3.904s/it
[stage2] step   3449 | mse=0.3053 L1=0.4466 PH=0.9869 total=0.3250 | VRAM=50.0GB | 3.836s/it
[stage2] step   3649 | mse=0.2945 L1=0.4392 PH=0.9570 total=0.3136 | VRAM=50.0GB | 3.827s/it
[stage2] step   3849 | mse=0.2887 L1=0.4365 PH=0.9457 total=0.3076 | VRAM=50.0GB | 3.637s/it
[stage2] step   4049 | mse=0.2719 L1=0.4286 PH=0.8920 total=0.2898 | VRAM=50.0GB | 0.630s/it
[stage2] step   4249 | mse=0.2641 L1=0.4241 PH=0.8820 total=0.2818 | VRAM=50.0GB | 0.693s/it
[stage2] step   4449 | mse=0.2560 L1=0.4170 PH=0.8662 total=0.2733 | VRAM=50.0GB | 2.597s/it
[stage2] step   4649 | mse=0.2509 L1=0.4143 PH=0.8441 total=0.2678 | VRAM=50.0GB | 3.198s/it
[ckpt] saved -> runs/m4_deeponet_ph_s0/checkpoints/4650  (EMA weights)
[stage2] step   4849 | mse=0.2360 L1=0.4055 PH=0.8095 total=0.2522 | VRAM=50.0GB | 3.115s/it
[stage2] step   5049 | mse=0.2303 L1=0.4005 PH=0.7892 total=0.2461 | VRAM=50.0GB | 0.654s/it
[stage2] step   5249 | mse=0.2218 L1=0.3980 PH=0.7743 total=0.2373 | VRAM=50.0GB | 0.653s/it
[stage2] step   5449 | mse=0.2125 L1=0.3924 PH=0.7490 total=0.2274 | VRAM=50.0GB | 0.651s/it
[stage2] step   5649 | mse=0.2085 L1=0.3867 PH=0.7430 total=0.2233 | VRAM=50.0GB | 0.630s/it
[stage2] step   5849 | mse=0.2032 L1=0.3839 PH=0.7157 total=0.2175 | VRAM=50.0GB | 0.630s/it
[stage2] step   6049 | mse=0.1966 L1=0.3797 PH=0.7040 total=0.2107 | VRAM=50.0GB | 0.652s/it
[stage2] step   6249 | mse=0.1853 L1=0.3729 PH=0.6648 total=0.1986 | VRAM=50.0GB | 0.658s/it
[stage2] step   6449 | mse=0.1824 L1=0.3689 PH=0.6480 total=0.1954 | VRAM=50.0GB | 0.632s/it
[stage2] step   6649 | mse=0.1786 L1=0.3657 PH=0.6373 total=0.1913 | VRAM=50.0GB | 0.631s/it
[stage2] step   6849 | mse=0.1737 L1=0.3630 PH=0.6295 total=0.1863 | VRAM=50.0GB | 0.881s/it
[stage2] step   7049 | mse=0.1726 L1=0.3596 PH=0.6127 total=0.1848 | VRAM=50.0GB | 1.831s/it
[stage2] step   7249 | mse=0.1634 L1=0.3540 PH=0.5932 total=0.1753 | VRAM=50.0GB | 0.630s/it
[stage2] step   7449 | mse=0.1581 L1=0.3495 PH=0.5695 total=0.1695 | VRAM=50.0GB | 0.677s/it
[stage2] step   7649 | mse=0.1557 L1=0.3488 PH=0.5590 total=0.1669 | VRAM=50.0GB | 0.660s/it
[ckpt] saved -> runs/m4_deeponet_ph_s0/checkpoints/7650  (EMA weights)
[stage2] step   7849 | mse=0.1543 L1=0.3439 PH=0.5531 total=0.1653 | VRAM=50.0GB | 0.631s/it
[stage2] step   8049 | mse=0.1514 L1=0.3405 PH=0.5452 total=0.1623 | VRAM=50.0GB | 0.630s/it
[stage2] step   8249 | mse=0.1484 L1=0.3399 PH=0.5369 total=0.1591 | VRAM=50.0GB | 0.630s/it
[ckpt] saved -> runs/m4_deeponet_ph_s0/checkpoints/8300  (EMA weights)

[train] DONE head=deeponet variant=ph steps=8300 wall=146.1 min -> runs/m4_deeponet_ph_s0
