[train] head=flow variant=baseline seed=1 out=runs/m1_flow_s1
`torch_dtype` is deprecated! Use `dtype` instead!
Loading  HuggingFaceTB/SmolVLM2-500M-Video-Instruct weights ...
Loading weights:   0%|          | 0/489 [00:00<?, ?it/s]Loading weights: 100%|██████████| 489/489 [00:00<00:00, 6814.82it/s]
Reducing the number of VLM layers to 16 ...
Fetching 4 files:   0%|          | 0/4 [00:00<?, ?it/s]Fetching 4 files: 100%|██████████| 4/4 [00:00<00:00, 5757.45it/s]
Fetching 4 files:   0%|          | 0/4 [00:00<?, ?it/s]Fetching 4 files: 100%|██████████| 4/4 [00:00<00:00, 16241.25it/s]
[train] dataset frames=52970 episodes=432 -> 1 epoch = 1104 steps @ batch 48
[train] planned frames seen = 398400 = 7.52 epochs

=== stage1 | steps=1650 batch=48 trainable: head=99.88M backbone=0.0M ===
[stage1] step    199 | mse=0.6686 L1=0.4064 PH=0.0000 total=0.6686 | VRAM=12.8GB | 0.325s/it
[stage1] step    399 | mse=0.4859 L1=0.3318 PH=0.0000 total=0.4859 | VRAM=12.8GB | 0.314s/it
[stage1] step    599 | mse=0.4560 L1=0.3183 PH=0.0000 total=0.4560 | VRAM=12.8GB | 0.314s/it
[stage1] step    799 | mse=0.4344 L1=0.3094 PH=0.0000 total=0.4344 | VRAM=12.8GB | 0.328s/it
[stage1] step    999 | mse=0.4239 L1=0.3043 PH=0.0000 total=0.4239 | VRAM=12.8GB | 0.315s/it
[stage1] step   1199 | mse=0.4153 L1=0.2999 PH=0.0000 total=0.4153 | VRAM=12.8GB | 5.278s/it
[stage1] step   1399 | mse=0.4006 L1=0.2937 PH=0.0000 total=0.4006 | VRAM=12.8GB | 2.767s/it
[stage1] step   1599 | mse=0.3937 L1=0.2938 PH=0.0000 total=0.3937 | VRAM=12.8GB | 2.759s/it
[ckpt] saved -> runs/m1_flow_s1/checkpoints/1650  (EMA weights)
LlamaModel does not expose input embeddings. Gradients cannot flow back to the token embeddings when using adapters or gradient checkpointing. Override `get_input_embeddings` to fully support those features, or set `_input_embed_layer` to the attribute name that holds the embeddings.

=== stage2 | steps=6650 batch=48 trainable: head=99.88M backbone=350.2M ===
[stage2] step   1849 | mse=0.3904 L1=0.2905 PH=0.0000 total=0.3904 | VRAM=53.6GB | 0.697s/it
[stage2] step   2049 | mse=0.3737 L1=0.2846 PH=0.0000 total=0.3737 | VRAM=53.6GB | 1.674s/it
[stage2] step   2249 | mse=0.3609 L1=0.2798 PH=0.0000 total=0.3609 | VRAM=53.6GB | 1.403s/it
[stage2] step   2449 | mse=0.3423 L1=0.2753 PH=0.0000 total=0.3423 | VRAM=53.6GB | 0.672s/it
[stage2] step   2649 | mse=0.3228 L1=0.2668 PH=0.0000 total=0.3228 | VRAM=53.6GB | 0.691s/it
[stage2] step   2849 | mse=0.3044 L1=0.2577 PH=0.0000 total=0.3044 | VRAM=53.6GB | 0.687s/it
[stage2] step   3049 | mse=0.2883 L1=0.2499 PH=0.0000 total=0.2883 | VRAM=53.6GB | 0.669s/it
[stage2] step   3249 | mse=0.2714 L1=0.2437 PH=0.0000 total=0.2714 | VRAM=53.6GB | 0.672s/it
[stage2] step   3449 | mse=0.2549 L1=0.2353 PH=0.0000 total=0.2549 | VRAM=53.6GB | 0.685s/it
[stage2] step   3649 | mse=0.2404 L1=0.2297 PH=0.0000 total=0.2404 | VRAM=53.6GB | 0.721s/it
[stage2] step   3849 | mse=0.2275 L1=0.2234 PH=0.0000 total=0.2275 | VRAM=53.6GB | 0.669s/it
[stage2] step   4049 | mse=0.2146 L1=0.2146 PH=0.0000 total=0.2146 | VRAM=53.6GB | 0.712s/it
[stage2] step   4249 | mse=0.2053 L1=0.2082 PH=0.0000 total=0.2053 | VRAM=53.6GB | 0.668s/it
[stage2] step   4449 | mse=0.1934 L1=0.2083 PH=0.0000 total=0.1934 | VRAM=53.6GB | 0.672s/it
[stage2] step   4649 | mse=0.1921 L1=0.2033 PH=0.0000 total=0.1921 | VRAM=53.6GB | 0.670s/it
[ckpt] saved -> runs/m1_flow_s1/checkpoints/4650  (EMA weights)
[stage2] step   4849 | mse=0.1807 L1=0.1986 PH=0.0000 total=0.1807 | VRAM=53.6GB | 0.670s/it
[stage2] step   5049 | mse=0.1728 L1=0.1963 PH=0.0000 total=0.1728 | VRAM=53.6GB | 4.428s/it
[stage2] step   5249 | mse=0.1686 L1=0.1924 PH=0.0000 total=0.1686 | VRAM=53.6GB | 4.955s/it
[stage2] step   5449 | mse=0.1614 L1=0.1897 PH=0.0000 total=0.1614 | VRAM=53.6GB | 0.707s/it
[stage2] step   5649 | mse=0.1593 L1=0.1866 PH=0.0000 total=0.1593 | VRAM=53.6GB | 0.672s/it
[stage2] step   5849 | mse=0.1550 L1=0.1847 PH=0.0000 total=0.1550 | VRAM=53.6GB | 0.674s/it
[stage2] step   6049 | mse=0.1531 L1=0.1820 PH=0.0000 total=0.1531 | VRAM=53.6GB | 0.672s/it
[stage2] step   6249 | mse=0.1455 L1=0.1800 PH=0.0000 total=0.1455 | VRAM=53.6GB | 0.672s/it
[stage2] step   6449 | mse=0.1402 L1=0.1757 PH=0.0000 total=0.1402 | VRAM=53.6GB | 5.105s/it
[stage2] step   6649 | mse=0.1409 L1=0.1764 PH=0.0000 total=0.1409 | VRAM=53.6GB | 5.017s/it
[stage2] step   6849 | mse=0.1370 L1=0.1744 PH=0.0000 total=0.1370 | VRAM=53.6GB | 4.615s/it
[stage2] step   7049 | mse=0.1355 L1=0.1708 PH=0.0000 total=0.1355 | VRAM=53.6GB | 4.551s/it
[stage2] step   7249 | mse=0.1305 L1=0.1709 PH=0.0000 total=0.1305 | VRAM=53.6GB | 0.770s/it
[stage2] step   7449 | mse=0.1280 L1=0.1684 PH=0.0000 total=0.1280 | VRAM=53.6GB | 0.950s/it
[stage2] step   7649 | mse=0.1246 L1=0.1683 PH=0.0000 total=0.1246 | VRAM=53.6GB | 0.671s/it
[ckpt] saved -> runs/m1_flow_s1/checkpoints/7650  (EMA weights)
[stage2] step   7849 | mse=0.1250 L1=0.1680 PH=0.0000 total=0.1250 | VRAM=53.6GB | 0.670s/it
[stage2] step   8049 | mse=0.1242 L1=0.1662 PH=0.0000 total=0.1242 | VRAM=53.6GB | 0.669s/it
[stage2] step   8249 | mse=0.1195 L1=0.1648 PH=0.0000 total=0.1195 | VRAM=53.6GB | 0.896s/it
[ckpt] saved -> runs/m1_flow_s1/checkpoints/8300  (EMA weights)

[train] DONE head=flow variant=baseline steps=8300 wall=164.1 min -> runs/m1_flow_s1
