Fetching 4 files:   0%|          | 0/4 [00:00<?, ?it/s]Fetching 4 files: 100%|██████████| 4/4 [00:00<00:00, 44267.06it/s]
Loading  HuggingFaceTB/SmolVLM2-500M-Video-Instruct weights ...
Loading weights:   0%|          | 0/489 [00:00<?, ?it/s]Loading weights: 100%|██████████| 489/489 [00:00<00:00, 6392.32it/s]
Reducing the number of VLM layers to 16 ...
Loading weights from local directory
Loading  HuggingFaceTB/SmolVLM2-500M-Video-Instruct weights ...
Loading weights:   0%|          | 0/489 [00:00<?, ?it/s]Loading weights: 100%|██████████| 489/489 [00:00<00:00, 6197.67it/s]
Reducing the number of VLM layers to 16 ...
Loading  HuggingFaceTB/SmolVLM2-500M-Video-Instruct weights ...
Loading weights:   0%|          | 0/489 [00:00<?, ?it/s]Loading weights: 100%|██████████| 489/489 [00:00<00:00, 6683.96it/s]
Reducing the number of VLM layers to 16 ...
Loading weights from local directory
Loading  HuggingFaceTB/SmolVLM2-500M-Video-Instruct weights ...
Loading weights:   0%|          | 0/489 [00:00<?, ?it/s]Loading weights: 100%|██████████| 489/489 [00:00<00:00, 6027.20it/s]
Reducing the number of VLM layers to 16 ...
Loading  HuggingFaceTB/SmolVLM2-500M-Video-Instruct weights ...
Loading weights:   0%|          | 0/489 [00:00<?, ?it/s]Loading weights: 100%|██████████| 489/489 [00:00<00:00, 6145.27it/s]
Reducing the number of VLM layers to 16 ...
Loading weights from local directory
[v2vid] 3 policies loaded
[info] using task orders [0, 1, 2, 3, 4, 5, 6, 7, 8, 9]
[Warning]: datasets path /home/user/Desktop/Ayush PH test/data/libero_datasets does not exist!
[Warning]: datasets path /home/user/Desktop/Ayush PH test/data/libero_datasets does not exist!
[v2vid] task0 M1 flow: OK
[info] using task orders [0, 1, 2, 3, 4, 5, 6, 7, 8, 9]
[Warning]: datasets path /home/user/Desktop/Ayush PH test/data/libero_datasets does not exist!
[Warning]: datasets path /home/user/Desktop/Ayush PH test/data/libero_datasets does not exist!
[v2vid] task0 M3 v2: OK
[info] using task orders [0, 1, 2, 3, 4, 5, 6, 7, 8, 9]
[Warning]: datasets path /home/user/Desktop/Ayush PH test/data/libero_datasets does not exist!
[Warning]: datasets path /home/user/Desktop/Ayush PH test/data/libero_datasets does not exist!
[v2vid] task0 M4 v2+PH: OK
Multiple -pix_fmt options specified for stream 0, only the last option '-pix_fmt yuv420p' will be used.
[v2vid] saved v2_task00.mp4 (78f)
[info] using task orders [0, 1, 2, 3, 4, 5, 6, 7, 8, 9]
[Warning]: datasets path /home/user/Desktop/Ayush PH test/data/libero_datasets does not exist!
[Warning]: datasets path /home/user/Desktop/Ayush PH test/data/libero_datasets does not exist!
[v2vid] task1 M1 flow: OK
[info] using task orders [0, 1, 2, 3, 4, 5, 6, 7, 8, 9]
[Warning]: datasets path /home/user/Desktop/Ayush PH test/data/libero_datasets does not exist!
[Warning]: datasets path /home/user/Desktop/Ayush PH test/data/libero_datasets does not exist!
[v2vid] task1 M3 v2: OK
[info] using task orders [0, 1, 2, 3, 4, 5, 6, 7, 8, 9]
[Warning]: datasets path /home/user/Desktop/Ayush PH test/data/libero_datasets does not exist!
[Warning]: datasets path /home/user/Desktop/Ayush PH test/data/libero_datasets does not exist!
[v2vid] task1 M4 v2+PH: OK
Multiple -pix_fmt options specified for stream 0, only the last option '-pix_fmt yuv420p' will be used.
[v2vid] saved v2_task01.mp4 (125f)
[info] using task orders [0, 1, 2, 3, 4, 5, 6, 7, 8, 9]
[Warning]: datasets path /home/user/Desktop/Ayush PH test/data/libero_datasets does not exist!
[Warning]: datasets path /home/user/Desktop/Ayush PH test/data/libero_datasets does not exist!
[v2vid] task2 M1 flow: OK
[info] using task orders [0, 1, 2, 3, 4, 5, 6, 7, 8, 9]
[Warning]: datasets path /home/user/Desktop/Ayush PH test/data/libero_datasets does not exist!
[Warning]: datasets path /home/user/Desktop/Ayush PH test/data/libero_datasets does not exist!
[v2vid] task2 M3 v2: OK
[info] using task orders [0, 1, 2, 3, 4, 5, 6, 7, 8, 9]
[Warning]: datasets path /home/user/Desktop/Ayush PH test/data/libero_datasets does not exist!
[Warning]: datasets path /home/user/Desktop/Ayush PH test/data/libero_datasets does not exist!
[v2vid] task2 M4 v2+PH: OK
Multiple -pix_fmt options specified for stream 0, only the last option '-pix_fmt yuv420p' will be used.
[v2vid] saved v2_task02.mp4 (100f)
[info] using task orders [0, 1, 2, 3, 4, 5, 6, 7, 8, 9]
[Warning]: datasets path /home/user/Desktop/Ayush PH test/data/libero_datasets does not exist!
[Warning]: datasets path /home/user/Desktop/Ayush PH test/data/libero_datasets does not exist!
[v2vid] task3 M1 flow: OK
[info] using task orders [0, 1, 2, 3, 4, 5, 6, 7, 8, 9]
[Warning]: datasets path /home/user/Desktop/Ayush PH test/data/libero_datasets does not exist!
[Warning]: datasets path /home/user/Desktop/Ayush PH test/data/libero_datasets does not exist!
[v2vid] task3 M3 v2: x
[info] using task orders [0, 1, 2, 3, 4, 5, 6, 7, 8, 9]
[Warning]: datasets path /home/user/Desktop/Ayush PH test/data/libero_datasets does not exist!
[Warning]: datasets path /home/user/Desktop/Ayush PH test/data/libero_datasets does not exist!
[v2vid] task3 M4 v2+PH: x
Multiple -pix_fmt options specified for stream 0, only the last option '-pix_fmt yuv420p' will be used.
[v2vid] saved v2_task03.mp4 (300f)
[info] using task orders [0, 1, 2, 3, 4, 5, 6, 7, 8, 9]
[Warning]: datasets path /home/user/Desktop/Ayush PH test/data/libero_datasets does not exist!
[Warning]: datasets path /home/user/Desktop/Ayush PH test/data/libero_datasets does not exist!
[v2vid] task4 M1 flow: OK
[info] using task orders [0, 1, 2, 3, 4, 5, 6, 7, 8, 9]
[Warning]: datasets path /home/user/Desktop/Ayush PH test/data/libero_datasets does not exist!
[Warning]: datasets path /home/user/Desktop/Ayush PH test/data/libero_datasets does not exist!
[v2vid] task4 M3 v2: OK
[info] using task orders [0, 1, 2, 3, 4, 5, 6, 7, 8, 9]
[Warning]: datasets path /home/user/Desktop/Ayush PH test/data/libero_datasets does not exist!
[Warning]: datasets path /home/user/Desktop/Ayush PH test/data/libero_datasets does not exist!
[v2vid] task4 M4 v2+PH: x
Multiple -pix_fmt options specified for stream 0, only the last option '-pix_fmt yuv420p' will be used.
[v2vid] saved v2_task04.mp4 (300f)
[info] using task orders [0, 1, 2, 3, 4, 5, 6, 7, 8, 9]
[Warning]: datasets path /home/user/Desktop/Ayush PH test/data/libero_datasets does not exist!
[Warning]: datasets path /home/user/Desktop/Ayush PH test/data/libero_datasets does not exist!
[v2vid] task5 M1 flow: x
[info] using task orders [0, 1, 2, 3, 4, 5, 6, 7, 8, 9]
[Warning]: datasets path /home/user/Desktop/Ayush PH test/data/libero_datasets does not exist!
[Warning]: datasets path /home/user/Desktop/Ayush PH test/data/libero_datasets does not exist!
[v2vid] task5 M3 v2: x
[info] using task orders [0, 1, 2, 3, 4, 5, 6, 7, 8, 9]
[Warning]: datasets path /home/user/Desktop/Ayush PH test/data/libero_datasets does not exist!
[Warning]: datasets path /home/user/Desktop/Ayush PH test/data/libero_datasets does not exist!
[v2vid] task5 M4 v2+PH: x
Multiple -pix_fmt options specified for stream 0, only the last option '-pix_fmt yuv420p' will be used.
[v2vid] saved v2_task05.mp4 (300f)
[info] using task orders [0, 1, 2, 3, 4, 5, 6, 7, 8, 9]
[Warning]: datasets path /home/user/Desktop/Ayush PH test/data/libero_datasets does not exist!
[Warning]: datasets path /home/user/Desktop/Ayush PH test/data/libero_datasets does not exist!
[v2vid] task6 M1 flow: OK
[info] using task orders [0, 1, 2, 3, 4, 5, 6, 7, 8, 9]
[Warning]: datasets path /home/user/Desktop/Ayush PH test/data/libero_datasets does not exist!
[Warning]: datasets path /home/user/Desktop/Ayush PH test/data/libero_datasets does not exist!
[v2vid] task6 M3 v2: OK
[info] using task orders [0, 1, 2, 3, 4, 5, 6, 7, 8, 9]
[Warning]: datasets path /home/user/Desktop/Ayush PH test/data/libero_datasets does not exist!
[Warning]: datasets path /home/user/Desktop/Ayush PH test/data/libero_datasets does not exist!
[v2vid] task6 M4 v2+PH: OK
Multiple -pix_fmt options specified for stream 0, only the last option '-pix_fmt yuv420p' will be used.
[v2vid] saved v2_task06.mp4 (112f)
[info] using task orders [0, 1, 2, 3, 4, 5, 6, 7, 8, 9]
[Warning]: datasets path /home/user/Desktop/Ayush PH test/data/libero_datasets does not exist!
[Warning]: datasets path /home/user/Desktop/Ayush PH test/data/libero_datasets does not exist!
[v2vid] task7 M1 flow: OK
[info] using task orders [0, 1, 2, 3, 4, 5, 6, 7, 8, 9]
[Warning]: datasets path /home/user/Desktop/Ayush PH test/data/libero_datasets does not exist!
[Warning]: datasets path /home/user/Desktop/Ayush PH test/data/libero_datasets does not exist!
[v2vid] task7 M3 v2: OK
[info] using task orders [0, 1, 2, 3, 4, 5, 6, 7, 8, 9]
[Warning]: datasets path /home/user/Desktop/Ayush PH test/data/libero_datasets does not exist!
[Warning]: datasets path /home/user/Desktop/Ayush PH test/data/libero_datasets does not exist!
[v2vid] task7 M4 v2+PH: OK
Multiple -pix_fmt options specified for stream 0, only the last option '-pix_fmt yuv420p' will be used.
[v2vid] saved v2_task07.mp4 (122f)
[info] using task orders [0, 1, 2, 3, 4, 5, 6, 7, 8, 9]
[Warning]: datasets path /home/user/Desktop/Ayush PH test/data/libero_datasets does not exist!
[Warning]: datasets path /home/user/Desktop/Ayush PH test/data/libero_datasets does not exist!
[v2vid] task8 M1 flow: OK
[info] using task orders [0, 1, 2, 3, 4, 5, 6, 7, 8, 9]
[Warning]: datasets path /home/user/Desktop/Ayush PH test/data/libero_datasets does not exist!
[Warning]: datasets path /home/user/Desktop/Ayush PH test/data/libero_datasets does not exist!
[v2vid] task8 M3 v2: OK
[info] using task orders [0, 1, 2, 3, 4, 5, 6, 7, 8, 9]
[Warning]: datasets path /home/user/Desktop/Ayush PH test/data/libero_datasets does not exist!
[Warning]: datasets path /home/user/Desktop/Ayush PH test/data/libero_datasets does not exist!
[v2vid] task8 M4 v2+PH: x
Multiple -pix_fmt options specified for stream 0, only the last option '-pix_fmt yuv420p' will be used.
[v2vid] saved v2_task08.mp4 (300f)
[info] using task orders [0, 1, 2, 3, 4, 5, 6, 7, 8, 9]
[Warning]: datasets path /home/user/Desktop/Ayush PH test/data/libero_datasets does not exist!
[Warning]: datasets path /home/user/Desktop/Ayush PH test/data/libero_datasets does not exist!
[v2vid] task9 M1 flow: OK
[info] using task orders [0, 1, 2, 3, 4, 5, 6, 7, 8, 9]
[Warning]: datasets path /home/user/Desktop/Ayush PH test/data/libero_datasets does not exist!
[Warning]: datasets path /home/user/Desktop/Ayush PH test/data/libero_datasets does not exist!
[v2vid] task9 M3 v2: x
[info] using task orders [0, 1, 2, 3, 4, 5, 6, 7, 8, 9]
[Warning]: datasets path /home/user/Desktop/Ayush PH test/data/libero_datasets does not exist!
[Warning]: datasets path /home/user/Desktop/Ayush PH test/data/libero_datasets does not exist!
[v2vid] task9 M4 v2+PH: x
Multiple -pix_fmt options specified for stream 0, only the last option '-pix_fmt yuv420p' will be used.
[v2vid] saved v2_task09.mp4 (300f)
[v2vid] DONE -> DeepONet_Results/videos_v2
