[train] head=flow variant=baseline seed=0 out=../paper_repro/Spatial/runs/flow_s0
`torch_dtype` is deprecated! Use `dtype` instead!
Loading  HuggingFaceTB/SmolVLM2-500M-Video-Instruct weights ...
Reducing the number of VLM layers to 16 ...
[train] dataset frames=52970 episodes=432 -> 1 epoch = 1104 steps @ batch 48
[train] planned frames seen = 1440000 = 27.19 epochs

=== stage1 | steps=1650 batch=48 trainable: head=99.88M backbone=0.0M ===
[stage1] step    199 | mse=0.6735 L1=0.4092 PH=0.0000 total=0.6735 | VRAM=12.8GB | 0.319s/it
[stage1] step    399 | mse=0.4845 L1=0.3338 PH=0.0000 total=0.4845 | VRAM=12.8GB | 0.318s/it
[stage1] step    599 | mse=0.4544 L1=0.3180 PH=0.0000 total=0.4544 | VRAM=12.8GB | 0.328s/it
[stage1] step    799 | mse=0.4395 L1=0.3096 PH=0.0000 total=0.4395 | VRAM=12.8GB | 0.323s/it
[stage1] step    999 | mse=0.4244 L1=0.3043 PH=0.0000 total=0.4244 | VRAM=12.8GB | 0.306s/it
[stage1] step   1199 | mse=0.4136 L1=0.2998 PH=0.0000 total=0.4136 | VRAM=12.8GB | 6.741s/it
[stage1] step   1399 | mse=0.4063 L1=0.2938 PH=0.0000 total=0.4063 | VRAM=12.8GB | 0.314s/it
[stage1] step   1599 | mse=0.3952 L1=0.2912 PH=0.0000 total=0.3952 | VRAM=12.8GB | 0.313s/it
[ckpt] saved -> ../paper_repro/Spatial/runs/flow_s0/checkpoints/1650  (EMA weights)
LlamaModel does not expose input embeddings. Gradients cannot flow back to the token embeddings when using adapters or gradient checkpointing. Override `get_input_embeddings` to fully support those features, or set `_input_embed_layer` to the attribute name that holds the embeddings.

=== stage2 | steps=28350 batch=48 trainable: head=99.88M backbone=350.2M ===
[stage2] step   1849 | mse=0.3895 L1=0.2902 PH=0.0000 total=0.3895 | VRAM=53.6GB | 0.670s/it
[stage2] step   2049 | mse=0.3746 L1=0.2866 PH=0.0000 total=0.3746 | VRAM=53.6GB | 0.669s/it
[stage2] step   2249 | mse=0.3595 L1=0.2813 PH=0.0000 total=0.3595 | VRAM=53.6GB | 0.671s/it
[stage2] step   2449 | mse=0.3464 L1=0.2749 PH=0.0000 total=0.3464 | VRAM=53.6GB | 0.677s/it
[stage2] step   2649 | mse=0.3282 L1=0.2691 PH=0.0000 total=0.3282 | VRAM=53.6GB | 0.671s/it
[stage2] step   2849 | mse=0.3069 L1=0.2586 PH=0.0000 total=0.3069 | VRAM=53.6GB | 4.878s/it
[stage2] step   3049 | mse=0.2897 L1=0.2532 PH=0.0000 total=0.2897 | VRAM=53.6GB | 2.417s/it
[stage2] step   3249 | mse=0.2745 L1=0.2467 PH=0.0000 total=0.2745 | VRAM=53.6GB | 4.603s/it
[stage2] step   3449 | mse=0.2597 L1=0.2394 PH=0.0000 total=0.2597 | VRAM=53.6GB | 4.291s/it
[stage2] step   3649 | mse=0.2453 L1=0.2317 PH=0.0000 total=0.2453 | VRAM=53.6GB | 4.139s/it
[stage2] step   3849 | mse=0.2308 L1=0.2256 PH=0.0000 total=0.2308 | VRAM=53.6GB | 3.642s/it
[stage2] step   4049 | mse=0.2155 L1=0.2198 PH=0.0000 total=0.2155 | VRAM=53.6GB | 0.669s/it
[stage2] step   4249 | mse=0.2060 L1=0.2144 PH=0.0000 total=0.2060 | VRAM=53.6GB | 4.607s/it
[stage2] step   4449 | mse=0.1976 L1=0.2081 PH=0.0000 total=0.1976 | VRAM=53.6GB | 0.666s/it
[stage2] step   4649 | mse=0.1904 L1=0.2065 PH=0.0000 total=0.1904 | VRAM=53.6GB | 0.668s/it
[stage2] step   4849 | mse=0.1844 L1=0.2006 PH=0.0000 total=0.1844 | VRAM=53.6GB | 0.667s/it
[stage2] step   5049 | mse=0.1771 L1=0.1975 PH=0.0000 total=0.1771 | VRAM=53.6GB | 0.672s/it
[stage2] step   5249 | mse=0.1685 L1=0.1947 PH=0.0000 total=0.1685 | VRAM=53.6GB | 0.670s/it
[stage2] step   5449 | mse=0.1635 L1=0.1900 PH=0.0000 total=0.1635 | VRAM=53.6GB | 0.669s/it
[stage2] step   5649 | mse=0.1585 L1=0.1902 PH=0.0000 total=0.1585 | VRAM=53.6GB | 0.671s/it
[stage2] step   5849 | mse=0.1584 L1=0.1867 PH=0.0000 total=0.1584 | VRAM=53.6GB | 0.669s/it
[stage2] step   6049 | mse=0.1515 L1=0.1842 PH=0.0000 total=0.1515 | VRAM=53.6GB | 0.668s/it
[stage2] step   6249 | mse=0.1454 L1=0.1793 PH=0.0000 total=0.1454 | VRAM=53.6GB | 0.667s/it
[stage2] step   6449 | mse=0.1435 L1=0.1817 PH=0.0000 total=0.1435 | VRAM=53.6GB | 0.668s/it
[stage2] step   6649 | mse=0.1397 L1=0.1778 PH=0.0000 total=0.1397 | VRAM=53.6GB | 0.670s/it
[stage2] step   6849 | mse=0.1363 L1=0.1754 PH=0.0000 total=0.1363 | VRAM=53.6GB | 0.669s/it
[stage2] step   7049 | mse=0.1349 L1=0.1750 PH=0.0000 total=0.1349 | VRAM=53.6GB | 0.668s/it
[stage2] step   7249 | mse=0.1323 L1=0.1730 PH=0.0000 total=0.1323 | VRAM=53.6GB | 0.669s/it
[stage2] step   7449 | mse=0.1306 L1=0.1704 PH=0.0000 total=0.1306 | VRAM=53.6GB | 0.669s/it
[stage2] step   7649 | mse=0.1273 L1=0.1711 PH=0.0000 total=0.1273 | VRAM=53.6GB | 0.670s/it
[stage2] step   7849 | mse=0.1254 L1=0.1681 PH=0.0000 total=0.1254 | VRAM=53.6GB | 0.668s/it
[stage2] step   8049 | mse=0.1223 L1=0.1666 PH=0.0000 total=0.1223 | VRAM=53.6GB | 0.670s/it
[stage2] step   8249 | mse=0.1224 L1=0.1681 PH=0.0000 total=0.1224 | VRAM=53.6GB | 0.677s/it
[stage2] step   8449 | mse=0.1166 L1=0.1643 PH=0.0000 total=0.1166 | VRAM=53.6GB | 0.698s/it
[stage2] step   8649 | mse=0.1173 L1=0.1649 PH=0.0000 total=0.1173 | VRAM=53.6GB | 0.674s/it
[stage2] step   8849 | mse=0.1169 L1=0.1625 PH=0.0000 total=0.1169 | VRAM=53.6GB | 0.668s/it
[stage2] step   9049 | mse=0.1149 L1=0.1617 PH=0.0000 total=0.1149 | VRAM=53.6GB | 0.668s/it
[stage2] step   9249 | mse=0.1125 L1=0.1608 PH=0.0000 total=0.1125 | VRAM=53.6GB | 0.673s/it
[stage2] step   9449 | mse=0.1097 L1=0.1605 PH=0.0000 total=0.1097 | VRAM=53.6GB | 0.669s/it
[stage2] step   9649 | mse=0.1080 L1=0.1590 PH=0.0000 total=0.1080 | VRAM=53.6GB | 0.674s/it
[stage2] step   9849 | mse=0.1083 L1=0.1591 PH=0.0000 total=0.1083 | VRAM=53.6GB | 0.669s/it
[stage2] step  10049 | mse=0.1081 L1=0.1566 PH=0.0000 total=0.1081 | VRAM=53.6GB | 0.718s/it
[stage2] step  10249 | mse=0.1066 L1=0.1569 PH=0.0000 total=0.1066 | VRAM=53.6GB | 0.671s/it
[stage2] step  10449 | mse=0.1042 L1=0.1552 PH=0.0000 total=0.1042 | VRAM=53.6GB | 0.675s/it
[stage2] step  10649 | mse=0.1046 L1=0.1546 PH=0.0000 total=0.1046 | VRAM=53.6GB | 3.389s/it
[stage2] step  10849 | mse=0.0994 L1=0.1562 PH=0.0000 total=0.0994 | VRAM=53.6GB | 5.570s/it
[stage2] step  11049 | mse=0.1008 L1=0.1532 PH=0.0000 total=0.1008 | VRAM=53.6GB | 5.365s/it
[stage2] step  11249 | mse=0.0999 L1=0.1543 PH=0.0000 total=0.0999 | VRAM=53.6GB | 4.804s/it
[stage2] step  11449 | mse=0.1020 L1=0.1510 PH=0.0000 total=0.1020 | VRAM=53.6GB | 4.530s/it
[stage2] step  11649 | mse=0.0984 L1=0.1518 PH=0.0000 total=0.0984 | VRAM=53.6GB | 0.688s/it
[ckpt] saved -> ../paper_repro/Spatial/runs/flow_s0/checkpoints/11650  (EMA weights)
[stage2] step  11849 | mse=0.0943 L1=0.1519 PH=0.0000 total=0.0943 | VRAM=53.6GB | 0.668s/it
[stage2] step  12049 | mse=0.0973 L1=0.1490 PH=0.0000 total=0.0973 | VRAM=53.6GB | 0.668s/it
[stage2] step  12249 | mse=0.0937 L1=0.1528 PH=0.0000 total=0.0937 | VRAM=53.6GB | 0.686s/it
[stage2] step  12449 | mse=0.0943 L1=0.1496 PH=0.0000 total=0.0943 | VRAM=53.6GB | 0.668s/it
[stage2] step  12649 | mse=0.0939 L1=0.1490 PH=0.0000 total=0.0939 | VRAM=53.6GB | 0.668s/it
[stage2] step  12849 | mse=0.0917 L1=0.1467 PH=0.0000 total=0.0917 | VRAM=53.6GB | 0.668s/it
[stage2] step  13049 | mse=0.0884 L1=0.1484 PH=0.0000 total=0.0884 | VRAM=53.6GB | 0.666s/it
[stage2] step  13249 | mse=0.0923 L1=0.1466 PH=0.0000 total=0.0923 | VRAM=53.6GB | 0.669s/it
[stage2] step  13449 | mse=0.0887 L1=0.1493 PH=0.0000 total=0.0887 | VRAM=53.6GB | 0.668s/it
[stage2] step  13649 | mse=0.0898 L1=0.1471 PH=0.0000 total=0.0898 | VRAM=53.6GB | 0.674s/it
[stage2] step  13849 | mse=0.0925 L1=0.1452 PH=0.0000 total=0.0925 | VRAM=53.6GB | 0.667s/it
[stage2] step  14049 | mse=0.0878 L1=0.1461 PH=0.0000 total=0.0878 | VRAM=53.6GB | 0.667s/it
[stage2] step  14249 | mse=0.0862 L1=0.1455 PH=0.0000 total=0.0862 | VRAM=53.6GB | 0.670s/it
[stage2] step  14449 | mse=0.0852 L1=0.1438 PH=0.0000 total=0.0852 | VRAM=53.6GB | 0.668s/it
[stage2] step  14649 | mse=0.0851 L1=0.1466 PH=0.0000 total=0.0851 | VRAM=53.6GB | 0.682s/it
[stage2] step  14849 | mse=0.0846 L1=0.1447 PH=0.0000 total=0.0846 | VRAM=53.6GB | 0.672s/it
[stage2] step  15049 | mse=0.0835 L1=0.1430 PH=0.0000 total=0.0835 | VRAM=53.6GB | 0.670s/it
[stage2] step  15249 | mse=0.0851 L1=0.1435 PH=0.0000 total=0.0851 | VRAM=53.6GB | 0.672s/it
[stage2] step  15449 | mse=0.0823 L1=0.1428 PH=0.0000 total=0.0823 | VRAM=53.6GB | 0.671s/it
[stage2] step  15649 | mse=0.0849 L1=0.1417 PH=0.0000 total=0.0849 | VRAM=53.6GB | 0.675s/it
[stage2] step  15849 | mse=0.0819 L1=0.1435 PH=0.0000 total=0.0819 | VRAM=53.6GB | 0.677s/it
[stage2] step  16049 | mse=0.0817 L1=0.1413 PH=0.0000 total=0.0817 | VRAM=53.6GB | 0.674s/it
[stage2] step  16249 | mse=0.0784 L1=0.1405 PH=0.0000 total=0.0784 | VRAM=53.6GB | 0.676s/it
[stage2] step  16449 | mse=0.0794 L1=0.1401 PH=0.0000 total=0.0794 | VRAM=53.6GB | 3.205s/it
[stage2] step  16649 | mse=0.0805 L1=0.1411 PH=0.0000 total=0.0805 | VRAM=53.6GB | 1.527s/it
[stage2] step  16849 | mse=0.0797 L1=0.1405 PH=0.0000 total=0.0797 | VRAM=53.6GB | 5.057s/it
[stage2] step  17049 | mse=0.0802 L1=0.1397 PH=0.0000 total=0.0802 | VRAM=53.6GB | 4.967s/it
[stage2] step  17249 | mse=0.0780 L1=0.1413 PH=0.0000 total=0.0780 | VRAM=53.6GB | 0.675s/it
[stage2] step  17449 | mse=0.0769 L1=0.1383 PH=0.0000 total=0.0769 | VRAM=53.6GB | 0.675s/it
[stage2] step  17649 | mse=0.0777 L1=0.1393 PH=0.0000 total=0.0777 | VRAM=53.6GB | 0.673s/it
[stage2] step  17849 | mse=0.0772 L1=0.1393 PH=0.0000 total=0.0772 | VRAM=53.6GB | 0.678s/it
[stage2] step  18049 | mse=0.0772 L1=0.1383 PH=0.0000 total=0.0772 | VRAM=53.6GB | 0.675s/it
[stage2] step  18249 | mse=0.0777 L1=0.1388 PH=0.0000 total=0.0777 | VRAM=53.6GB | 0.677s/it
[stage2] step  18449 | mse=0.0747 L1=0.1378 PH=0.0000 total=0.0747 | VRAM=53.6GB | 0.672s/it
[stage2] step  18649 | mse=0.0755 L1=0.1360 PH=0.0000 total=0.0755 | VRAM=53.6GB | 0.667s/it
[stage2] step  18849 | mse=0.0747 L1=0.1373 PH=0.0000 total=0.0747 | VRAM=53.6GB | 0.680s/it
[stage2] step  19049 | mse=0.0758 L1=0.1367 PH=0.0000 total=0.0758 | VRAM=53.6GB | 0.673s/it
[stage2] step  19249 | mse=0.0755 L1=0.1367 PH=0.0000 total=0.0755 | VRAM=53.6GB | 0.674s/it
[stage2] step  19449 | mse=0.0731 L1=0.1378 PH=0.0000 total=0.0731 | VRAM=53.6GB | 0.675s/it
[stage2] step  19649 | mse=0.0735 L1=0.1351 PH=0.0000 total=0.0735 | VRAM=53.6GB | 1.031s/it
[stage2] step  19849 | mse=0.0728 L1=0.1341 PH=0.0000 total=0.0728 | VRAM=53.6GB | 0.672s/it
[stage2] step  20049 | mse=0.0721 L1=0.1371 PH=0.0000 total=0.0721 | VRAM=53.6GB | 0.718s/it
[stage2] step  20249 | mse=0.0730 L1=0.1347 PH=0.0000 total=0.0730 | VRAM=53.6GB | 0.671s/it
[stage2] step  20449 | mse=0.0721 L1=0.1349 PH=0.0000 total=0.0721 | VRAM=53.6GB | 5.456s/it
[stage2] step  20649 | mse=0.0706 L1=0.1335 PH=0.0000 total=0.0706 | VRAM=53.6GB | 2.857s/it
[stage2] step  20849 | mse=0.0709 L1=0.1335 PH=0.0000 total=0.0709 | VRAM=53.6GB | 0.674s/it
[stage2] step  21049 | mse=0.0708 L1=0.1353 PH=0.0000 total=0.0708 | VRAM=53.6GB | 0.675s/it
[stage2] step  21249 | mse=0.0706 L1=0.1347 PH=0.0000 total=0.0706 | VRAM=53.6GB | 0.681s/it
[stage2] step  21449 | mse=0.0706 L1=0.1360 PH=0.0000 total=0.0706 | VRAM=53.6GB | 0.721s/it
[stage2] step  21649 | mse=0.0697 L1=0.1336 PH=0.0000 total=0.0697 | VRAM=53.6GB | 0.669s/it
[ckpt] saved -> ../paper_repro/Spatial/runs/flow_s0/checkpoints/21650  (EMA weights)
[stage2] step  21849 | mse=0.0684 L1=0.1336 PH=0.0000 total=0.0684 | VRAM=53.6GB | 0.671s/it
[stage2] step  22049 | mse=0.0673 L1=0.1339 PH=0.0000 total=0.0673 | VRAM=53.6GB | 0.674s/it
[stage2] step  22249 | mse=0.0672 L1=0.1366 PH=0.0000 total=0.0672 | VRAM=53.6GB | 0.674s/it
[stage2] step  22449 | mse=0.0689 L1=0.1340 PH=0.0000 total=0.0689 | VRAM=53.6GB | 0.675s/it
[stage2] step  22649 | mse=0.0678 L1=0.1324 PH=0.0000 total=0.0678 | VRAM=53.6GB | 0.666s/it
[stage2] step  22849 | mse=0.0666 L1=0.1327 PH=0.0000 total=0.0666 | VRAM=53.6GB | 4.570s/it
[stage2] step  23049 | mse=0.0684 L1=0.1324 PH=0.0000 total=0.0684 | VRAM=53.6GB | 5.227s/it
[stage2] step  23249 | mse=0.0685 L1=0.1320 PH=0.0000 total=0.0685 | VRAM=53.6GB | 5.380s/it
[stage2] step  23449 | mse=0.0674 L1=0.1328 PH=0.0000 total=0.0674 | VRAM=53.6GB | 4.810s/it
[stage2] step  23649 | mse=0.0645 L1=0.1331 PH=0.0000 total=0.0645 | VRAM=53.6GB | 5.109s/it
[stage2] step  23849 | mse=0.0672 L1=0.1309 PH=0.0000 total=0.0672 | VRAM=53.6GB | 0.711s/it
[stage2] step  24049 | mse=0.0651 L1=0.1319 PH=0.0000 total=0.0651 | VRAM=53.6GB | 0.682s/it
[stage2] step  24249 | mse=0.0665 L1=0.1311 PH=0.0000 total=0.0665 | VRAM=53.6GB | 1.813s/it
[stage2] step  24449 | mse=0.0630 L1=0.1305 PH=0.0000 total=0.0630 | VRAM=53.6GB | 3.171s/it
[stage2] step  24649 | mse=0.0656 L1=0.1316 PH=0.0000 total=0.0656 | VRAM=53.6GB | 1.363s/it
[stage2] step  24849 | mse=0.0665 L1=0.1305 PH=0.0000 total=0.0665 | VRAM=53.6GB | 0.838s/it
[stage2] step  25049 | mse=0.0639 L1=0.1311 PH=0.0000 total=0.0639 | VRAM=53.6GB | 0.850s/it
