Fetching 4 files:   0%|          | 0/4 [00:00<?, ?it/s]Fetching 4 files: 100%|██████████| 4/4 [00:00<00:00, 31714.96it/s]
WARNING:root:Unexpected key(s) when loading model: ['normalize_inputs.buffer_observation_state.mean', 'normalize_inputs.buffer_observation_state.std', 'normalize_targets.buffer_action.mean', 'normalize_targets.buffer_action.std', 'unnormalize_outputs.buffer_action.mean', 'unnormalize_outputs.buffer_action.std']
Reducing the number of VLM layers to 16 ...
[eval] suite=libero_10 loaded models: ['ph']  out=output/_ckpt_probe/success_rates.json
[robosuite WARNING] No private macro file found! (__init__.py:7)
WARNING:robosuite_logs:No private macro file found!
[robosuite WARNING] It is recommended to use a private macro file (__init__.py:8)
WARNING:robosuite_logs:It is recommended to use a private macro file
[robosuite WARNING] To setup, run: python /home/user/Desktop/Ayush PH test/venv/lib/python3.12/site-packages/robosuite/scripts/setup_macros.py (__init__.py:9)
WARNING:robosuite_logs:To setup, run: python /home/user/Desktop/Ayush PH test/venv/lib/python3.12/site-packages/robosuite/scripts/setup_macros.py
[info] using task orders [0, 1, 2, 3, 4, 5, 6, 7, 8, 9]
[Warning]: datasets path /home/user/Desktop/Ayush PH test/data/libero_datasets does not exist!
[Warning]: datasets path /home/user/Desktop/Ayush PH test/data/libero_datasets does not exist!
[LIBERO-10] ph task0 'put both the alphabet soup and the tomat': 0.0%
[info] using task orders [0, 1, 2, 3, 4, 5, 6, 7, 8, 9]
[Warning]: datasets path /home/user/Desktop/Ayush PH test/data/libero_datasets does not exist!
[Warning]: datasets path /home/user/Desktop/Ayush PH test/data/libero_datasets does not exist!
[LIBERO-10] ph task1 'put both the cream cheese box and the bu': 0.0%
[info] using task orders [0, 1, 2, 3, 4, 5, 6, 7, 8, 9]
[Warning]: datasets path /home/user/Desktop/Ayush PH test/data/libero_datasets does not exist!
[Warning]: datasets path /home/user/Desktop/Ayush PH test/data/libero_datasets does not exist!
[LIBERO-10] ph task2 'turn on the stove and put the moka pot o': 0.0%
