[train] variant=ph mode=full out=/home/user/Desktop/Ayush PH test/output/strong_spatial_ph
`torch_dtype` is deprecated! Use `dtype` instead!
Loading  HuggingFaceTB/SmolVLM2-500M-Video-Instruct weights ...
Loading weights:   0%|          | 0/489 [00:00<?, ?it/s]Loading weights: 100%|██████████| 489/489 [00:00<00:00, 6949.72it/s]
Reducing the number of VLM layers to 16 ...
Fetching 4 files:   0%|          | 0/4 [00:00<?, ?it/s]Fetching 4 files: 100%|██████████| 4/4 [00:00<00:00, 7699.50it/s]
Fetching 4 files:   0%|          | 0/4 [00:00<?, ?it/s]Fetching 4 files: 100%|██████████| 4/4 [00:00<00:00, 6620.84it/s]
[train] dataset frames=52970 episodes=432

=== stage1 | steps=5000 batch=16 trainable: head=99.9M backbone=0.0M ===
[stage1] step    499 | flow=0.6539 L1=0.3995 PH=0.7589 total=0.7297 | VRAM=4.8GB | 0.119s/it
[stage1] step    999 | flow=0.5026 L1=0.3356 PH=0.5939 total=0.5620 | VRAM=4.8GB | 0.123s/it
[stage1] step   1499 | flow=0.4746 L1=0.3223 PH=0.5678 total=0.5314 | VRAM=4.8GB | 0.116s/it
[stage1] step   1999 | flow=0.4560 L1=0.3175 PH=0.5489 total=0.5109 | VRAM=4.8GB | 0.116s/it
[stage1] step   2499 | flow=0.4424 L1=0.3063 PH=0.5209 total=0.4945 | VRAM=4.8GB | 0.130s/it
[stage1] step   2999 | flow=0.4358 L1=0.3069 PH=0.5265 total=0.4884 | VRAM=4.8GB | 0.123s/it
[stage1] step   3499 | flow=0.4240 L1=0.3033 PH=0.5099 total=0.4750 | VRAM=4.8GB | 0.123s/it
[stage1] step   3999 | flow=0.4142 L1=0.2988 PH=0.5039 total=0.4646 | VRAM=4.8GB | 2.355s/it
[stage1] step   4499 | flow=0.4066 L1=0.2942 PH=0.4920 total=0.4558 | VRAM=4.8GB | 0.130s/it
[stage1] step   4999 | flow=0.3941 L1=0.2896 PH=0.4806 total=0.4422 | VRAM=4.8GB | 0.377s/it
[ckpt] saved -> /home/user/Desktop/Ayush PH test/output/strong_spatial_ph/checkpoints/5000
LlamaModel does not expose input embeddings. Gradients cannot flow back to the token embeddings when using adapters or gradient checkpointing. Override `get_input_embeddings` to fully support those features, or set `_input_embed_layer` to the attribute name that holds the embeddings.

=== stage2 | steps=20000 batch=16 trainable: head=99.9M backbone=350.2M ===
[stage2] step   5499 | flow=0.3934 L1=0.2909 PH=0.4850 total=0.4419 | VRAM=19.6GB | 0.246s/it
[stage2] step   5999 | flow=0.3864 L1=0.2852 PH=0.4671 total=0.4331 | VRAM=19.6GB | 0.250s/it
[stage2] step   6499 | flow=0.3750 L1=0.2837 PH=0.4642 total=0.4214 | VRAM=19.6GB | 0.247s/it
[stage2] step   6999 | flow=0.3601 L1=0.2782 PH=0.4495 total=0.4051 | VRAM=19.6GB | 0.242s/it
[stage2] step   7499 | flow=0.3498 L1=0.2748 PH=0.4400 total=0.3938 | VRAM=19.6GB | 0.250s/it
[stage2] step   7999 | flow=0.3377 L1=0.2694 PH=0.4253 total=0.3802 | VRAM=19.6GB | 0.245s/it
[stage2] step   8499 | flow=0.3206 L1=0.2600 PH=0.4035 total=0.3610 | VRAM=19.6GB | 0.245s/it
[stage2] step   8999 | flow=0.3079 L1=0.2561 PH=0.3828 total=0.3462 | VRAM=19.6GB | 0.243s/it
[stage2] step   9499 | flow=0.2926 L1=0.2509 PH=0.3754 total=0.3302 | VRAM=19.6GB | 0.247s/it
[stage2] step   9999 | flow=0.2842 L1=0.2452 PH=0.3646 total=0.3206 | VRAM=19.6GB | 0.243s/it
[ckpt] saved -> /home/user/Desktop/Ayush PH test/output/strong_spatial_ph/checkpoints/10000
[stage2] step  10499 | flow=0.2696 L1=0.2388 PH=0.3464 total=0.3042 | VRAM=19.6GB | 0.243s/it
[stage2] step  10999 | flow=0.2573 L1=0.2332 PH=0.3414 total=0.2915 | VRAM=19.6GB | 0.241s/it
[stage2] step  11499 | flow=0.2515 L1=0.2278 PH=0.3357 total=0.2851 | VRAM=19.6GB | 0.241s/it
[stage2] step  11999 | flow=0.2410 L1=0.2224 PH=0.3176 total=0.2727 | VRAM=19.6GB | 0.239s/it
[stage2] step  12499 | flow=0.2320 L1=0.2168 PH=0.3100 total=0.2630 | VRAM=19.6GB | 0.242s/it
[stage2] step  12999 | flow=0.2225 L1=0.2130 PH=0.3129 total=0.2538 | VRAM=19.6GB | 0.242s/it
[stage2] step  13499 | flow=0.2175 L1=0.2114 PH=0.3051 total=0.2480 | VRAM=19.6GB | 0.241s/it
[stage2] step  13999 | flow=0.2115 L1=0.2070 PH=0.2924 total=0.2408 | VRAM=19.6GB | 0.237s/it
[stage2] step  14499 | flow=0.2051 L1=0.2034 PH=0.2991 total=0.2350 | VRAM=19.6GB | 0.243s/it
[stage2] step  14999 | flow=0.1980 L1=0.2001 PH=0.2954 total=0.2276 | VRAM=19.6GB | 0.241s/it
[ckpt] saved -> /home/user/Desktop/Ayush PH test/output/strong_spatial_ph/checkpoints/15000
[stage2] step  15499 | flow=0.1921 L1=0.1966 PH=0.2833 total=0.2204 | VRAM=19.6GB | 0.240s/it
[stage2] step  15999 | flow=0.1868 L1=0.1921 PH=0.2845 total=0.2153 | VRAM=19.6GB | 0.240s/it
[stage2] step  16499 | flow=0.1832 L1=0.1922 PH=0.2837 total=0.2116 | VRAM=19.6GB | 0.242s/it
[stage2] step  16999 | flow=0.1794 L1=0.1879 PH=0.2729 total=0.2067 | VRAM=19.6GB | 0.243s/it
[stage2] step  17499 | flow=0.1765 L1=0.1860 PH=0.2692 total=0.2035 | VRAM=19.6GB | 0.247s/it
[stage2] step  17999 | flow=0.1726 L1=0.1826 PH=0.2625 total=0.1988 | VRAM=19.6GB | 0.243s/it
[stage2] step  18499 | flow=0.1660 L1=0.1809 PH=0.2657 total=0.1926 | VRAM=19.6GB | 0.242s/it
[stage2] step  18999 | flow=0.1661 L1=0.1800 PH=0.2580 total=0.1919 | VRAM=19.6GB | 0.239s/it
[stage2] step  19499 | flow=0.1613 L1=0.1775 PH=0.2576 total=0.1871 | VRAM=19.6GB | 0.242s/it
[stage2] step  19999 | flow=0.1568 L1=0.1763 PH=0.2530 total=0.1821 | VRAM=19.6GB | 0.243s/it
[ckpt] saved -> /home/user/Desktop/Ayush PH test/output/strong_spatial_ph/checkpoints/20000
[stage2] step  20499 | flow=0.1571 L1=0.1740 PH=0.2588 total=0.1830 | VRAM=19.6GB | 0.241s/it
[stage2] step  20999 | flow=0.1538 L1=0.1729 PH=0.2521 total=0.1790 | VRAM=19.6GB | 0.241s/it
[stage2] step  21499 | flow=0.1517 L1=0.1704 PH=0.2457 total=0.1763 | VRAM=19.6GB | 0.240s/it
[stage2] step  21999 | flow=0.1489 L1=0.1681 PH=0.2483 total=0.1737 | VRAM=19.6GB | 0.242s/it
[stage2] step  22499 | flow=0.1438 L1=0.1671 PH=0.2464 total=0.1684 | VRAM=19.6GB | 0.241s/it
[stage2] step  22999 | flow=0.1470 L1=0.1653 PH=0.2372 total=0.1707 | VRAM=19.6GB | 0.272s/it
[stage2] step  23499 | flow=0.1435 L1=0.1641 PH=0.2394 total=0.1675 | VRAM=19.6GB | 0.243s/it
[stage2] step  23999 | flow=0.1406 L1=0.1618 PH=0.2334 total=0.1640 | VRAM=19.6GB | 0.244s/it
[stage2] step  24499 | flow=0.1387 L1=0.1607 PH=0.2389 total=0.1626 | VRAM=19.6GB | 0.244s/it
[stage2] step  24999 | flow=0.1366 L1=0.1601 PH=0.2335 total=0.1599 | VRAM=19.6GB | 0.240s/it
[ckpt] saved -> /home/user/Desktop/Ayush PH test/output/strong_spatial_ph/checkpoints/25000

[train] DONE variant=ph total_steps=25000 wall=148.4 min  -> /home/user/Desktop/Ayush PH test/output/strong_spatial_ph
