[train] variant=ph mode=full out=/home/user/Desktop/Ayush PH test/output/sweep_spatial_lambda_0p05
`torch_dtype` is deprecated! Use `dtype` instead!
Loading  HuggingFaceTB/SmolVLM2-500M-Video-Instruct weights ...
Loading weights:   0%|          | 0/489 [00:00<?, ?it/s]Loading weights: 100%|██████████| 489/489 [00:00<00:00, 6110.34it/s]
Reducing the number of VLM layers to 16 ...
Fetching 4 files:   0%|          | 0/4 [00:00<?, ?it/s]Fetching 4 files: 100%|██████████| 4/4 [00:00<00:00, 6285.96it/s]
Fetching 4 files:   0%|          | 0/4 [00:00<?, ?it/s]Fetching 4 files: 100%|██████████| 4/4 [00:00<00:00, 11881.88it/s]
[train] dataset frames=52970 episodes=432

=== stage1 | steps=5000 batch=16 trainable: head=99.9M backbone=0.0M ===
[stage1] step    499 | flow=0.6382 L1=0.3921 PH=0.7992 total=0.6781 | VRAM=4.8GB | 0.243s/it
[stage1] step    999 | flow=0.4952 L1=0.3335 PH=0.6390 total=0.5272 | VRAM=4.8GB | 0.260s/it
[stage1] step   1499 | flow=0.4664 L1=0.3205 PH=0.6057 total=0.4967 | VRAM=4.8GB | 0.258s/it
[stage1] step   1999 | flow=0.4448 L1=0.3098 PH=0.5717 total=0.4734 | VRAM=4.8GB | 0.286s/it
[stage1] step   2499 | flow=0.4370 L1=0.3090 PH=0.5580 total=0.4649 | VRAM=4.8GB | 0.285s/it
[stage1] step   2999 | flow=0.4241 L1=0.3037 PH=0.5429 total=0.4512 | VRAM=4.8GB | 0.283s/it
[stage1] step   3499 | flow=0.4150 L1=0.2951 PH=0.5259 total=0.4413 | VRAM=4.8GB | 0.259s/it
[stage1] step   3999 | flow=0.4052 L1=0.2928 PH=0.5216 total=0.4313 | VRAM=4.8GB | 0.242s/it
[stage1] step   4499 | flow=0.3937 L1=0.2920 PH=0.5176 total=0.4196 | VRAM=4.8GB | 0.129s/it
[stage1] step   4999 | flow=0.3901 L1=0.2869 PH=0.5036 total=0.4153 | VRAM=4.8GB | 0.280s/it
[ckpt] saved -> /home/user/Desktop/Ayush PH test/output/sweep_spatial_lambda_0p05/checkpoints/5000
LlamaModel does not expose input embeddings. Gradients cannot flow back to the token embeddings when using adapters or gradient checkpointing. Override `get_input_embeddings` to fully support those features, or set `_input_embed_layer` to the attribute name that holds the embeddings.

=== stage2 | steps=20000 batch=16 trainable: head=99.9M backbone=350.2M ===
[stage2] step   5499 | flow=0.3833 L1=0.2855 PH=0.5027 total=0.4085 | VRAM=19.6GB | 0.497s/it
[stage2] step   5999 | flow=0.3687 L1=0.2810 PH=0.4800 total=0.3927 | VRAM=19.6GB | 0.510s/it
[stage2] step   6499 | flow=0.3612 L1=0.2796 PH=0.4789 total=0.3852 | VRAM=19.6GB | 0.525s/it
[stage2] step   6999 | flow=0.3463 L1=0.2749 PH=0.4719 total=0.3699 | VRAM=19.6GB | 0.511s/it
[stage2] step   7499 | flow=0.3337 L1=0.2665 PH=0.4487 total=0.3561 | VRAM=19.6GB | 0.500s/it
[stage2] step   7999 | flow=0.3202 L1=0.2589 PH=0.4221 total=0.3413 | VRAM=19.6GB | 0.526s/it
[stage2] step   8499 | flow=0.3003 L1=0.2536 PH=0.4088 total=0.3208 | VRAM=19.6GB | 0.516s/it
[stage2] step   8999 | flow=0.2856 L1=0.2476 PH=0.3908 total=0.3051 | VRAM=19.6GB | 0.516s/it
[stage2] step   9499 | flow=0.2737 L1=0.2379 PH=0.3709 total=0.2922 | VRAM=19.6GB | 0.498s/it
[stage2] step   9999 | flow=0.2573 L1=0.2347 PH=0.3609 total=0.2753 | VRAM=19.6GB | 0.522s/it
[ckpt] saved -> /home/user/Desktop/Ayush PH test/output/sweep_spatial_lambda_0p05/checkpoints/10000
[stage2] step  10499 | flow=0.2490 L1=0.2267 PH=0.3477 total=0.2664 | VRAM=19.6GB | 0.519s/it
[stage2] step  10999 | flow=0.2373 L1=0.2225 PH=0.3393 total=0.2543 | VRAM=19.6GB | 0.241s/it
[stage2] step  11499 | flow=0.2257 L1=0.2162 PH=0.3342 total=0.2424 | VRAM=19.6GB | 0.252s/it
[stage2] step  11999 | flow=0.2189 L1=0.2102 PH=0.3164 total=0.2347 | VRAM=19.6GB | 0.277s/it
[stage2] step  12499 | flow=0.2110 L1=0.2058 PH=0.3030 total=0.2261 | VRAM=19.6GB | 0.255s/it
[stage2] step  12999 | flow=0.2039 L1=0.2014 PH=0.3044 total=0.2191 | VRAM=19.6GB | 0.272s/it
[stage2] step  13499 | flow=0.1965 L1=0.1970 PH=0.2944 total=0.2113 | VRAM=19.6GB | 0.309s/it
[stage2] step  13999 | flow=0.1919 L1=0.1949 PH=0.2937 total=0.2066 | VRAM=19.6GB | 0.249s/it
[stage2] step  14499 | flow=0.1829 L1=0.1906 PH=0.2933 total=0.1976 | VRAM=19.6GB | 0.258s/it
[stage2] step  14999 | flow=0.1794 L1=0.1896 PH=0.2858 total=0.1937 | VRAM=19.6GB | 0.509s/it
[ckpt] saved -> /home/user/Desktop/Ayush PH test/output/sweep_spatial_lambda_0p05/checkpoints/15000
[stage2] step  15499 | flow=0.1740 L1=0.1852 PH=0.2797 total=0.1880 | VRAM=19.6GB | 0.521s/it
[stage2] step  15999 | flow=0.1705 L1=0.1828 PH=0.2695 total=0.1840 | VRAM=19.6GB | 0.512s/it
[stage2] step  16499 | flow=0.1656 L1=0.1803 PH=0.2669 total=0.1789 | VRAM=19.6GB | 0.515s/it
[stage2] step  16999 | flow=0.1632 L1=0.1780 PH=0.2647 total=0.1765 | VRAM=19.6GB | 0.501s/it
[stage2] step  17499 | flow=0.1601 L1=0.1764 PH=0.2622 total=0.1732 | VRAM=19.6GB | 0.522s/it
[stage2] step  17999 | flow=0.1544 L1=0.1754 PH=0.2622 total=0.1675 | VRAM=19.6GB | 0.498s/it
[stage2] step  18499 | flow=0.1497 L1=0.1713 PH=0.2510 total=0.1622 | VRAM=19.6GB | 0.507s/it
[stage2] step  18999 | flow=0.1470 L1=0.1691 PH=0.2523 total=0.1596 | VRAM=19.6GB | 0.506s/it
[stage2] step  19499 | flow=0.1479 L1=0.1664 PH=0.2502 total=0.1604 | VRAM=19.6GB | 0.514s/it
[stage2] step  19999 | flow=0.1431 L1=0.1657 PH=0.2488 total=0.1556 | VRAM=19.6GB | 0.513s/it
[ckpt] saved -> /home/user/Desktop/Ayush PH test/output/sweep_spatial_lambda_0p05/checkpoints/20000
[stage2] step  20499 | flow=0.1408 L1=0.1635 PH=0.2404 total=0.1528 | VRAM=19.6GB | 0.503s/it
[stage2] step  20999 | flow=0.1383 L1=0.1642 PH=0.2388 total=0.1503 | VRAM=19.6GB | 0.507s/it
[stage2] step  21499 | flow=0.1392 L1=0.1596 PH=0.2411 total=0.1512 | VRAM=19.6GB | 0.501s/it
[stage2] step  21999 | flow=0.1342 L1=0.1599 PH=0.2335 total=0.1459 | VRAM=19.6GB | 0.519s/it
[stage2] step  22499 | flow=0.1323 L1=0.1585 PH=0.2355 total=0.1441 | VRAM=19.6GB | 0.515s/it
[stage2] step  22999 | flow=0.1300 L1=0.1573 PH=0.2318 total=0.1416 | VRAM=19.6GB | 0.515s/it
[stage2] step  23499 | flow=0.1313 L1=0.1529 PH=0.2277 total=0.1427 | VRAM=19.6GB | 0.500s/it
[stage2] step  23999 | flow=0.1279 L1=0.1544 PH=0.2297 total=0.1394 | VRAM=19.6GB | 0.511s/it
[stage2] step  24499 | flow=0.1235 L1=0.1521 PH=0.2237 total=0.1347 | VRAM=19.6GB | 0.522s/it
[stage2] step  24999 | flow=0.1277 L1=0.1516 PH=0.2205 total=0.1387 | VRAM=19.6GB | 0.509s/it
[ckpt] saved -> /home/user/Desktop/Ayush PH test/output/sweep_spatial_lambda_0p05/checkpoints/25000

[train] DONE variant=ph total_steps=25000 wall=193.1 min  -> /home/user/Desktop/Ayush PH test/output/sweep_spatial_lambda_0p05
