[train] head=deeponet variant=baseline seed=0 out=deeponet_results/Long/runs/m3_s0
Warning: You are sending unauthenticated requests to the HF Hub. Please set a HF_TOKEN to enable higher rate limits and faster downloads.
WARNING:huggingface_hub.utils._http:Warning: You are sending unauthenticated requests to the HF Hub. Please set a HF_TOKEN to enable higher rate limits and faster downloads.
`torch_dtype` is deprecated! Use `dtype` instead!
WARNING:root:Missing key(s) when loading model: {'model.deeponet.pool.blocks.2.ln_q.weight', 'model.deeponet.out_mlp.2.bias', 'model.deeponet.pool.blocks.0.attn.out_proj.weight', 'model.deeponet.branch.0.weight', 'model.deeponet.pool.blocks.1.ln_kv.weight', 'model.deeponet.branch.0.bias', 'model.deeponet.pool.blocks.2.ln_kv.weight', 'model.deeponet.branch.1.bias', 'model.deeponet.pool.blocks.2.attn.out_proj.bias', 'model.deeponet.pool.blocks.0.ln_q.weight', 'model.deeponet.pool.blocks.2.attn.in_proj_weight', 'model.deeponet.pool.blocks.2.attn.in_proj_bias', 'model.deeponet.pool.blocks.0.attn.in_proj_weight', 'model.deeponet.pool.blocks.1.attn.out_proj.bias', 'model.deeponet.pool.blocks.1.ln_kv.bias', 'model.deeponet.pool.blocks.1.attn.in_proj_bias', 'model.deeponet.trunk.2.weight', 'model.deeponet.pool.blocks.0.ln2.weight', 'model.deeponet.pool.blocks.0.ff.2.weight', 'model.deeponet.pool.blocks.1.ff.0.weight', 'model.deeponet.pool.blocks.0.attn.in_proj_bias', 'model.deeponet.pool.blocks.2.ln2.bias', 'model.deeponet.pool.in_proj.bias', 'model.deeponet.pool.blocks.1.ff.2.weight', 'model.deeponet.trunk.0.bias', 'model.deeponet.pool.blocks.2.ln_kv.bias', 'model.deeponet.pool.blocks.0.ln_q.bias', 'model.deeponet.pool.queries', 'model.deeponet.out_mlp.0.weight', 'model.deeponet.pool.blocks.2.ff.2.bias', 'model.deeponet.pool.blocks.2.ln_q.bias', 'model.deeponet.pool.blocks.0.ff.0.weight', 'model.deeponet.pool.blocks.0.ln2.bias', 'model.deeponet.pool.blocks.2.ln2.weight', 'model.deeponet.pool.blocks.0.ln_kv.bias', 'model.deeponet.pool.blocks.2.ff.2.weight', 'model.deeponet.pool.blocks.1.attn.in_proj_weight', 'model.deeponet.pool.blocks.1.ln2.bias', 'model.deeponet.trunk.4.bias', 'model.deeponet.pool.blocks.1.ln2.weight', 'model.deeponet.out_mlp.0.bias', 'model.deeponet.trunk.0.weight', 'model.deeponet.pool.blocks.0.ff.0.bias', 'model.deeponet.pool.blocks.1.attn.out_proj.weight', 'model.deeponet.pool.blocks.1.ff.0.bias', 'model.deeponet.pool.blocks.2.attn.out_proj.weight', 'model.deeponet.pool.in_proj.weight', 'model.deeponet.pool.blocks.1.ff.2.bias', 'model.deeponet.pool.blocks.0.attn.out_proj.bias', 'model.deeponet.pool.blocks.0.ln_kv.weight', 'model.deeponet.pool.blocks.2.ff.0.bias', 'model.deeponet.trunk.2.bias', 'model.deeponet.pool.blocks.2.ff.0.weight', 'model.deeponet.pool.blocks.0.ff.2.bias', 'model.deeponet.branch.3.bias', 'model.deeponet.pool.blocks.1.ln_q.bias', 'model.deeponet.branch.3.weight', 'model.deeponet.out_mlp.2.weight', 'model.deeponet.branch.1.weight', 'model.deeponet.pool.blocks.1.ln_q.weight', 'model.deeponet.trunk.4.weight', 'model.deeponet.out_bias'}
Loading  HuggingFaceTB/SmolVLM2-500M-Video-Instruct weights ...
Reducing the number of VLM layers to 16 ...
Loading  HuggingFaceTB/SmolVLM2-500M-Video-Instruct weights ...
Reducing the number of VLM layers to 16 ...
[train] dataset frames=101469 episodes=379 -> 1 epoch = 2114 steps @ batch 48
[train] planned frames seen = 1440000 = 14.19 epochs

=== stage1 | steps=1650 batch=48 trainable: head=10.40M backbone=0.0M ===
[stage1] step    199 | mse=0.8256 L1=0.6801 PH=0.0000 total=0.8256 | VRAM=9.5GB | 0.277s/it
[stage1] step    399 | mse=0.6191 L1=0.5921 PH=0.0000 total=0.6191 | VRAM=9.5GB | 0.277s/it
[stage1] step    599 | mse=0.4880 L1=0.5238 PH=0.0000 total=0.4880 | VRAM=9.5GB | 0.278s/it
[stage1] step    799 | mse=0.4252 L1=0.4883 PH=0.0000 total=0.4252 | VRAM=9.5GB | 0.278s/it
[stage1] step    999 | mse=0.4021 L1=0.4730 PH=0.0000 total=0.4021 | VRAM=9.5GB | 0.277s/it
[stage1] step   1199 | mse=0.3832 L1=0.4613 PH=0.0000 total=0.3832 | VRAM=9.5GB | 0.277s/it
[stage1] step   1399 | mse=0.3620 L1=0.4508 PH=0.0000 total=0.3620 | VRAM=9.5GB | 0.277s/it
[stage1] step   1599 | mse=0.3541 L1=0.4429 PH=0.0000 total=0.3541 | VRAM=9.5GB | 0.278s/it
[ckpt] saved -> deeponet_results/Long/runs/m3_s0/checkpoints/1650  (EMA weights)

=== stage2 | steps=28350 batch=48 trainable: head=10.40M backbone=350.2M ===
[stage2] step   1849 | mse=0.3300 L1=0.4281 PH=0.0000 total=0.3300 | VRAM=50.3GB | 0.636s/it
[stage2] step   2049 | mse=0.3277 L1=0.4249 PH=0.0000 total=0.3277 | VRAM=50.3GB | 0.636s/it
[stage2] step   2249 | mse=0.3129 L1=0.4187 PH=0.0000 total=0.3129 | VRAM=50.3GB | 0.636s/it
[stage2] step   2449 | mse=0.3061 L1=0.4142 PH=0.0000 total=0.3061 | VRAM=50.3GB | 0.638s/it
[stage2] step   2649 | mse=0.2906 L1=0.4052 PH=0.0000 total=0.2906 | VRAM=50.3GB | 0.634s/it
[stage2] step   2849 | mse=0.2796 L1=0.3983 PH=0.0000 total=0.2796 | VRAM=50.3GB | 0.634s/it
[stage2] step   3049 | mse=0.2733 L1=0.3935 PH=0.0000 total=0.2733 | VRAM=50.3GB | 0.635s/it
[stage2] step   3249 | mse=0.2617 L1=0.3872 PH=0.0000 total=0.2617 | VRAM=50.3GB | 0.636s/it
[stage2] step   3449 | mse=0.2544 L1=0.3832 PH=0.0000 total=0.2544 | VRAM=50.3GB | 0.636s/it
[stage2] step   3649 | mse=0.2451 L1=0.3758 PH=0.0000 total=0.2451 | VRAM=50.3GB | 0.636s/it
[stage2] step   3849 | mse=0.2293 L1=0.3681 PH=0.0000 total=0.2293 | VRAM=50.3GB | 0.633s/it
[stage2] step   4049 | mse=0.2180 L1=0.3564 PH=0.0000 total=0.2180 | VRAM=50.3GB | 0.634s/it
[stage2] step   4249 | mse=0.2142 L1=0.3553 PH=0.0000 total=0.2142 | VRAM=50.3GB | 0.636s/it
[stage2] step   4449 | mse=0.2044 L1=0.3490 PH=0.0000 total=0.2044 | VRAM=50.3GB | 0.635s/it
[stage2] step   4649 | mse=0.1983 L1=0.3453 PH=0.0000 total=0.1983 | VRAM=50.3GB | 0.639s/it
[stage2] step   4849 | mse=0.1920 L1=0.3393 PH=0.0000 total=0.1920 | VRAM=50.3GB | 0.636s/it
[stage2] step   5049 | mse=0.1853 L1=0.3347 PH=0.0000 total=0.1853 | VRAM=50.3GB | 0.635s/it
[stage2] step   5249 | mse=0.1821 L1=0.3321 PH=0.0000 total=0.1821 | VRAM=50.3GB | 0.637s/it
[stage2] step   5449 | mse=0.1745 L1=0.3262 PH=0.0000 total=0.1745 | VRAM=50.3GB | 0.637s/it
[stage2] step   5649 | mse=0.1694 L1=0.3212 PH=0.0000 total=0.1694 | VRAM=50.3GB | 0.889s/it
[stage2] step   5849 | mse=0.1643 L1=0.3171 PH=0.0000 total=0.1643 | VRAM=50.3GB | 0.876s/it
[stage2] step   6049 | mse=0.1540 L1=0.3090 PH=0.0000 total=0.1540 | VRAM=50.3GB | 0.634s/it
[stage2] step   6249 | mse=0.1497 L1=0.3040 PH=0.0000 total=0.1497 | VRAM=50.3GB | 0.635s/it
[stage2] step   6449 | mse=0.1443 L1=0.3014 PH=0.0000 total=0.1443 | VRAM=50.3GB | 0.635s/it
[stage2] step   6649 | mse=0.1428 L1=0.2987 PH=0.0000 total=0.1428 | VRAM=50.3GB | 0.637s/it
[stage2] step   6849 | mse=0.1386 L1=0.2949 PH=0.0000 total=0.1386 | VRAM=50.3GB | 0.635s/it
[stage2] step   7049 | mse=0.1352 L1=0.2932 PH=0.0000 total=0.1352 | VRAM=50.3GB | 0.634s/it
[stage2] step   7249 | mse=0.1333 L1=0.2896 PH=0.0000 total=0.1333 | VRAM=50.3GB | 0.635s/it
[stage2] step   7449 | mse=0.1291 L1=0.2862 PH=0.0000 total=0.1291 | VRAM=50.3GB | 0.637s/it
[stage2] step   7649 | mse=0.1283 L1=0.2854 PH=0.0000 total=0.1283 | VRAM=50.3GB | 0.641s/it
[stage2] step   7849 | mse=0.1255 L1=0.2811 PH=0.0000 total=0.1255 | VRAM=50.3GB | 0.636s/it
[stage2] step   8049 | mse=0.1200 L1=0.2769 PH=0.0000 total=0.1200 | VRAM=50.3GB | 0.634s/it
[stage2] step   8249 | mse=0.1140 L1=0.2709 PH=0.0000 total=0.1140 | VRAM=50.3GB | 0.634s/it
[stage2] step   8449 | mse=0.1133 L1=0.2697 PH=0.0000 total=0.1133 | VRAM=50.3GB | 0.635s/it
[stage2] step   8649 | mse=0.1107 L1=0.2675 PH=0.0000 total=0.1107 | VRAM=50.3GB | 0.635s/it
[stage2] step   8849 | mse=0.1111 L1=0.2658 PH=0.0000 total=0.1111 | VRAM=50.3GB | 0.636s/it
[stage2] step   9049 | mse=0.1091 L1=0.2650 PH=0.0000 total=0.1091 | VRAM=50.3GB | 0.635s/it
[stage2] step   9249 | mse=0.1070 L1=0.2624 PH=0.0000 total=0.1070 | VRAM=50.3GB | 0.634s/it
[stage2] step   9449 | mse=0.1046 L1=0.2588 PH=0.0000 total=0.1046 | VRAM=50.3GB | 0.634s/it
[stage2] step   9649 | mse=0.1040 L1=0.2587 PH=0.0000 total=0.1040 | VRAM=50.3GB | 0.634s/it
[stage2] step   9849 | mse=0.1020 L1=0.2572 PH=0.0000 total=0.1020 | VRAM=50.3GB | 0.636s/it
[stage2] step  10049 | mse=0.1005 L1=0.2552 PH=0.0000 total=0.1005 | VRAM=50.3GB | 0.635s/it
[stage2] step  10249 | mse=0.0949 L1=0.2483 PH=0.0000 total=0.0949 | VRAM=50.3GB | 0.634s/it
[stage2] step  10449 | mse=0.0933 L1=0.2456 PH=0.0000 total=0.0933 | VRAM=50.3GB | 0.633s/it
[stage2] step  10649 | mse=0.0927 L1=0.2464 PH=0.0000 total=0.0927 | VRAM=50.3GB | 0.634s/it
[stage2] step  10849 | mse=0.0904 L1=0.2448 PH=0.0000 total=0.0904 | VRAM=50.3GB | 0.634s/it
[stage2] step  11049 | mse=0.0909 L1=0.2452 PH=0.0000 total=0.0909 | VRAM=50.3GB | 0.635s/it
[stage2] step  11249 | mse=0.0908 L1=0.2436 PH=0.0000 total=0.0908 | VRAM=50.3GB | 0.635s/it
[stage2] step  11449 | mse=0.0885 L1=0.2421 PH=0.0000 total=0.0885 | VRAM=50.3GB | 0.634s/it
[stage2] step  11649 | mse=0.0883 L1=0.2399 PH=0.0000 total=0.0883 | VRAM=50.3GB | 0.633s/it
[ckpt] saved -> deeponet_results/Long/runs/m3_s0/checkpoints/11650  (EMA weights)
[stage2] step  11849 | mse=0.0865 L1=0.2380 PH=0.0000 total=0.0865 | VRAM=50.3GB | 0.634s/it
[stage2] step  12049 | mse=0.0870 L1=0.2373 PH=0.0000 total=0.0870 | VRAM=50.3GB | 0.634s/it
[stage2] step  12249 | mse=0.0849 L1=0.2363 PH=0.0000 total=0.0849 | VRAM=50.3GB | 0.633s/it
[stage2] step  12449 | mse=0.0810 L1=0.2303 PH=0.0000 total=0.0810 | VRAM=50.3GB | 0.634s/it
[stage2] step  12649 | mse=0.0790 L1=0.2304 PH=0.0000 total=0.0790 | VRAM=50.3GB | 0.633s/it
[stage2] step  12849 | mse=0.0793 L1=0.2302 PH=0.0000 total=0.0793 | VRAM=50.3GB | 0.632s/it
[stage2] step  13049 | mse=0.0780 L1=0.2265 PH=0.0000 total=0.0780 | VRAM=50.3GB | 0.633s/it
[stage2] step  13249 | mse=0.0780 L1=0.2272 PH=0.0000 total=0.0780 | VRAM=50.3GB | 0.632s/it
[stage2] step  13449 | mse=0.0776 L1=0.2279 PH=0.0000 total=0.0776 | VRAM=50.3GB | 0.633s/it
[stage2] step  13649 | mse=0.0769 L1=0.2270 PH=0.0000 total=0.0769 | VRAM=50.3GB | 0.635s/it
[stage2] step  13849 | mse=0.0756 L1=0.2256 PH=0.0000 total=0.0756 | VRAM=50.3GB | 0.633s/it
[stage2] step  14049 | mse=0.0763 L1=0.2230 PH=0.0000 total=0.0763 | VRAM=50.3GB | 0.631s/it
[stage2] step  14249 | mse=0.0752 L1=0.2240 PH=0.0000 total=0.0752 | VRAM=50.3GB | 0.633s/it
[stage2] step  14449 | mse=0.0726 L1=0.2199 PH=0.0000 total=0.0726 | VRAM=50.3GB | 0.633s/it
[stage2] step  14649 | mse=0.0703 L1=0.2182 PH=0.0000 total=0.0703 | VRAM=50.3GB | 0.730s/it
[stage2] step  14849 | mse=0.0691 L1=0.2179 PH=0.0000 total=0.0691 | VRAM=50.3GB | 1.228s/it
[stage2] step  15049 | mse=0.0711 L1=0.2180 PH=0.0000 total=0.0711 | VRAM=50.3GB | 1.827s/it
[stage2] step  15249 | mse=0.0695 L1=0.2159 PH=0.0000 total=0.0695 | VRAM=50.3GB | 2.826s/it
[stage2] step  15449 | mse=0.0689 L1=0.2156 PH=0.0000 total=0.0689 | VRAM=50.3GB | 4.143s/it
[stage2] step  15649 | mse=0.0695 L1=0.2151 PH=0.0000 total=0.0695 | VRAM=50.3GB | 4.121s/it
[stage2] step  15849 | mse=0.0680 L1=0.2128 PH=0.0000 total=0.0680 | VRAM=50.3GB | 4.085s/it
[stage2] step  16049 | mse=0.0678 L1=0.2131 PH=0.0000 total=0.0678 | VRAM=50.3GB | 4.215s/it
[stage2] step  16249 | mse=0.0669 L1=0.2116 PH=0.0000 total=0.0669 | VRAM=50.3GB | 4.123s/it
[stage2] step  16449 | mse=0.0666 L1=0.2106 PH=0.0000 total=0.0666 | VRAM=50.3GB | 4.021s/it
[stage2] step  16649 | mse=0.0638 L1=0.2057 PH=0.0000 total=0.0638 | VRAM=50.3GB | 3.596s/it
[stage2] step  16849 | mse=0.0639 L1=0.2087 PH=0.0000 total=0.0639 | VRAM=50.3GB | 1.871s/it
[stage2] step  17049 | mse=0.0632 L1=0.2070 PH=0.0000 total=0.0632 | VRAM=50.3GB | 0.865s/it
[stage2] step  17249 | mse=0.0631 L1=0.2078 PH=0.0000 total=0.0631 | VRAM=50.3GB | 0.636s/it
[stage2] step  17449 | mse=0.0623 L1=0.2059 PH=0.0000 total=0.0623 | VRAM=50.3GB | 0.635s/it
[stage2] step  17649 | mse=0.0628 L1=0.2053 PH=0.0000 total=0.0628 | VRAM=50.3GB | 0.635s/it
[stage2] step  17849 | mse=0.0631 L1=0.2077 PH=0.0000 total=0.0631 | VRAM=50.3GB | 0.636s/it
[stage2] step  18049 | mse=0.0622 L1=0.2041 PH=0.0000 total=0.0622 | VRAM=50.3GB | 0.637s/it
[stage2] step  18249 | mse=0.0619 L1=0.2060 PH=0.0000 total=0.0619 | VRAM=50.3GB | 0.638s/it
[stage2] step  18449 | mse=0.0615 L1=0.2036 PH=0.0000 total=0.0615 | VRAM=50.3GB | 0.636s/it
[stage2] step  18649 | mse=0.0598 L1=0.2022 PH=0.0000 total=0.0598 | VRAM=50.3GB | 0.634s/it
[stage2] step  18849 | mse=0.0575 L1=0.1987 PH=0.0000 total=0.0575 | VRAM=50.3GB | 0.634s/it
[stage2] step  19049 | mse=0.0582 L1=0.1987 PH=0.0000 total=0.0582 | VRAM=50.3GB | 0.635s/it
[stage2] step  19249 | mse=0.0582 L1=0.1976 PH=0.0000 total=0.0582 | VRAM=50.3GB | 0.636s/it
[stage2] step  19449 | mse=0.0574 L1=0.2005 PH=0.0000 total=0.0574 | VRAM=50.3GB | 0.636s/it
[stage2] step  19649 | mse=0.0573 L1=0.1974 PH=0.0000 total=0.0573 | VRAM=50.3GB | 0.637s/it
[stage2] step  19849 | mse=0.0575 L1=0.1983 PH=0.0000 total=0.0575 | VRAM=50.3GB | 0.634s/it
[stage2] step  20049 | mse=0.0571 L1=0.1969 PH=0.0000 total=0.0571 | VRAM=50.3GB | 0.639s/it
[stage2] step  20249 | mse=0.0565 L1=0.1960 PH=0.0000 total=0.0565 | VRAM=50.3GB | 0.635s/it
[stage2] step  20449 | mse=0.0563 L1=0.1952 PH=0.0000 total=0.0563 | VRAM=50.3GB | 0.635s/it
[stage2] step  20649 | mse=0.0567 L1=0.1976 PH=0.0000 total=0.0567 | VRAM=50.3GB | 0.635s/it
[stage2] step  20849 | mse=0.0540 L1=0.1916 PH=0.0000 total=0.0540 | VRAM=50.3GB | 0.636s/it
[stage2] step  21049 | mse=0.0541 L1=0.1916 PH=0.0000 total=0.0541 | VRAM=50.3GB | 0.635s/it
[stage2] step  21249 | mse=0.0541 L1=0.1935 PH=0.0000 total=0.0541 | VRAM=50.3GB | 0.635s/it
[stage2] step  21449 | mse=0.0531 L1=0.1911 PH=0.0000 total=0.0531 | VRAM=50.3GB | 0.636s/it
[stage2] step  21649 | mse=0.0535 L1=0.1913 PH=0.0000 total=0.0535 | VRAM=50.3GB | 0.636s/it
[ckpt] saved -> deeponet_results/Long/runs/m3_s0/checkpoints/21650  (EMA weights)
[stage2] step  21849 | mse=0.0533 L1=0.1918 PH=0.0000 total=0.0533 | VRAM=50.3GB | 0.639s/it
[stage2] step  22049 | mse=0.0531 L1=0.1898 PH=0.0000 total=0.0531 | VRAM=50.3GB | 0.636s/it
[stage2] step  22249 | mse=0.0521 L1=0.1918 PH=0.0000 total=0.0521 | VRAM=50.3GB | 0.635s/it
[stage2] step  22449 | mse=0.0527 L1=0.1909 PH=0.0000 total=0.0527 | VRAM=50.3GB | 0.635s/it
[stage2] step  22649 | mse=0.0520 L1=0.1886 PH=0.0000 total=0.0520 | VRAM=50.3GB | 0.634s/it
[stage2] step  22849 | mse=0.0521 L1=0.1896 PH=0.0000 total=0.0521 | VRAM=50.3GB | 0.634s/it
[stage2] step  23049 | mse=0.0498 L1=0.1869 PH=0.0000 total=0.0498 | VRAM=50.3GB | 0.636s/it
[stage2] step  23249 | mse=0.0500 L1=0.1850 PH=0.0000 total=0.0500 | VRAM=50.3GB | 0.636s/it
[stage2] step  23449 | mse=0.0500 L1=0.1872 PH=0.0000 total=0.0500 | VRAM=50.3GB | 0.635s/it
[stage2] step  23649 | mse=0.0497 L1=0.1851 PH=0.0000 total=0.0497 | VRAM=50.3GB | 0.635s/it
[stage2] step  23849 | mse=0.0500 L1=0.1858 PH=0.0000 total=0.0500 | VRAM=50.3GB | 0.636s/it
[stage2] step  24049 | mse=0.0496 L1=0.1864 PH=0.0000 total=0.0496 | VRAM=50.3GB | 0.639s/it
[stage2] step  24249 | mse=0.0491 L1=0.1845 PH=0.0000 total=0.0491 | VRAM=50.3GB | 0.635s/it
[stage2] step  24449 | mse=0.0505 L1=0.1845 PH=0.0000 total=0.0505 | VRAM=50.3GB | 0.634s/it
[stage2] step  24649 | mse=0.0490 L1=0.1849 PH=0.0000 total=0.0490 | VRAM=50.3GB | 0.636s/it
[stage2] step  24849 | mse=0.0491 L1=0.1835 PH=0.0000 total=0.0491 | VRAM=50.3GB | 0.636s/it
[stage2] step  25049 | mse=0.0472 L1=0.1818 PH=0.0000 total=0.0472 | VRAM=50.3GB | 0.635s/it
[stage2] step  25249 | mse=0.0468 L1=0.1815 PH=0.0000 total=0.0468 | VRAM=50.3GB | 0.636s/it
[stage2] step  25449 | mse=0.0466 L1=0.1809 PH=0.0000 total=0.0466 | VRAM=50.3GB | 0.634s/it
[stage2] step  25649 | mse=0.0470 L1=0.1795 PH=0.0000 total=0.0470 | VRAM=50.3GB | 0.635s/it
[stage2] step  25849 | mse=0.0467 L1=0.1807 PH=0.0000 total=0.0467 | VRAM=50.3GB | 0.635s/it
[stage2] step  26049 | mse=0.0463 L1=0.1807 PH=0.0000 total=0.0463 | VRAM=50.3GB | 1.901s/it
[stage2] step  26249 | mse=0.0471 L1=0.1811 PH=0.0000 total=0.0471 | VRAM=50.3GB | 1.618s/it
[stage2] step  26449 | mse=0.0463 L1=0.1794 PH=0.0000 total=0.0463 | VRAM=50.3GB | 0.634s/it
[stage2] step  26649 | mse=0.0465 L1=0.1787 PH=0.0000 total=0.0465 | VRAM=50.3GB | 0.907s/it
[stage2] step  26849 | mse=0.0466 L1=0.1805 PH=0.0000 total=0.0466 | VRAM=50.3GB | 0.853s/it
[stage2] step  27049 | mse=0.0458 L1=0.1783 PH=0.0000 total=0.0458 | VRAM=50.3GB | 0.633s/it
[stage2] step  27249 | mse=0.0445 L1=0.1765 PH=0.0000 total=0.0445 | VRAM=50.3GB | 0.635s/it
[stage2] step  27449 | mse=0.0446 L1=0.1774 PH=0.0000 total=0.0446 | VRAM=50.3GB | 0.636s/it
[stage2] step  27649 | mse=0.0441 L1=0.1747 PH=0.0000 total=0.0441 | VRAM=50.3GB | 0.633s/it
[stage2] step  27849 | mse=0.0444 L1=0.1770 PH=0.0000 total=0.0444 | VRAM=50.3GB | 0.634s/it
[stage2] step  28049 | mse=0.0445 L1=0.1768 PH=0.0000 total=0.0445 | VRAM=50.3GB | 0.635s/it
[stage2] step  28249 | mse=0.0444 L1=0.1752 PH=0.0000 total=0.0444 | VRAM=50.3GB | 0.635s/it
[stage2] step  28449 | mse=0.0440 L1=0.1765 PH=0.0000 total=0.0440 | VRAM=50.3GB | 0.640s/it
[stage2] step  28649 | mse=0.0437 L1=0.1745 PH=0.0000 total=0.0437 | VRAM=50.3GB | 0.635s/it
[stage2] step  28849 | mse=0.0436 L1=0.1765 PH=0.0000 total=0.0436 | VRAM=50.3GB | 0.634s/it
[stage2] step  29049 | mse=0.0435 L1=0.1743 PH=0.0000 total=0.0435 | VRAM=50.3GB | 0.639s/it
[stage2] step  29249 | mse=0.0430 L1=0.1740 PH=0.0000 total=0.0430 | VRAM=50.3GB | 0.634s/it
[stage2] step  29449 | mse=0.0416 L1=0.1716 PH=0.0000 total=0.0416 | VRAM=50.3GB | 0.635s/it
[stage2] step  29649 | mse=0.0420 L1=0.1721 PH=0.0000 total=0.0420 | VRAM=50.3GB | 0.636s/it
[stage2] step  29849 | mse=0.0413 L1=0.1709 PH=0.0000 total=0.0413 | VRAM=50.3GB | 0.634s/it
[ckpt] saved -> deeponet_results/Long/runs/m3_s0/checkpoints/30000  (EMA weights)

[train] DONE head=deeponet variant=baseline steps=30000 wall=534.2 min -> deeponet_results/Long/runs/m3_s0
