[train] head=deeponet variant=ph seed=0 out=../Goal/runs/m4_s0
`torch_dtype` is deprecated! Use `dtype` instead!
Loading  HuggingFaceTB/SmolVLM2-500M-Video-Instruct weights ...
Loading weights:   0%|          | 0/489 [00:00<?, ?it/s]Loading weights: 100%|██████████| 489/489 [00:00<00:00, 6578.02it/s]
Reducing the number of VLM layers to 16 ...
Loading  HuggingFaceTB/SmolVLM2-500M-Video-Instruct weights ...
Loading weights:   0%|          | 0/489 [00:00<?, ?it/s]Loading weights: 100%|██████████| 489/489 [00:00<00:00, 6171.95it/s]
WARNING:root:Missing key(s) when loading model: {'model.deeponet.pool.blocks.1.ln_q.weight', 'model.deeponet.pool.blocks.2.ln_kv.weight', 'model.deeponet.pool.blocks.2.ff.0.bias', 'model.deeponet.pool.blocks.1.ln2.bias', 'model.deeponet.branch.0.bias', 'model.deeponet.branch.1.weight', 'model.deeponet.pool.blocks.1.attn.out_proj.bias', 'model.deeponet.out_bias', 'model.deeponet.pool.blocks.2.ln_q.weight', 'model.deeponet.pool.blocks.1.attn.out_proj.weight', 'model.deeponet.out_mlp.2.weight', 'model.deeponet.pool.blocks.0.attn.in_proj_weight', 'model.deeponet.pool.blocks.1.ln2.weight', 'model.deeponet.pool.blocks.2.ln2.weight', 'model.deeponet.trunk.4.weight', 'model.deeponet.pool.blocks.0.ff.0.weight', 'model.deeponet.out_mlp.2.bias', 'model.deeponet.out_mlp.0.bias', 'model.deeponet.trunk.0.bias', 'model.deeponet.pool.blocks.0.attn.out_proj.weight', 'model.deeponet.pool.blocks.0.attn.out_proj.bias', 'model.deeponet.pool.blocks.2.attn.out_proj.weight', 'model.deeponet.pool.blocks.2.ff.2.bias', 'model.deeponet.pool.blocks.1.ln_kv.weight', 'model.deeponet.pool.blocks.0.ff.2.weight', 'model.deeponet.pool.blocks.0.ln_kv.bias', 'model.deeponet.pool.blocks.2.attn.out_proj.bias', 'model.deeponet.pool.in_proj.bias', 'model.deeponet.pool.blocks.1.attn.in_proj_weight', 'model.deeponet.pool.blocks.0.attn.in_proj_bias', 'model.deeponet.branch.3.weight', 'model.deeponet.branch.1.bias', 'model.deeponet.trunk.0.weight', 'model.deeponet.pool.queries', 'model.deeponet.pool.in_proj.weight', 'model.deeponet.out_mlp.0.weight', 'model.deeponet.pool.blocks.0.ln_q.weight', 'model.deeponet.branch.0.weight', 'model.deeponet.trunk.2.weight', 'model.deeponet.trunk.4.bias', 'model.deeponet.pool.blocks.2.ff.2.weight', 'model.deeponet.pool.blocks.2.ln2.bias', 'model.deeponet.pool.blocks.0.ln2.bias', 'model.deeponet.pool.blocks.2.attn.in_proj_bias', 'model.deeponet.pool.blocks.1.ff.2.bias', 'model.deeponet.pool.blocks.1.ln_kv.bias', 'model.deeponet.pool.blocks.2.attn.in_proj_weight', 'model.deeponet.pool.blocks.2.ln_kv.bias', 'model.deeponet.pool.blocks.1.ln_q.bias', 'model.deeponet.pool.blocks.2.ff.0.weight', 'model.deeponet.pool.blocks.0.ln_q.bias', 'model.deeponet.branch.3.bias', 'model.deeponet.pool.blocks.2.ln_q.bias', 'model.deeponet.pool.blocks.1.ff.0.weight', 'model.deeponet.pool.blocks.0.ff.0.bias', 'model.deeponet.pool.blocks.1.attn.in_proj_bias', 'model.deeponet.pool.blocks.0.ff.2.bias', 'model.deeponet.pool.blocks.1.ff.2.weight', 'model.deeponet.pool.blocks.1.ff.0.bias', 'model.deeponet.trunk.2.bias', 'model.deeponet.pool.blocks.0.ln_kv.weight', 'model.deeponet.pool.blocks.0.ln2.weight'}
Reducing the number of VLM layers to 16 ...
Fetching 4 files:   0%|          | 0/4 [00:00<?, ?it/s]Fetching 4 files: 100%|██████████| 4/4 [00:00<00:00, 4233.46it/s]
Fetching 4 files:   0%|          | 0/4 [00:00<?, ?it/s]Fetching 4 files: 100%|██████████| 4/4 [00:00<00:00, 61455.00it/s]
[train] dataset frames=52042 episodes=428 -> 1 epoch = 1084 steps @ batch 48
[train] planned frames seen = 720000 = 13.83 epochs

=== stage1 | steps=1650 batch=48 trainable: head=10.40M backbone=0.0M ===
[stage1] step    199 | mse=0.6589 L1=0.6402 PH=2.3437 total=0.7057 | VRAM=9.5GB | 0.277s/it
[stage1] step    399 | mse=0.4082 L1=0.5244 PH=1.3163 total=0.4345 | VRAM=9.5GB | 0.277s/it
[stage1] step    599 | mse=0.3093 L1=0.4521 PH=0.9639 total=0.3285 | VRAM=9.5GB | 0.277s/it
[stage1] step    799 | mse=0.2647 L1=0.4134 PH=0.8330 total=0.2814 | VRAM=9.5GB | 0.279s/it
[stage1] step    999 | mse=0.2520 L1=0.3969 PH=0.7846 total=0.2676 | VRAM=9.5GB | 0.278s/it
[stage1] step   1199 | mse=0.2349 L1=0.3836 PH=0.7446 total=0.2498 | VRAM=9.5GB | 0.277s/it
[stage1] step   1399 | mse=0.2247 L1=0.3757 PH=0.7217 total=0.2391 | VRAM=9.5GB | 0.277s/it
[stage1] step   1599 | mse=0.2166 L1=0.3682 PH=0.7077 total=0.2308 | VRAM=9.5GB | 0.278s/it
[ckpt] saved -> ../Goal/runs/m4_s0/checkpoints/1650  (EMA weights)

=== stage2 | steps=13350 batch=48 trainable: head=10.40M backbone=350.2M ===
[stage2] step   1849 | mse=0.2072 L1=0.3600 PH=0.6904 total=0.2210 | VRAM=50.3GB | 0.637s/it
[stage2] step   2049 | mse=0.2002 L1=0.3552 PH=0.6576 total=0.2134 | VRAM=50.3GB | 0.634s/it
[stage2] step   2249 | mse=0.1953 L1=0.3534 PH=0.6644 total=0.2086 | VRAM=50.3GB | 0.636s/it
[stage2] step   2449 | mse=0.1865 L1=0.3448 PH=0.6321 total=0.1991 | VRAM=50.3GB | 0.636s/it
[stage2] step   2649 | mse=0.1783 L1=0.3393 PH=0.6058 total=0.1904 | VRAM=50.3GB | 0.636s/it
[stage2] step   2849 | mse=0.1676 L1=0.3316 PH=0.5867 total=0.1794 | VRAM=50.3GB | 2.535s/it
[stage2] step   3049 | mse=0.1590 L1=0.3244 PH=0.5569 total=0.1701 | VRAM=50.3GB | 0.633s/it
[stage2] step   3249 | mse=0.1521 L1=0.3193 PH=0.5427 total=0.1629 | VRAM=50.3GB | 0.635s/it
[stage2] step   3449 | mse=0.1467 L1=0.3132 PH=0.5330 total=0.1573 | VRAM=50.3GB | 0.635s/it
[stage2] step   3649 | mse=0.1366 L1=0.3050 PH=0.5135 total=0.1469 | VRAM=50.3GB | 0.635s/it
[stage2] step   3849 | mse=0.1270 L1=0.2978 PH=0.4788 total=0.1366 | VRAM=50.3GB | 0.632s/it
[stage2] step   4049 | mse=0.1191 L1=0.2906 PH=0.4494 total=0.1281 | VRAM=50.3GB | 0.635s/it
[stage2] step   4249 | mse=0.1154 L1=0.2855 PH=0.4407 total=0.1243 | VRAM=50.3GB | 0.896s/it
[stage2] step   4449 | mse=0.1107 L1=0.2806 PH=0.4226 total=0.1192 | VRAM=50.3GB | 0.980s/it
[stage2] step   4649 | mse=0.1057 L1=0.2759 PH=0.4164 total=0.1140 | VRAM=50.3GB | 4.626s/it
[stage2] step   4849 | mse=0.1001 L1=0.2709 PH=0.3986 total=0.1081 | VRAM=50.3GB | 4.757s/it
[stage2] step   5049 | mse=0.0946 L1=0.2656 PH=0.3781 total=0.1022 | VRAM=50.3GB | 4.320s/it
[stage2] step   5249 | mse=0.0889 L1=0.2582 PH=0.3640 total=0.0962 | VRAM=50.3GB | 0.635s/it
[stage2] step   5449 | mse=0.0876 L1=0.2556 PH=0.3603 total=0.0948 | VRAM=50.3GB | 0.633s/it
[stage2] step   5649 | mse=0.0852 L1=0.2525 PH=0.3531 total=0.0922 | VRAM=50.3GB | 3.234s/it
[stage2] step   5849 | mse=0.0814 L1=0.2477 PH=0.3441 total=0.0883 | VRAM=50.3GB | 1.795s/it
[stage2] step   6049 | mse=0.0780 L1=0.2425 PH=0.3287 total=0.0846 | VRAM=50.3GB | 0.634s/it
[stage2] step   6249 | mse=0.0734 L1=0.2383 PH=0.3167 total=0.0797 | VRAM=50.3GB | 0.635s/it
[stage2] step   6449 | mse=0.0722 L1=0.2366 PH=0.3109 total=0.0784 | VRAM=50.3GB | 0.635s/it
[stage2] step   6649 | mse=0.0704 L1=0.2329 PH=0.3056 total=0.0765 | VRAM=50.3GB | 0.632s/it
[stage2] step   6849 | mse=0.0694 L1=0.2326 PH=0.3042 total=0.0755 | VRAM=50.3GB | 0.633s/it
[stage2] step   7049 | mse=0.0674 L1=0.2327 PH=0.3067 total=0.0735 | VRAM=50.3GB | 0.634s/it
[stage2] step   7249 | mse=0.0633 L1=0.2245 PH=0.2879 total=0.0690 | VRAM=50.3GB | 4.715s/it
[stage2] step   7449 | mse=0.0625 L1=0.2227 PH=0.2812 total=0.0682 | VRAM=50.3GB | 4.891s/it
[stage2] step   7649 | mse=0.0606 L1=0.2202 PH=0.2816 total=0.0662 | VRAM=50.3GB | 4.386s/it
[stage2] step   7849 | mse=0.0597 L1=0.2199 PH=0.2821 total=0.0654 | VRAM=50.3GB | 4.009s/it
[stage2] step   8049 | mse=0.0590 L1=0.2171 PH=0.2735 total=0.0644 | VRAM=50.3GB | 4.977s/it
[stage2] step   8249 | mse=0.0567 L1=0.2125 PH=0.2628 total=0.0620 | VRAM=50.3GB | 0.632s/it
[stage2] step   8449 | mse=0.0552 L1=0.2098 PH=0.2578 total=0.0604 | VRAM=50.3GB | 0.635s/it
[stage2] step   8649 | mse=0.0545 L1=0.2093 PH=0.2658 total=0.0599 | VRAM=50.3GB | 0.636s/it
[stage2] step   8849 | mse=0.0537 L1=0.2092 PH=0.2594 total=0.0589 | VRAM=50.3GB | 2.583s/it
[stage2] step   9049 | mse=0.0519 L1=0.2071 PH=0.2529 total=0.0570 | VRAM=50.3GB | 0.630s/it
[stage2] step   9249 | mse=0.0520 L1=0.2071 PH=0.2547 total=0.0571 | VRAM=50.3GB | 0.631s/it
[stage2] step   9449 | mse=0.0491 L1=0.2032 PH=0.2483 total=0.0541 | VRAM=50.3GB | 0.634s/it
[stage2] step   9649 | mse=0.0491 L1=0.2013 PH=0.2398 total=0.0539 | VRAM=50.3GB | 0.632s/it
[stage2] step   9849 | mse=0.0485 L1=0.1990 PH=0.2373 total=0.0532 | VRAM=50.3GB | 0.631s/it
[stage2] step  10049 | mse=0.0475 L1=0.1988 PH=0.2442 total=0.0524 | VRAM=50.3GB | 0.633s/it
[stage2] step  10249 | mse=0.0470 L1=0.1950 PH=0.2361 total=0.0517 | VRAM=50.3GB | 0.634s/it
[stage2] step  10449 | mse=0.0460 L1=0.1946 PH=0.2291 total=0.0506 | VRAM=50.3GB | 0.974s/it
[stage2] step  10649 | mse=0.0446 L1=0.1938 PH=0.2303 total=0.0492 | VRAM=50.3GB | 0.633s/it
[stage2] step  10849 | mse=0.0443 L1=0.1928 PH=0.2283 total=0.0488 | VRAM=50.3GB | 0.633s/it
[stage2] step  11049 | mse=0.0439 L1=0.1917 PH=0.2303 total=0.0485 | VRAM=50.3GB | 0.634s/it
[stage2] step  11249 | mse=0.0433 L1=0.1902 PH=0.2272 total=0.0478 | VRAM=50.3GB | 0.633s/it
[stage2] step  11449 | mse=0.0428 L1=0.1897 PH=0.2246 total=0.0473 | VRAM=50.3GB | 0.631s/it
[stage2] step  11649 | mse=0.0415 L1=0.1887 PH=0.2211 total=0.0459 | VRAM=50.3GB | 1.330s/it
[stage2] step  11849 | mse=0.0410 L1=0.1863 PH=0.2170 total=0.0453 | VRAM=50.3GB | 0.636s/it
[stage2] step  12049 | mse=0.0404 L1=0.1849 PH=0.2140 total=0.0447 | VRAM=50.3GB | 0.636s/it
[stage2] step  12249 | mse=0.0409 L1=0.1856 PH=0.2187 total=0.0453 | VRAM=50.3GB | 0.636s/it
[stage2] step  12449 | mse=0.0399 L1=0.1838 PH=0.2138 total=0.0442 | VRAM=50.3GB | 0.634s/it
[stage2] step  12649 | mse=0.0387 L1=0.1813 PH=0.2084 total=0.0429 | VRAM=50.3GB | 0.637s/it
[stage2] step  12849 | mse=0.0383 L1=0.1810 PH=0.2120 total=0.0426 | VRAM=50.3GB | 0.635s/it
[stage2] step  13049 | mse=0.0379 L1=0.1808 PH=0.2109 total=0.0421 | VRAM=50.3GB | 0.635s/it
[stage2] step  13249 | mse=0.0376 L1=0.1805 PH=0.2095 total=0.0418 | VRAM=50.3GB | 0.637s/it
[stage2] step  13449 | mse=0.0376 L1=0.1788 PH=0.2068 total=0.0418 | VRAM=50.3GB | 0.633s/it
[stage2] step  13649 | mse=0.0366 L1=0.1790 PH=0.2023 total=0.0406 | VRAM=50.3GB | 0.631s/it
[stage2] step  13849 | mse=0.0360 L1=0.1765 PH=0.1998 total=0.0400 | VRAM=50.3GB | 0.633s/it
[stage2] step  14049 | mse=0.0351 L1=0.1749 PH=0.2011 total=0.0391 | VRAM=50.3GB | 0.633s/it
[stage2] step  14249 | mse=0.0356 L1=0.1762 PH=0.2014 total=0.0396 | VRAM=50.3GB | 0.634s/it
[stage2] step  14449 | mse=0.0353 L1=0.1752 PH=0.1983 total=0.0393 | VRAM=50.3GB | 0.639s/it
[stage2] step  14649 | mse=0.0350 L1=0.1742 PH=0.2007 total=0.0391 | VRAM=50.3GB | 0.632s/it
[stage2] step  14849 | mse=0.0336 L1=0.1735 PH=0.1948 total=0.0374 | VRAM=50.3GB | 0.634s/it
[ckpt] saved -> ../Goal/runs/m4_s0/checkpoints/15000  (EMA weights)

[train] DONE head=deeponet variant=ph steps=15000 wall=278.0 min -> ../Goal/runs/m4_s0
