[train] num_workers -> 48 (cores=56)
[train] variant=act_deeponet dataset=lerobot/libero_object_image -> act_results_gripfix/Object/runs/act_deeponet
WARNING:lerobot.configs.policies:Device 'None' is not available. Switching to 'cuda'.
/home/user/Desktop/Ayush PH test/ACT/lang_encoder.py:40: UserWarning: enable_nested_tensor is True, but self.use_nested_tensor is False because encoder_layer.norm_first was True
  self.encoder = nn.TransformerEncoder(layer, num_layers=n_layers)
[ramcache] est 105.6 GB for 66984 items (avail 254 GB)
[ramcache] 10000/66984  (178s)
[ramcache] 20000/66984  (331s)
[ramcache] 30000/66984  (483s)
[ramcache] 40000/66984  (636s)
[ramcache] 50000/66984  (789s)
[ramcache] 60000/66984  (941s)
[ramcache] cached 66984 items in 16.8 min
[train] params=61.80M frames=66984 batch=64 steps=30000
[act_deeponet] step    200 | l1=0.4668 total=2.118 phgate=- act=0 | VRAM=6.43GB | 0.073s/it
[act_deeponet] step    400 | l1=0.4113 total=1.155 phgate=- act=0 | VRAM=6.44GB | 0.073s/it
[act_deeponet] step    600 | l1=0.3391 total=0.551 phgate=- act=0 | VRAM=6.44GB | 0.074s/it
[act_deeponet] step    800 | l1=0.3075 total=0.431 phgate=- act=0 | VRAM=6.44GB | 0.072s/it
[act_deeponet] step   1000 | l1=0.2968 total=0.361 phgate=- act=0 | VRAM=6.44GB | 0.071s/it
[act_deeponet] step   1200 | l1=0.2855 total=0.347 phgate=- act=0 | VRAM=6.44GB | 0.075s/it
[act_deeponet] step   1400 | l1=0.2793 total=0.348 phgate=- act=0 | VRAM=6.44GB | 0.083s/it
[act_deeponet] step   1600 | l1=0.2750 total=0.305 phgate=- act=0 | VRAM=6.44GB | 0.078s/it
[act_deeponet] step   1800 | l1=0.2697 total=0.288 phgate=- act=0 | VRAM=6.44GB | 0.075s/it
[act_deeponet] step   2000 | l1=0.2663 total=0.365 phgate=- act=0 | VRAM=6.44GB | 0.074s/it
[act_deeponet] step   2200 | l1=0.2579 total=0.304 phgate=- act=0 | VRAM=6.44GB | 0.083s/it
[act_deeponet] step   2400 | l1=0.2529 total=0.258 phgate=- act=0 | VRAM=6.44GB | 0.082s/it
[act_deeponet] step   2600 | l1=0.2501 total=0.255 phgate=- act=0 | VRAM=6.44GB | 0.083s/it
[act_deeponet] step   2800 | l1=0.2447 total=0.279 phgate=- act=0 | VRAM=6.44GB | 0.082s/it
[act_deeponet] step   3000 | l1=0.2389 total=0.285 phgate=- act=0 | VRAM=6.44GB | 0.080s/it
[act_deeponet] step   3200 | l1=0.2340 total=0.274 phgate=- act=0 | VRAM=6.44GB | 0.079s/it
[act_deeponet] step   3400 | l1=0.2291 total=0.301 phgate=- act=0 | VRAM=6.44GB | 0.083s/it
[act_deeponet] step   3600 | l1=0.2245 total=0.299 phgate=- act=0 | VRAM=6.44GB | 0.077s/it
[act_deeponet] step   3800 | l1=0.2196 total=0.217 phgate=- act=0 | VRAM=6.44GB | 0.084s/it
[act_deeponet] step   4000 | l1=0.2177 total=0.277 phgate=- act=0 | VRAM=6.44GB | 0.080s/it
[act_deeponet] step   4200 | l1=0.2104 total=0.224 phgate=- act=0 | VRAM=6.44GB | 0.074s/it
[act_deeponet] step   4400 | l1=0.2050 total=0.282 phgate=- act=0 | VRAM=6.44GB | 0.081s/it
[act_deeponet] step   4600 | l1=0.2040 total=0.219 phgate=- act=0 | VRAM=6.44GB | 0.084s/it
[act_deeponet] step   4800 | l1=0.1995 total=0.236 phgate=- act=0 | VRAM=6.44GB | 0.083s/it
[act_deeponet] step   5000 | l1=0.1935 total=0.222 phgate=- act=0 | VRAM=6.44GB | 0.083s/it
[act_deeponet] step   5200 | l1=0.1924 total=0.235 phgate=- act=0 | VRAM=6.44GB | 0.074s/it
[act_deeponet] step   5400 | l1=0.1856 total=0.175 phgate=- act=0 | VRAM=6.44GB | 0.084s/it
[act_deeponet] step   5600 | l1=0.1830 total=0.220 phgate=- act=0 | VRAM=6.44GB | 0.074s/it
[act_deeponet] step   5800 | l1=0.1823 total=0.232 phgate=- act=0 | VRAM=6.44GB | 0.081s/it
[act_deeponet] step   6000 | l1=0.1795 total=0.221 phgate=- act=0 | VRAM=6.44GB | 0.083s/it
[act_deeponet] step   6200 | l1=0.1776 total=0.233 phgate=- act=0 | VRAM=6.44GB | 0.082s/it
[act_deeponet] step   6400 | l1=0.1729 total=0.227 phgate=- act=0 | VRAM=6.44GB | 0.084s/it
[act_deeponet] step   6600 | l1=0.1701 total=0.238 phgate=- act=0 | VRAM=6.44GB | 0.081s/it
[act_deeponet] step   6800 | l1=0.1692 total=0.188 phgate=- act=0 | VRAM=6.44GB | 0.078s/it
[act_deeponet] step   7000 | l1=0.1676 total=0.202 phgate=- act=0 | VRAM=6.44GB | 0.083s/it
[act_deeponet] step   7200 | l1=0.1657 total=0.206 phgate=- act=0 | VRAM=6.44GB | 0.082s/it
[act_deeponet] step   7400 | l1=0.1622 total=0.226 phgate=- act=0 | VRAM=6.44GB | 0.086s/it
[act_deeponet] step   7600 | l1=0.1610 total=0.191 phgate=- act=0 | VRAM=6.44GB | 0.081s/it
[act_deeponet] step   7800 | l1=0.1577 total=0.198 phgate=- act=0 | VRAM=6.44GB | 0.083s/it
[act_deeponet] step   8000 | l1=0.1574 total=0.231 phgate=- act=0 | VRAM=6.44GB | 0.084s/it
[act_deeponet] step   8200 | l1=0.1562 total=0.188 phgate=- act=0 | VRAM=6.44GB | 0.073s/it
[act_deeponet] step   8400 | l1=0.1524 total=0.203 phgate=- act=0 | VRAM=6.44GB | 0.084s/it
[act_deeponet] step   8600 | l1=0.1510 total=0.191 phgate=- act=0 | VRAM=6.44GB | 0.083s/it
[act_deeponet] step   8800 | l1=0.1506 total=0.209 phgate=- act=0 | VRAM=6.44GB | 0.086s/it
[act_deeponet] step   9000 | l1=0.1487 total=0.188 phgate=- act=0 | VRAM=6.44GB | 0.082s/it
[act_deeponet] step   9200 | l1=0.1467 total=0.213 phgate=- act=0 | VRAM=6.44GB | 0.084s/it
[act_deeponet] step   9400 | l1=0.1478 total=0.192 phgate=- act=0 | VRAM=6.44GB | 0.074s/it
[act_deeponet] step   9600 | l1=0.1456 total=0.181 phgate=- act=0 | VRAM=6.44GB | 0.083s/it
[act_deeponet] step   9800 | l1=0.1432 total=0.186 phgate=- act=0 | VRAM=6.44GB | 0.082s/it
[act_deeponet] step  10000 | l1=0.1418 total=0.187 phgate=- act=0 | VRAM=6.44GB | 0.087s/it
[act_deeponet] step  10200 | l1=0.1409 total=0.180 phgate=- act=0 | VRAM=6.44GB | 0.077s/it
[act_deeponet] step  10400 | l1=0.1387 total=0.194 phgate=- act=0 | VRAM=6.44GB | 0.078s/it
[act_deeponet] step  10600 | l1=0.1370 total=0.187 phgate=- act=0 | VRAM=6.44GB | 0.076s/it
[act_deeponet] step  10800 | l1=0.1364 total=0.179 phgate=- act=0 | VRAM=6.44GB | 0.083s/it
[act_deeponet] step  11000 | l1=0.1375 total=0.183 phgate=- act=0 | VRAM=6.44GB | 0.081s/it
[act_deeponet] step  11200 | l1=0.1344 total=0.161 phgate=- act=0 | VRAM=6.44GB | 0.083s/it
[act_deeponet] step  11400 | l1=0.1351 total=0.173 phgate=- act=0 | VRAM=6.44GB | 0.074s/it
[act_deeponet] step  11600 | l1=0.1321 total=0.190 phgate=- act=0 | VRAM=6.44GB | 0.083s/it
[act_deeponet] step  11800 | l1=0.1314 total=0.195 phgate=- act=0 | VRAM=6.44GB | 0.078s/it
[act_deeponet] step  12000 | l1=0.1294 total=0.167 phgate=- act=0 | VRAM=6.44GB | 0.082s/it
[act_deeponet] step  12200 | l1=0.1298 total=0.181 phgate=- act=0 | VRAM=6.44GB | 0.079s/it
[act_deeponet] step  12400 | l1=0.1294 total=0.186 phgate=- act=0 | VRAM=6.44GB | 0.083s/it
[act_deeponet] step  12600 | l1=0.1279 total=0.162 phgate=- act=0 | VRAM=6.44GB | 0.086s/it
[act_deeponet] step  12800 | l1=0.1269 total=0.157 phgate=- act=0 | VRAM=6.44GB | 0.080s/it
[act_deeponet] step  13000 | l1=0.1270 total=0.168 phgate=- act=0 | VRAM=6.44GB | 0.081s/it
[act_deeponet] step  13200 | l1=0.1250 total=0.185 phgate=- act=0 | VRAM=6.44GB | 0.084s/it
[act_deeponet] step  13400 | l1=0.1254 total=0.200 phgate=- act=0 | VRAM=6.44GB | 0.080s/it
[act_deeponet] step  13600 | l1=0.1240 total=0.169 phgate=- act=0 | VRAM=6.44GB | 0.215s/it
[act_deeponet] step  13800 | l1=0.1225 total=0.183 phgate=- act=0 | VRAM=6.44GB | 0.079s/it
[act_deeponet] step  14000 | l1=0.1224 total=0.177 phgate=- act=0 | VRAM=6.44GB | 0.076s/it
[act_deeponet] step  14200 | l1=0.1223 total=0.199 phgate=- act=0 | VRAM=6.44GB | 0.079s/it
[act_deeponet] step  14400 | l1=0.1208 total=0.164 phgate=- act=0 | VRAM=6.44GB | 0.079s/it
[act_deeponet] step  14600 | l1=0.1211 total=0.192 phgate=- act=0 | VRAM=6.44GB | 0.074s/it
[act_deeponet] step  14800 | l1=0.1195 total=0.179 phgate=- act=0 | VRAM=6.44GB | 0.081s/it
[act_deeponet] step  15000 | l1=0.1186 total=0.170 phgate=- act=0 | VRAM=6.44GB | 0.080s/it
[act_deeponet] step  15200 | l1=0.1184 total=0.157 phgate=- act=0 | VRAM=6.44GB | 0.082s/it
[act_deeponet] step  15400 | l1=0.1186 total=0.184 phgate=- act=0 | VRAM=6.44GB | 0.081s/it
[act_deeponet] step  15600 | l1=0.1163 total=0.165 phgate=- act=0 | VRAM=6.44GB | 0.078s/it
[act_deeponet] step  15800 | l1=0.1156 total=0.177 phgate=- act=0 | VRAM=6.44GB | 0.084s/it
[act_deeponet] step  16000 | l1=0.1152 total=0.178 phgate=- act=0 | VRAM=6.44GB | 0.084s/it
[act_deeponet] step  16200 | l1=0.1157 total=0.160 phgate=- act=0 | VRAM=6.44GB | 0.079s/it
[act_deeponet] step  16400 | l1=0.1159 total=0.191 phgate=- act=0 | VRAM=6.44GB | 0.085s/it
[act_deeponet] step  16600 | l1=0.1139 total=0.166 phgate=- act=0 | VRAM=6.44GB | 0.079s/it
[act_deeponet] step  16800 | l1=0.1133 total=0.176 phgate=- act=0 | VRAM=6.44GB | 0.085s/it
[act_deeponet] step  17000 | l1=0.1129 total=0.168 phgate=- act=0 | VRAM=6.44GB | 0.081s/it
[act_deeponet] step  17200 | l1=0.1128 total=0.198 phgate=- act=0 | VRAM=6.44GB | 0.085s/it
[act_deeponet] step  17400 | l1=0.1118 total=0.162 phgate=- act=0 | VRAM=6.44GB | 0.080s/it
[act_deeponet] step  17600 | l1=0.1116 total=0.176 phgate=- act=0 | VRAM=6.44GB | 0.076s/it
[act_deeponet] step  17800 | l1=0.1109 total=0.173 phgate=- act=0 | VRAM=6.44GB | 0.093s/it
[act_deeponet] step  18000 | l1=0.1098 total=0.183 phgate=- act=0 | VRAM=6.44GB | 0.083s/it
[act_deeponet] step  18200 | l1=0.1097 total=0.165 phgate=- act=0 | VRAM=6.44GB | 0.084s/it
[act_deeponet] step  18400 | l1=0.1098 total=0.185 phgate=- act=0 | VRAM=6.44GB | 0.080s/it
[act_deeponet] step  18600 | l1=0.1089 total=0.150 phgate=- act=0 | VRAM=6.44GB | 0.083s/it
[act_deeponet] step  18800 | l1=0.1076 total=0.166 phgate=- act=0 | VRAM=6.44GB | 0.074s/it
[act_deeponet] step  19000 | l1=0.1077 total=0.167 phgate=- act=0 | VRAM=6.44GB | 0.081s/it
[act_deeponet] step  19200 | l1=0.1072 total=0.168 phgate=- act=0 | VRAM=6.44GB | 0.082s/it
[act_deeponet] step  19400 | l1=0.1073 total=0.158 phgate=- act=0 | VRAM=6.44GB | 0.081s/it
[act_deeponet] step  19600 | l1=0.1069 total=0.165 phgate=- act=0 | VRAM=6.44GB | 0.080s/it
[act_deeponet] step  19800 | l1=0.1069 total=0.157 phgate=- act=0 | VRAM=6.44GB | 0.081s/it
[act_deeponet] step  20000 | l1=0.1045 total=0.179 phgate=- act=0 | VRAM=6.44GB | 0.080s/it
[act_deeponet] step  20200 | l1=0.1049 total=0.181 phgate=- act=0 | VRAM=6.44GB | 0.085s/it
[act_deeponet] step  20400 | l1=0.1045 total=0.157 phgate=- act=0 | VRAM=6.44GB | 0.083s/it
[act_deeponet] step  20600 | l1=0.1054 total=0.136 phgate=- act=0 | VRAM=6.44GB | 0.076s/it
[act_deeponet] step  20800 | l1=0.1041 total=0.124 phgate=- act=0 | VRAM=6.44GB | 0.086s/it
[act_deeponet] step  21000 | l1=0.1035 total=0.159 phgate=- act=0 | VRAM=6.44GB | 0.077s/it
[act_deeponet] step  21200 | l1=0.1026 total=0.188 phgate=- act=0 | VRAM=6.44GB | 0.076s/it
[act_deeponet] step  21400 | l1=0.1023 total=0.181 phgate=- act=0 | VRAM=6.44GB | 0.075s/it
[act_deeponet] step  21600 | l1=0.1025 total=0.160 phgate=- act=0 | VRAM=6.44GB | 0.080s/it
[act_deeponet] step  21800 | l1=0.1019 total=0.146 phgate=- act=0 | VRAM=6.44GB | 0.081s/it
[act_deeponet] step  22000 | l1=0.1021 total=0.189 phgate=- act=0 | VRAM=6.44GB | 0.081s/it
[act_deeponet] step  22200 | l1=0.1014 total=0.176 phgate=- act=0 | VRAM=6.44GB | 0.085s/it
[act_deeponet] step  22400 | l1=0.1010 total=0.173 phgate=- act=0 | VRAM=6.44GB | 0.084s/it
[act_deeponet] step  22600 | l1=0.1000 total=0.178 phgate=- act=0 | VRAM=6.44GB | 0.082s/it
[act_deeponet] step  22800 | l1=0.0997 total=0.155 phgate=- act=0 | VRAM=6.44GB | 0.082s/it
[act_deeponet] step  23000 | l1=0.1003 total=0.177 phgate=- act=0 | VRAM=6.44GB | 0.074s/it
[act_deeponet] step  23200 | l1=0.0991 total=0.155 phgate=- act=0 | VRAM=6.44GB | 0.083s/it
[act_deeponet] step  23400 | l1=0.0989 total=0.142 phgate=- act=0 | VRAM=6.44GB | 0.074s/it
[act_deeponet] step  23600 | l1=0.0985 total=0.157 phgate=- act=0 | VRAM=6.44GB | 0.081s/it
[act_deeponet] step  23800 | l1=0.0984 total=0.171 phgate=- act=0 | VRAM=6.44GB | 0.081s/it
[act_deeponet] step  24000 | l1=0.0982 total=0.154 phgate=- act=0 | VRAM=6.44GB | 0.082s/it
[act_deeponet] step  24200 | l1=0.0976 total=0.153 phgate=- act=0 | VRAM=6.44GB | 0.079s/it
[act_deeponet] step  24400 | l1=0.0972 total=0.184 phgate=- act=0 | VRAM=6.44GB | 0.082s/it
[act_deeponet] step  24600 | l1=0.0972 total=0.178 phgate=- act=0 | VRAM=6.44GB | 0.082s/it
[act_deeponet] step  24800 | l1=0.0977 total=0.096 phgate=- act=0 | VRAM=6.44GB | 0.084s/it
[act_deeponet] step  25000 | l1=0.0960 total=0.170 phgate=- act=0 | VRAM=6.44GB | 0.081s/it
[act_deeponet] step  25200 | l1=0.0965 total=0.141 phgate=- act=0 | VRAM=6.44GB | 0.083s/it
[act_deeponet] step  25400 | l1=0.0957 total=0.147 phgate=- act=0 | VRAM=6.44GB | 0.079s/it
[act_deeponet] step  25600 | l1=0.0958 total=0.174 phgate=- act=0 | VRAM=6.44GB | 0.076s/it
[act_deeponet] step  25800 | l1=0.0960 total=0.157 phgate=- act=0 | VRAM=6.44GB | 0.078s/it
[act_deeponet] step  26000 | l1=0.0948 total=0.120 phgate=- act=0 | VRAM=6.44GB | 0.084s/it
[act_deeponet] step  26200 | l1=0.0950 total=0.117 phgate=- act=0 | VRAM=6.44GB | 0.078s/it
[act_deeponet] step  26400 | l1=0.0938 total=0.169 phgate=- act=0 | VRAM=6.44GB | 0.084s/it
[act_deeponet] step  26600 | l1=0.0947 total=0.124 phgate=- act=0 | VRAM=6.44GB | 0.084s/it
[act_deeponet] step  26800 | l1=0.0935 total=0.168 phgate=- act=0 | VRAM=6.44GB | 0.081s/it
[act_deeponet] step  27000 | l1=0.0932 total=0.123 phgate=- act=0 | VRAM=6.44GB | 0.084s/it
[act_deeponet] step  27200 | l1=0.0936 total=0.164 phgate=- act=0 | VRAM=6.44GB | 0.086s/it
[act_deeponet] step  27400 | l1=0.0927 total=0.133 phgate=- act=0 | VRAM=6.44GB | 0.082s/it
[act_deeponet] step  27600 | l1=0.0932 total=0.160 phgate=- act=0 | VRAM=6.44GB | 0.082s/it
[act_deeponet] step  27800 | l1=0.0924 total=0.137 phgate=- act=0 | VRAM=6.44GB | 0.081s/it
[act_deeponet] step  28000 | l1=0.0921 total=0.165 phgate=- act=0 | VRAM=6.44GB | 0.081s/it
[act_deeponet] step  28200 | l1=0.0927 total=0.190 phgate=- act=0 | VRAM=6.44GB | 0.073s/it
[act_deeponet] step  28400 | l1=0.0916 total=0.113 phgate=- act=0 | VRAM=6.44GB | 0.083s/it
[act_deeponet] step  28600 | l1=0.0917 total=0.128 phgate=- act=0 | VRAM=6.44GB | 0.085s/it
[act_deeponet] step  28800 | l1=0.0909 total=0.138 phgate=- act=0 | VRAM=6.44GB | 0.083s/it
[act_deeponet] step  29000 | l1=0.0909 total=0.172 phgate=- act=0 | VRAM=6.44GB | 0.084s/it
[act_deeponet] step  29200 | l1=0.0912 total=0.157 phgate=- act=0 | VRAM=6.44GB | 0.076s/it
[act_deeponet] step  29400 | l1=0.0907 total=0.097 phgate=- act=0 | VRAM=6.44GB | 0.081s/it
[act_deeponet] step  29600 | l1=0.0901 total=0.140 phgate=- act=0 | VRAM=6.44GB | 0.080s/it
[act_deeponet] step  29800 | l1=0.0905 total=0.134 phgate=- act=0 | VRAM=6.44GB | 0.083s/it
[act_deeponet] step  30000 | l1=0.0896 total=0.164 phgate=- act=0 | VRAM=6.44GB | 0.082s/it
[ckpt] saved -> act_results_gripfix/Object/runs/act_deeponet/checkpoints/30000 (EMA weights)
[train] DONE act_deeponet steps=30000 wall=41.0min -> act_results_gripfix/Object/runs/act_deeponet
